Archive member included to satisfy reference by file (symbol)

C:/Program Files (x86)/Arm GNU Toolchain arm-none-eabi/13.3 rel1/bin/../lib/gcc/arm-none-eabi/13.3.1/thumb/v8-m.main+fp/hard\libg_nano.a(libc_a-exit.o)
                              C:/Program Files (x86)/Arm GNU Toolchain arm-none-eabi/13.3 rel1/bin/../lib/gcc/arm-none-eabi/13.3.1/thumb/v8-m.main+fp/hard/crt0.o (exit)
C:/Program Files (x86)/Arm GNU Toolchain arm-none-eabi/13.3 rel1/bin/../lib/gcc/arm-none-eabi/13.3.1/thumb/v8-m.main+fp/hard\libg_nano.a(libc_a-findfp.o)
                              C:/Program Files (x86)/Arm GNU Toolchain arm-none-eabi/13.3 rel1/bin/../lib/gcc/arm-none-eabi/13.3.1/thumb/v8-m.main+fp/hard\libg_nano.a(libc_a-exit.o) (__stdio_exit_handler)
C:/Program Files (x86)/Arm GNU Toolchain arm-none-eabi/13.3 rel1/bin/../lib/gcc/arm-none-eabi/13.3.1/thumb/v8-m.main+fp/hard\libg_nano.a(libc_a-fwalk.o)
                              C:/Program Files (x86)/Arm GNU Toolchain arm-none-eabi/13.3 rel1/bin/../lib/gcc/arm-none-eabi/13.3.1/thumb/v8-m.main+fp/hard\libg_nano.a(libc_a-findfp.o) (_fwalk_sglue)
C:/Program Files (x86)/Arm GNU Toolchain arm-none-eabi/13.3 rel1/bin/../lib/gcc/arm-none-eabi/13.3.1/thumb/v8-m.main+fp/hard\libg_nano.a(libc_a-stdio.o)
                              C:/Program Files (x86)/Arm GNU Toolchain arm-none-eabi/13.3 rel1/bin/../lib/gcc/arm-none-eabi/13.3.1/thumb/v8-m.main+fp/hard\libg_nano.a(libc_a-findfp.o) (__sread)
C:/Program Files (x86)/Arm GNU Toolchain arm-none-eabi/13.3 rel1/bin/../lib/gcc/arm-none-eabi/13.3.1/thumb/v8-m.main+fp/hard\libg_nano.a(libc_a-memset.o)
                              C:/Program Files (x86)/Arm GNU Toolchain arm-none-eabi/13.3 rel1/bin/../lib/gcc/arm-none-eabi/13.3.1/thumb/v8-m.main+fp/hard/crt0.o (memset)
C:/Program Files (x86)/Arm GNU Toolchain arm-none-eabi/13.3 rel1/bin/../lib/gcc/arm-none-eabi/13.3.1/thumb/v8-m.main+fp/hard\libg_nano.a(libc_a-closer.o)
                              C:/Program Files (x86)/Arm GNU Toolchain arm-none-eabi/13.3 rel1/bin/../lib/gcc/arm-none-eabi/13.3.1/thumb/v8-m.main+fp/hard\libg_nano.a(libc_a-stdio.o) (_close_r)
C:/Program Files (x86)/Arm GNU Toolchain arm-none-eabi/13.3 rel1/bin/../lib/gcc/arm-none-eabi/13.3.1/thumb/v8-m.main+fp/hard\libg_nano.a(libc_a-reent.o)
                              C:/Program Files (x86)/Arm GNU Toolchain arm-none-eabi/13.3 rel1/bin/../lib/gcc/arm-none-eabi/13.3.1/thumb/v8-m.main+fp/hard\libg_nano.a(libc_a-closer.o) (errno)
C:/Program Files (x86)/Arm GNU Toolchain arm-none-eabi/13.3 rel1/bin/../lib/gcc/arm-none-eabi/13.3.1/thumb/v8-m.main+fp/hard\libg_nano.a(libc_a-impure.o)
                              C:/Program Files (x86)/Arm GNU Toolchain arm-none-eabi/13.3 rel1/bin/../lib/gcc/arm-none-eabi/13.3.1/thumb/v8-m.main+fp/hard\libg_nano.a(libc_a-reent.o) (_impure_ptr)
C:/Program Files (x86)/Arm GNU Toolchain arm-none-eabi/13.3 rel1/bin/../lib/gcc/arm-none-eabi/13.3.1/thumb/v8-m.main+fp/hard\libg_nano.a(libc_a-lseekr.o)
                              C:/Program Files (x86)/Arm GNU Toolchain arm-none-eabi/13.3 rel1/bin/../lib/gcc/arm-none-eabi/13.3.1/thumb/v8-m.main+fp/hard\libg_nano.a(libc_a-stdio.o) (_lseek_r)
C:/Program Files (x86)/Arm GNU Toolchain arm-none-eabi/13.3 rel1/bin/../lib/gcc/arm-none-eabi/13.3.1/thumb/v8-m.main+fp/hard\libg_nano.a(libc_a-readr.o)
                              C:/Program Files (x86)/Arm GNU Toolchain arm-none-eabi/13.3 rel1/bin/../lib/gcc/arm-none-eabi/13.3.1/thumb/v8-m.main+fp/hard\libg_nano.a(libc_a-stdio.o) (_read_r)
C:/Program Files (x86)/Arm GNU Toolchain arm-none-eabi/13.3 rel1/bin/../lib/gcc/arm-none-eabi/13.3.1/thumb/v8-m.main+fp/hard\libg_nano.a(libc_a-writer.o)
                              C:/Program Files (x86)/Arm GNU Toolchain arm-none-eabi/13.3 rel1/bin/../lib/gcc/arm-none-eabi/13.3.1/thumb/v8-m.main+fp/hard\libg_nano.a(libc_a-stdio.o) (_write_r)
C:/Program Files (x86)/Arm GNU Toolchain arm-none-eabi/13.3 rel1/bin/../lib/gcc/arm-none-eabi/13.3.1/thumb/v8-m.main+fp/hard\libg_nano.a(libc_a-errno.o)
                              ./ra/fsp/src/bsp/mcu/all/bsp_sbrk.o (__errno)
C:/Program Files (x86)/Arm GNU Toolchain arm-none-eabi/13.3 rel1/bin/../lib/gcc/arm-none-eabi/13.3.1/thumb/v8-m.main+fp/hard\libg_nano.a(libc_a-init.o)
                              C:/Program Files (x86)/Arm GNU Toolchain arm-none-eabi/13.3 rel1/bin/../lib/gcc/arm-none-eabi/13.3.1/thumb/v8-m.main+fp/hard/crt0.o (__libc_init_array)
C:/Program Files (x86)/Arm GNU Toolchain arm-none-eabi/13.3 rel1/bin/../lib/gcc/arm-none-eabi/13.3.1/thumb/v8-m.main+fp/hard\libg_nano.a(libc_a-lock.o)
                              C:/Program Files (x86)/Arm GNU Toolchain arm-none-eabi/13.3 rel1/bin/../lib/gcc/arm-none-eabi/13.3.1/thumb/v8-m.main+fp/hard\libg_nano.a(libc_a-findfp.o) (__retarget_lock_init_recursive)
C:/Program Files (x86)/Arm GNU Toolchain arm-none-eabi/13.3 rel1/bin/../lib/gcc/arm-none-eabi/13.3.1/thumb/v8-m.main+fp/hard\libg_nano.a(libc_a-memcpy-stub.o)
[...]
Memory Configuration

Name             Origin             Length             Attributes
RAM              0x20000000         0x0000a000         xrw
FLASH            0x00000000         0x00040000         xr
DATA_FLASH       0x08000000         0x00001000         xr
QSPI_FLASH       0x60000000         0x04000000         xr
OPTION_SETTING_OFS0 0x0100a100         0x00000004         r
OPTION_SETTING_OSIS 0x0100a120         0x00000010         r
OPTION_SETTING_OFS1_SEC 0x0100a200         0x00000004         r
OPTION_SETTING_BPS_SEC 0x0100a240         0x00000004         r
OPTION_SETTING_PBPS_SEC 0x0100a260         0x00000004         r
*default*        0x00000000         0xffffffff

Linker script and memory map

LOAD C:/Program Files (x86)/Arm GNU Toolchain arm-none-eabi/13.3 rel1/bin/../lib/gcc/arm-none-eabi/13.3.1/thumb/v8-m.main+fp/hard/crti.o
LOAD C:/Program Files (x86)/Arm GNU Toolchain arm-none-eabi/13.3 rel1/bin/../lib/gcc/arm-none-eabi/13.3.1/thumb/v8-m.main+fp/hard/crtbegin.o
LOAD C:/Program Files (x86)/Arm GNU Toolchain arm-none-eabi/13.3 rel1/bin/../lib/gcc/arm-none-eabi/13.3.1/thumb/v8-m.main+fp/hard/crt0.o
START GROUP
LOAD ./src/agtpwm.o
LOAD ./src/hal_entry.o
LOAD ./src/hal_warmstart.o
LOAD ./src/user.o
LOAD ./ra_gen/common_data.o
LOAD ./ra_gen/hal_data.o
LOAD ./ra_gen/main.o
LOAD ./ra_gen/pin_data.o
LOAD ./ra_gen/vector_data.o
LOAD ./ra/fsp/src/r_ioport/r_ioport.o
LOAD ./ra/fsp/src/r_agt/r_agt.o
LOAD ./ra/fsp/src/bsp/mcu/ra6e2/bsp_linker.o
LOAD ./ra/fsp/src/bsp/mcu/all/bsp_clocks.o
LOAD ./ra/fsp/src/bsp/mcu/all/bsp_common.o
LOAD ./ra/fsp/src/bsp/mcu/all/bsp_delay.o
LOAD ./ra/fsp/src/bsp/mcu/all/bsp_group_irq.o
LOAD ./ra/fsp/src/bsp/mcu/all/bsp_guard.o
LOAD ./ra/fsp/src/bsp/mcu/all/bsp_io.o
LOAD ./ra/fsp/src/bsp/mcu/all/bsp_ipc.o
LOAD ./ra/fsp/src/bsp/mcu/all/bsp_irq.o
LOAD ./ra/fsp/src/bsp/mcu/all/bsp_macl.o
LOAD ./ra/fsp/src/bsp/mcu/all/bsp_register_protection.o
LOAD ./ra/fsp/src/bsp/mcu/all/bsp_sbrk.o
LOAD ./ra/fsp/src/bsp/mcu/all/bsp_sdram.o
LOAD ./ra/fsp/src/bsp/mcu/all/bsp_security.o
LOAD ./ra/fsp/src/bsp/cmsis/Device/RENESAS/Source/startup.o
LOAD ./ra/fsp/src/bsp/cmsis/Device/RENESAS/Source/system.o
END GROUP
START GROUP
LOAD C:/Program Files (x86)/Arm GNU Toolchain arm-none-eabi/13.3 rel1/bin/../lib/gcc/arm-none-eabi/13.3.1/thumb/v8-m.main+fp/hard\libgcc.a
LOAD C:/Program Files (x86)/Arm GNU Toolchain arm-none-eabi/13.3 rel1/bin/../lib/gcc/arm-none-eabi/13.3.1/thumb/v8-m.main+fp/hard\libg_nano.a
LOAD C:/Program Files (x86)/Arm GNU Toolchain arm-none-eabi/13.3 rel1/bin/../lib/gcc/arm-none-eabi/13.3.1/thumb/v8-m.main+fp/hard\libc_nano.a
END GROUP
START GROUP
LOAD C:/Program Files (x86)/Arm GNU Toolchain arm-none-eabi/13.3 rel1/bin/../lib/gcc/arm-none-eabi/13.3.1/thumb/v8-m.main+fp/hard\libgcc.a
LOAD C:/Program Files (x86)/Arm GNU Toolchain arm-none-eabi/13.3 rel1/bin/../lib/gcc/arm-none-eabi/13.3.1/thumb/v8-m.main+fp/hard\libc_nano.a
END GROUP
LOAD C:/Program Files (x86)/Arm GNU Toolchain arm-none-eabi/13.3 rel1/bin/../lib/gcc/arm-none-eabi/13.3.1/thumb/v8-m.main+fp/hard/crtend.o
LOAD C:/Program Files (x86)/Arm GNU Toolchain arm-none-eabi/13.3 rel1/bin/../lib/gcc/arm-none-eabi/13.3.1/thumb/v8-m.main+fp/hard/crtn.o
                0x20000000                        RAM_START = 0x20000000
                0x0000a000                        RAM_LENGTH = 0xa000
                0x00000000                        FLASH_START = 0x0
                0x00040000                        FLASH_LENGTH = 0x40000
                0x08000000                        DATA_FLASH_START = 0x8000000
                0x00001000                        DATA_FLASH_LENGTH = 0x1000
                0x60000000                        QSPI_FLASH_START = 0x60000000
                0x04000000                        QSPI_FLASH_LENGTH = 0x4000000
                0x0100a100                        OPTION_SETTING_OFS0_START = 0x100a100
                0x00000004                        OPTION_SETTING_OFS0_LENGTH = 0x4
                0x0100a120                        OPTION_SETTING_OSIS_START = 0x100a120
                0x00000010                        OPTION_SETTING_OSIS_LENGTH = 0x10
                0x0100a200                        OPTION_SETTING_OFS1_SEC_START = 0x100a200
                0x00000004                        OPTION_SETTING_OFS1_SEC_LENGTH = 0x4
                0x0100a240                        OPTION_SETTING_BPS_SEC_START = 0x100a240
                0x00000004                        OPTION_SETTING_BPS_SEC_LENGTH = 0x4
                0x0100a260                        OPTION_SETTING_PBPS_SEC_START = 0x100a260
                0x00000004                        OPTION_SETTING_PBPS_SEC_LENGTH = 0x4
START GROUP
LOAD C:/Program Files (x86)/Arm GNU Toolchain arm-none-eabi/13.3 rel1/bin/../lib/gcc/arm-none-eabi/13.3.1/thumb/v8-m.main+fp/hard\libgcc.a
LOAD C:/Program Files (x86)/Arm GNU Toolchain arm-none-eabi/13.3 rel1/bin/../lib/gcc/arm-none-eabi/13.3.1/thumb/v8-m.main+fp/hard\libc.a
LOAD C:/Program Files (x86)/Arm GNU Toolchain arm-none-eabi/13.3 rel1/bin/../lib/gcc/arm-none-eabi/13.3.1/thumb/v8-m.main+fp/hard\libm.a
END GROUP

.qspi_flash.startof
                0x60000000        0x0
                0x60000000                        __ddsc_QSPI_FLASH_START = .

.ram.startof    0x20000000        0x0
                0x20000000                        __ddsc_RAM_START = .

__ram_dtc_vector$$
                0x20000000        0x0
                0x20000000                        __ram_dtc_vector$$Base = .
 *(.fsp_dtc_vector_table)
                0x20000000                        __ram_dtc_vector$$Limit = .

__ram_from_qspi_flash$$
                0x20000000        0x0 load address 0x60000000
                0x20000000                        __ram_from_qspi_flash$$Base = .
                0x60000000                        __ram_from_qspi_flash$$Load = LOADADDR (__ram_from_qspi_flash$$)
 *(.ram_from_qspi_flash)
 *(.ram_code_from_qspi_flash)
                0x20000000                        __ram_from_qspi_flash$$Limit = .

__qspi_flash_readonly$$
                0x60000000        0x0
                0x60000000                        __qspi_flash_readonly$$Base = .
 *(.qspi_flash)
 *(.qspi_flash_code)
                0x60000000                        __qspi_flash_readonly$$Limit = .

__qspi_flash_noinit$$
                0x60000000        0x0
                0x60000000                        __qspi_flash_noinit$$Base = .
 *(.qspi_flash_noinit)
                0x60000000                        __qspi_flash_noinit$$Limit = .

.qspi_flash.endof
                0x60000000        0x0
                0x60000000                        __ddsc_QSPI_FLASH_END = .

.data_flash.startof
                0x08000000        0x0
                0x08000000                        __ddsc_DATA_FLASH_START = .

__ram_from_data_flash$$
                0x20000000        0x0 load address 0x08000000
                0x20000000                        __ram_from_data_flash$$Base = .
                0x08000000                        __ram_from_data_flash$$Load = LOADADDR (__ram_from_data_flash$$)
 *(.ram_from_data_flash)
 *(.ram_code_from_data_flash)
                0x20000000                        __ram_from_data_flash$$Limit = .

__data_flash_readonly$$
                0x08000000        0x0
                0x08000000                        __data_flash_readonly$$Base = .
 *(.data_flash)
 *(.data_flash_code)
                0x08000000                        __data_flash_readonly$$Limit = .

__data_flash_noinit$$
                0x08000000        0x0
                0x08000000                        __data_flash_noinit$$Base = .
 *(.data_flash_noinit)
                0x08000000                        __data_flash_noinit$$Limit = .

.data_flash.endof
                0x08000000        0x0
                0x08000000                        __ddsc_DATA_FLASH_END = .

.flash.startof  0x00000000        0x0
                0x00000000                        __ddsc_FLASH_START = .

__flash_vectors$$
                0x00000000       0x40
                0x00000000                        __flash_vectors$$Base = .
                0x00000000                        _VECTORS = .
 *(.fixed_vectors)
 .fixed_vectors
                0x00000000       0x40 ./ra/fsp/src/bsp/cmsis/Device/RENESAS/Source/startup.o
                0x00000000                __Vectors
 *(.application_vectors)
                0x00000040                        __flash_vectors$$Limit = .

__flash_noinit$$
                0x00000040        0x0
                0x00000040                        __flash_noinit$$Base = .
 *(.flash_noinit)
                0x00000040                        __flash_noinit$$Limit = .

__ram_from_flash$$
                0x20000000        0x0 load address 0x00000040
                0x20000000                        __ram_from_flash$$Base = .
                0x00000040                        __ram_from_flash$$Load = LOADADDR (__ram_from_flash$$)
 *(.ram_from_flash)
 *(.ram_code_from_flash)
 *(.data*)
 *(vtable)
                0x20000000                        __ram_from_flash$$Limit = .

__ram_noinit_nocache$$
                0x20000000        0x0 load address 0x00000040
                0x20000000                        __ram_noinit_nocache$$Base = .
 *(.ram_noinit_nocache)
                0x20000000                        __ram_noinit_nocache$$Limit = .

__ram_zero_nocache$$
                0x20000000        0x0 load address 0x00000040
                0x20000000                        __ram_zero_nocache$$Base = .
 *(.ram_nocache)
                0x20000000                        . = ALIGN (0x20)
                0x20000000                        __ram_zero_nocache$$Limit = .

__ram_noinit$$  0x20000000      0x418 load address 0x00000040
                0x20000000                        __ram_noinit$$Base = .
 *(.bss.g_heap)
 *(.bss.g_main_stack)
 .bss.g_main_stack
                0x20000000      0x400 ./ra/fsp/src/bsp/cmsis/Device/RENESAS/Source/startup.o
                0x20000000                g_main_stack
 *(.ram_noinit)
 .ram_noinit    0x20000400       0x18 ./ra/fsp/src/bsp/mcu/all/bsp_clocks.o
 *(.noinit)
                0x20000418                        __ram_noinit$$Limit = .

__ram_zero$$    0x20000418       0xa4 load address 0x00000040
                0x20000418                        __ram_zero$$Base = .
 *(.ram)
 *(.bss*)
 .bss.completed.1
                0x20000418        0x1 C:/Program Files (x86)/Arm GNU Toolchain arm-none-eabi/13.3 rel1/bin/../lib/gcc/arm-none-eabi/13.3.1/thumb/v8-m.main+fp/hard/crtbegin.o
 *fill*         0x20000419        0x3 
 .bss.object.0  0x2000041c       0x18 C:/Program Files (x86)/Arm GNU Toolchain arm-none-eabi/13.3 rel1/bin/../lib/gcc/arm-none-eabi/13.3.1/thumb/v8-m.main+fp/hard/crtbegin.o
 .bss.g_ioport_ctrl
                0x20000434        0x8 ./ra_gen/common_data.o
                0x20000434                g_ioport_ctrl
 .bss.g_timer0_ctrl
                0x2000043c       0x20 ./ra_gen/hal_data.o
                0x2000043c                g_timer0_ctrl
 .bss.gp_prv_agt_periods
                0x2000045c        0x8 ./ra/fsp/src/r_agt/r_agt.o
 .bss.g_bsp_group_irq_sources
                0x20000464       0x40 ./ra/fsp/src/bsp/mcu/all/bsp_group_irq.o
                0x20000464                g_bsp_group_irq_sources
 .bss.g_protect_pfswe_counter
                0x200004a4        0x4 ./ra/fsp/src/bsp/mcu/all/bsp_io.o
                0x200004a4                g_protect_pfswe_counter
 .bss.gp_renesas_isr_context
                0x200004a8        0x4 ./ra/fsp/src/bsp/mcu/all/bsp_irq.o
                0x200004a8                gp_renesas_isr_context
 .bss.g_protect_counters
                0x200004ac        0xa ./ra/fsp/src/bsp/mcu/all/bsp_register_protection.o
                0x200004ac                g_protect_counters
 *fill*         0x200004b6        0x2 
 .bss.SystemCoreClock
                0x200004b8        0x4 ./ra/fsp/src/bsp/cmsis/Device/RENESAS/Source/system.o
                0x200004b8                SystemCoreClock
                0x200004bc                        __ram_zero$$Limit = .

__ram_thread_stack$$
                0x200004c0        0x0 load address 0x00000040
                0x200004c0                        __ram_thread_stack$$Base = .
 *(.stack?*)
                0x200004c0                        __ram_thread_stack$$Limit = .

.ram.endof      0x20002000        0x0
                0x20002000                        __ddsc_RAM_END = .

.ram.flat_nsc   0x20002000        0x0
                0x20002000                        __ddsc_RAM_NSC = .

__flash_readonly$$
                0x00000040      0xd54
                0x00000040                        __flash_readonly$$Base = .
 *(.flash)
 *(.flash_code)
 *(.text*)
 .text.deregister_tm_clones
                0x00000040       0x1c C:/Program Files (x86)/Arm GNU Toolchain arm-none-eabi/13.3 rel1/bin/../lib/gcc/arm-none-eabi/13.3.1/thumb/v8-m.main+fp/hard/crtbegin.o
 .text.register_tm_clones
                0x0000005c       0x28 C:/Program Files (x86)/Arm GNU Toolchain arm-none-eabi/13.3 rel1/bin/../lib/gcc/arm-none-eabi/13.3.1/thumb/v8-m.main+fp/hard/crtbegin.o
 .text.__do_global_dtors_aux
                0x00000084       0x28 C:/Program Files (x86)/Arm GNU Toolchain arm-none-eabi/13.3 rel1/bin/../lib/gcc/arm-none-eabi/13.3.1/thumb/v8-m.main+fp/hard/crtbegin.o
 .text.frame_dummy
                0x000000ac       0x24 C:/Program Files (x86)/Arm GNU Toolchain arm-none-eabi/13.3 rel1/bin/../lib/gcc/arm-none-eabi/13.3.1/thumb/v8-m.main+fp/hard/crtbegin.o
 .text.pwm_init
                0x000000d0       0x20 ./src/agtpwm.o
                0x000000d0                pwm_init
 .text.set_pwm_cycle
                0x000000f0       0x7c ./src/agtpwm.o
                0x000000f0                set_pwm_cycle
 .text.hal_entry
                0x0000016c        0x4 ./src/hal_entry.o
                0x0000016c                hal_entry
 .text.R_BSP_WarmStart
                0x00000170       0x18 ./src/hal_warmstart.o
                0x00000170                R_BSP_WarmStart
 .text.bsp_run  0x00000188       0x24 ./src/user.o
                0x00000188                bsp_run
 .text.startup.main
                0x000001ac        0xc ./ra_gen/main.o
                0x000001ac                main
 .text.bsp_vbatt_init
                0x000001b8       0x8c ./ra/fsp/src/r_ioport/r_ioport.o
 .text.r_ioport_pins_config
                0x00000244       0xac ./ra/fsp/src/r_ioport/r_ioport.o
 .text.R_IOPORT_Open
                0x000002f0       0x14 ./ra/fsp/src/r_ioport/r_ioport.o
                0x000002f0                R_IOPORT_Open
 .text.R_AGT_DutyCycleSet
                0x00000304       0x44 ./ra/fsp/src/r_agt/r_agt.o
                0x00000304                R_AGT_DutyCycleSet
 .text.r_agt_period_register_set
                0x00000348       0x64 ./ra/fsp/src/r_agt/r_agt.o
 .text.R_AGT_Start
                0x000003ac       0x68 ./ra/fsp/src/r_agt/r_agt.o
                0x000003ac                R_AGT_Start
 .text.R_AGT_Open
                0x00000414      0x214 ./ra/fsp/src/r_agt/r_agt.o
                0x00000414                R_AGT_Open
 .text.R_AGT_InfoGet
                0x00000628      0x118 ./ra/fsp/src/r_agt/r_agt.o
                0x00000628                R_AGT_InfoGet
 .text.SystemCoreClockUpdate
                0x00000740       0x28 ./ra/fsp/src/bsp/mcu/all/bsp_clocks.o
                0x00000740                SystemCoreClockUpdate
 .text.R_BSP_SubClockStabilizeWaitAfterReset
                0x00000768        0x4 ./ra/fsp/src/bsp/mcu/all/bsp_clocks.o
                0x00000768                R_BSP_SubClockStabilizeWaitAfterReset
 .text.bsp_clock_init
                0x0000076c      0x13c ./ra/fsp/src/bsp/mcu/all/bsp_clocks.o
                0x0000076c                bsp_clock_init
 .text.R_BSP_Init_RTC
                0x000008a8       0x7c ./ra/fsp/src/bsp/mcu/all/bsp_clocks.o
                0x000008a8                R_BSP_Init_RTC
 .text.bsp_init_internal
                0x00000924        0x4 ./ra/fsp/src/bsp/mcu/all/bsp_common.o
                0x00000924                bsp_init_internal
                0x00000924                bsp_init
 .text.bsp_prv_software_delay_loop
                0x00000928        0xc ./ra/fsp/src/bsp/mcu/all/bsp_delay.o
                0x00000928                bsp_prv_software_delay_loop
 .text.R_BSP_SoftwareDelay
                0x00000934       0x8c ./ra/fsp/src/bsp/mcu/all/bsp_delay.o
                0x00000934                R_BSP_SoftwareDelay
 .text.NMI_Handler
                0x000009c0       0x3c ./ra/fsp/src/bsp/mcu/all/bsp_group_irq.o
                0x000009c0                NMI_Handler
 .text.bsp_irq_cfg
                0x000009fc       0x68 ./ra/fsp/src/bsp/mcu/all/bsp_irq.o
                0x000009fc                bsp_irq_cfg
 .text.R_BSP_RegisterProtectEnable
                0x00000a64       0x60 ./ra/fsp/src/bsp/mcu/all/bsp_register_protection.o
                0x00000a64                R_BSP_RegisterProtectEnable
 .text.R_BSP_RegisterProtectDisable
                0x00000ac4       0x54 ./ra/fsp/src/bsp/mcu/all/bsp_register_protection.o
                0x00000ac4                R_BSP_RegisterProtectDisable
 .text.Default_Handler
                0x00000b18        0x4 ./ra/fsp/src/bsp/cmsis/Device/RENESAS/Source/startup.o
                0x00000b18                DebugMon_Handler
                0x00000b18                HardFault_Handler
                0x00000b18                SysTick_Handler
                0x00000b18                PendSV_Handler
                0x00000b18                UsageFault_Handler
                0x00000b18                SecureFault_Handler
                0x00000b18                Default_Handler
                0x00000b18                MemManage_Handler
                0x00000b18                SVC_Handler
                0x00000b18                BusFault_Handler
 .text.Reset_Handler
                0x00000b1c        0xc ./ra/fsp/src/bsp/cmsis/Device/RENESAS/Source/startup.o
                0x00000b1c                Reset_Handler
 .text.SystemRuntimeInit
                0x00000b28       0x64 ./ra/fsp/src/bsp/cmsis/Device/RENESAS/Source/system.o
 .text.SystemInit
                0x00000b8c       0xc0 ./ra/fsp/src/bsp/cmsis/Device/RENESAS/Source/system.o
                0x00000b8c                SystemInit
 .text.memset   0x00000c4c       0x10 C:/Program Files (x86)/Arm GNU Toolchain arm-none-eabi/13.3 rel1/bin/../lib/gcc/arm-none-eabi/13.3.1/thumb/v8-m.main+fp/hard\libg_nano.a(libc_a-memset.o)
                0x00000c4c                memset
 .text.memcpy   0x00000c5c       0x1a C:/Program Files (x86)/Arm GNU Toolchain arm-none-eabi/13.3 rel1/bin/../lib/gcc/arm-none-eabi/13.3.1/thumb/v8-m.main+fp/hard\libg_nano.a(libc_a-memcpy-stub.o)
                0x00000c5c                memcpy
 *(.rodata*)
 *fill*         0x00000c76        0x2 
 .rodata.g_timer0_cfg
                0x00000c78       0x20 ./ra_gen/hal_data.o
                0x00000c78                g_timer0_cfg
 .rodata.g_timer0_extend
                0x00000c98        0x8 ./ra_gen/hal_data.o
                0x00000c98                g_timer0_extend
 .rodata.g_bsp_pin_cfg
                0x00000ca0        0xc ./ra_gen/pin_data.o
                0x00000ca0                g_bsp_pin_cfg
 .rodata.g_bsp_pin_cfg_data
                0x00000cac       0x18 ./ra_gen/pin_data.o
                0x00000cac                g_bsp_pin_cfg_data
 .rodata.g_vbatt_pins_input
                0x00000cc4        0x6 ./ra/fsp/src/r_ioport/r_ioport.o
 *fill*         0x00000cca        0x2 
 .rodata.g_init_info
                0x00000ccc       0x18 ./ra/fsp/src/bsp/mcu/ra6e2/bsp_linker.o
                0x00000ccc                g_init_info
 .rodata.nocache_list
                0x00000ce4        0x8 ./ra/fsp/src/bsp/mcu/ra6e2/bsp_linker.o
 .rodata.copy_list
                0x00000cec       0x30 ./ra/fsp/src/bsp/mcu/ra6e2/bsp_linker.o
 .rodata.zero_list
                0x00000d1c       0x18 ./ra/fsp/src/bsp/mcu/ra6e2/bsp_linker.o
 .rodata.g_interrupt_event_link_select
                0x00000d34        0x2 ./ra/fsp/src/bsp/mcu/all/bsp_irq.o
                0x00000d34                g_interrupt_event_link_select
 *fill*         0x00000d36        0x2 
 .rodata.g_prcr_masks
                0x00000d38        0xa ./ra/fsp/src/bsp/mcu/all/bsp_register_protection.o
 *(.mcuboot_sce9_key)
 *(.version)
 *fill*         0x00000d42        0x2 
 .version       0x00000d44       0x50 ./ra/fsp/src/bsp/mcu/all/bsp_common.o
                0x00000d94                        __flash_readonly$$Limit = .

.glue_7         0x00000d94        0x0
 .glue_7        0x00000d94        0x0 linker stubs

.glue_7t        0x00000d94        0x0
 .glue_7t       0x00000d94        0x0 linker stubs

.vfp11_veneer   0x00000d94        0x0
 .vfp11_veneer  0x00000d94        0x0 linker stubs

.v4_bx          0x00000d94        0x0
 .v4_bx         0x00000d94        0x0 linker stubs

.init           0x00000d94        0x4
 .init          0x00000d94        0x4 C:/Program Files (x86)/Arm GNU Toolchain arm-none-eabi/13.3 rel1/bin/../lib/gcc/arm-none-eabi/13.3.1/thumb/v8-m.main+fp/hard/crti.o
                0x00000d94                _init

.fini           0x00000d98        0x4
 .fini          0x00000d98        0x4 C:/Program Files (x86)/Arm GNU Toolchain arm-none-eabi/13.3 rel1/bin/../lib/gcc/arm-none-eabi/13.3.1/thumb/v8-m.main+fp/hard/crti.o
                0x00000d98                _fini

.iplt           0x00000d9c        0x0
 .iplt          0x00000d9c        0x0 C:/Program Files (x86)/Arm GNU Toolchain arm-none-eabi/13.3 rel1/bin/../lib/gcc/arm-none-eabi/13.3.1/thumb/v8-m.main+fp/hard/crtbegin.o

__flash_ctor$$
 *crtbegin.o(.ctors)
 *crtbegin?.o(.ctors)
 EXCLUDE_FILE(*crtend.o *crtend?.o) *(.ctors)
 *(SORT_BY_NAME(.ctors.*))
 *(.ctors)
 *crtbegin.o(.dtors)
 *crtbegin?.o(.dtors)
 EXCLUDE_FILE(*crtend.o *crtend?.o) *(.dtors)
 *(SORT_BY_NAME(.dtors.*))
 *(.dtors)

__flash_preinit_array$$
                0x00000d9c        0x0
                0x00000d9c                        __preinit_array_start = .
 *(.preinit_array)
                0x00000d9c                        __preinit_array_end = .

__flash_.got$$
 *(.got.plt)
 *(.got)

__flash_init_array$$
                0x00000d9c        0x4
                0x00000d9c                        __init_array_start = .
 *(SORT_BY_NAME(.init_array.*))
 *(.init_array)
 .init_array    0x00000d9c        0x4 C:/Program Files (x86)/Arm GNU Toolchain arm-none-eabi/13.3 rel1/bin/../lib/gcc/arm-none-eabi/13.3.1/thumb/v8-m.main+fp/hard/crtbegin.o
                0x00000da0                        __init_array_end = .

__flash_fini_array$$
                0x00000da0        0x4
                0x00000da0                        __fini_array_start = .
 *(SORT_BY_NAME(.fini_array.*))
 *(.fini_array)
 .fini_array    0x00000da0        0x4 C:/Program Files (x86)/Arm GNU Toolchain arm-none-eabi/13.3 rel1/bin/../lib/gcc/arm-none-eabi/13.3.1/thumb/v8-m.main+fp/hard/crtbegin.o
                0x00000da4                        __fini_array_end = .

__flash_arm.extab$$
 *(.ARM.extab*)
 *(.gnu.linkonce.armextab.*)

__flash_arm.exidx$$
                0x00000da4        0x0
                0x00000da4                        __exidx_start = .
 *(.ARM.exidx*)
 *(.gnu.linkonce.armexidx.*)
                0x00000da4                        __exidx_end = .

.flash.endof    0x00008000        0x0
                0x00008000                        __ddsc_FLASH_END = .

.flash.flat_nsc
                0x00008000        0x0
                0x00008000                        __ddsc_FLASH_NSC = .

.option_setting_ofs0.startof
                0x0100a100        0x0
                0x0100a100                        __ddsc_OPTION_SETTING_OFS0_START = .

__option_setting_ofs0_reg$$
                0x0100a100        0x4
                0x0100a100                        __option_setting_ofs0_reg$$Base = .
 *(.option_setting_ofs0)
 .option_setting_ofs0
                0x0100a100        0x4 ./ra/fsp/src/bsp/mcu/ra6e2/bsp_linker.o
                0x0100a104                        __option_setting_ofs0_reg$$Limit = .

.option_setting_ofs0.endof
                0x0100a104        0x0
                0x0100a104                        __ddsc_OPTION_SETTING_OFS0_END = .

.option_setting_osis.startof
                0x0100a120        0x0
                0x0100a120                        __ddsc_OPTION_SETTING_OSIS_START = .

__option_setting_osis_reg$$
                0x0100a120        0x0
                0x0100a120                        __option_setting_osis_reg$$Base = .
 *(.option_setting_osis)
                0x0100a120                        __option_setting_osis_reg$$Limit = .

.option_setting_osis.endof
                0x0100a120        0x0
                0x0100a120                        __ddsc_OPTION_SETTING_OSIS_END = .

.option_setting_ofs1_sec.startof
                0x0100a200        0x0
                0x0100a200                        __ddsc_OPTION_SETTING_OFS1_SEC_START = .

__option_setting_ofs1_sec_reg$$
                0x0100a200        0x4
                0x0100a200                        __option_setting_ofs1_sec_reg$$Base = .
 *(.option_setting_ofs1_sec)
 .option_setting_ofs1_sec
                0x0100a200        0x4 ./ra/fsp/src/bsp/mcu/ra6e2/bsp_linker.o
                0x0100a204                        __option_setting_ofs1_sec_reg$$Limit = .

.eh_frame       0x0100a204        0x0
 .eh_frame      0x0100a204        0x0 C:/Program Files (x86)/Arm GNU Toolchain arm-none-eabi/13.3 rel1/bin/../lib/gcc/arm-none-eabi/13.3.1/thumb/v8-m.main+fp/hard/crtbegin.o

.rel.dyn        0x0100a204        0x0
 .rel.iplt      0x0100a204        0x0 C:/Program Files (x86)/Arm GNU Toolchain arm-none-eabi/13.3 rel1/bin/../lib/gcc/arm-none-eabi/13.3.1/thumb/v8-m.main+fp/hard/crtbegin.o

.tm_clone_table
                0x0100a204        0x0
 .tm_clone_table
                0x0100a204        0x0 C:/Program Files (x86)/Arm GNU Toolchain arm-none-eabi/13.3 rel1/bin/../lib/gcc/arm-none-eabi/13.3.1/thumb/v8-m.main+fp/hard/crtbegin.o
 .tm_clone_table
                0x0100a204        0x0 C:/Program Files (x86)/Arm GNU Toolchain arm-none-eabi/13.3 rel1/bin/../lib/gcc/arm-none-eabi/13.3.1/thumb/v8-m.main+fp/hard/crtend.o

.igot.plt       0x00000da4        0x0
 .igot.plt      0x00000da4        0x0 C:/Program Files (x86)/Arm GNU Toolchain arm-none-eabi/13.3 rel1/bin/../lib/gcc/arm-none-eabi/13.3.1/thumb/v8-m.main+fp/hard/crtbegin.o

.option_setting_ofs1_sec.endof
                0x0100a204        0x0
                0x0100a204                        __ddsc_OPTION_SETTING_OFS1_SEC_END = .

.option_setting_bps_sec.startof
                0x0100a240        0x0
                0x0100a240                        __ddsc_OPTION_SETTING_BPS_SEC_START = .

__option_setting_bps_sec_reg$$
                0x0100a240        0x0
                0x0100a240                        __option_setting_bps_sec_reg$$Base = .
 *(.option_setting_bps_sec)
                0x0100a240                        __option_setting_bps_sec_reg$$Limit = .

.option_setting_bps_sec.endof
                0x0100a240        0x0
                0x0100a240                        __ddsc_OPTION_SETTING_BPS_SEC_END = .

.option_setting_pbps_sec.startof
                0x0100a260        0x0
                0x0100a260                        __ddsc_OPTION_SETTING_PBPS_SEC_START = .

__option_setting_pbps_sec_reg$$
                0x0100a260        0x0
                0x0100a260                        __option_setting_pbps_sec_reg$$Base = .
 *(.option_setting_pbps_sec)
                0x0100a260                        __option_setting_pbps_sec_reg$$Limit = .

.option_setting_pbps_sec.endof
                0x0100a260        0x0
                0x0100a260                        __ddsc_OPTION_SETTING_PBPS_SEC_END = .
OUTPUT(4_AGTPWM.elf elf32-littlearm)
LOAD linker stubs

.ARM.attributes
                0x00000000       0x36
 .ARM.attributes
                0x00000000       0x26 C:/Program Files (x86)/Arm GNU Toolchain arm-none-eabi/13.3 rel1/bin/../lib/gcc/arm-none-eabi/13.3.1/thumb/v8-m.main+fp/hard/crti.o
 .ARM.attributes
                0x00000026       0x38 C:/Program Files (x86)/Arm GNU Toolchain arm-none-eabi/13.3 rel1/bin/../lib/gcc/arm-none-eabi/13.3.1/thumb/v8-m.main+fp/hard/crtbegin.o
 .ARM.attributes
                0x0000005e       0x3a ./src/agtpwm.o
 .ARM.attributes
                0x00000098       0x3a ./src/hal_entry.o
 .ARM.attributes
                0x000000d2       0x3a ./src/hal_warmstart.o
 .ARM.attributes
                0x0000010c       0x3a ./src/user.o
 .ARM.attributes
                0x00000146       0x3a ./ra_gen/common_data.o
 .ARM.attributes
                0x00000180       0x3a ./ra_gen/hal_data.o
 .ARM.attributes
                0x000001ba       0x3a ./ra_gen/main.o
 .ARM.attributes
                0x000001f4       0x3a ./ra_gen/pin_data.o
 .ARM.attributes
                0x0000022e       0x3a ./ra/fsp/src/r_ioport/r_ioport.o
 .ARM.attributes
                0x00000268       0x3a ./ra/fsp/src/r_agt/r_agt.o
 .ARM.attributes
                0x000002a2       0x3a ./ra/fsp/src/bsp/mcu/ra6e2/bsp_linker.o
 .ARM.attributes
                0x000002dc       0x3a ./ra/fsp/src/bsp/mcu/all/bsp_clocks.o
 .ARM.attributes
                0x00000316       0x3a ./ra/fsp/src/bsp/mcu/all/bsp_common.o
 .ARM.attributes
                0x00000350       0x3a ./ra/fsp/src/bsp/mcu/all/bsp_delay.o
 .ARM.attributes
                0x0000038a       0x3a ./ra/fsp/src/bsp/mcu/all/bsp_group_irq.o
 .ARM.attributes
                0x000003c4       0x3a ./ra/fsp/src/bsp/mcu/all/bsp_io.o
 .ARM.attributes
                0x000003fe       0x3a ./ra/fsp/src/bsp/mcu/all/bsp_irq.o
 .ARM.attributes
                0x00000438       0x3a ./ra/fsp/src/bsp/mcu/all/bsp_register_protection.o
 .ARM.attributes
                0x00000472       0x3a ./ra/fsp/src/bsp/cmsis/Device/RENESAS/Source/startup.o
 .ARM.attributes
                0x000004ac       0x3a ./ra/fsp/src/bsp/cmsis/Device/RENESAS/Source/system.o
 .ARM.attributes
                0x000004e6       0x38 C:/Program Files (x86)/Arm GNU Toolchain arm-none-eabi/13.3 rel1/bin/../lib/gcc/arm-none-eabi/13.3.1/thumb/v8-m.main+fp/hard\libg_nano.a(libc_a-memset.o)
 .ARM.attributes
                0x0000051e       0x38 C:/Program Files (x86)/Arm GNU Toolchain arm-none-eabi/13.3 rel1/bin/../lib/gcc/arm-none-eabi/13.3.1/thumb/v8-m.main+fp/hard\libg_nano.a(libc_a-memcpy-stub.o)
 .ARM.attributes
                0x00000556       0x38 C:/Program Files (x86)/Arm GNU Toolchain arm-none-eabi/13.3 rel1/bin/../lib/gcc/arm-none-eabi/13.3.1/thumb/v8-m.main+fp/hard/crtend.o

.comment        0x00000000       0x45
 .comment       0x00000000       0x45 ./src/agtpwm.o
                                 0x46 (size before relaxing)
 .comment       0x00000045       0x46 ./src/hal_entry.o
 .comment       0x00000045       0x46 ./src/hal_warmstart.o
 .comment       0x00000045       0x46 ./src/user.o
 .comment       0x00000045       0x46 ./ra_gen/common_data.o
 .comment       0x00000045       0x46 ./ra_gen/hal_data.o
 .comment       0x00000045       0x46 ./ra_gen/main.o
 .comment       0x00000045       0x46 ./ra_gen/pin_data.o
 .comment       0x00000045       0x46 ./ra/fsp/src/r_ioport/r_ioport.o
 .comment       0x00000045       0x46 ./ra/fsp/src/r_agt/r_agt.o
 .comment       0x00000045       0x46 ./ra/fsp/src/bsp/mcu/ra6e2/bsp_linker.o
 .comment       0x00000045       0x46 ./ra/fsp/src/bsp/mcu/all/bsp_clocks.o
 .comment       0x00000045       0x46 ./ra/fsp/src/bsp/mcu/all/bsp_common.o
 .comment       0x00000045       0x46 ./ra/fsp/src/bsp/mcu/all/bsp_delay.o
 .comment       0x00000045       0x46 ./ra/fsp/src/bsp/mcu/all/bsp_group_irq.o
 .comment       0x00000045       0x46 ./ra/fsp/src/bsp/mcu/all/bsp_io.o
 .comment       0x00000045       0x46 ./ra/fsp/src/bsp/mcu/all/bsp_irq.o
 .comment       0x00000045       0x46 ./ra/fsp/src/bsp/mcu/all/bsp_register_protection.o
 .comment       0x00000045       0x46 ./ra/fsp/src/bsp/cmsis/Device/RENESAS/Source/startup.o
 .comment       0x00000045       0x46 ./ra/fsp/src/bsp/cmsis/Device/RENESAS/Source/system.o

.debug_info     0x00000000    0x1f4d8
 .debug_info    0x00000000     0x121d ./src/agtpwm.o
 .debug_info    0x0000121d       0xad ./src/hal_entry.o
 .debug_info    0x000012ca      0xfe4 ./src/hal_warmstart.o
 .debug_info    0x000022ae      0x174 ./src/user.o
 .debug_info    0x00002422     0x1241 ./ra_gen/common_data.o
 .debug_info    0x00003663     0x1638 ./ra_gen/hal_data.o
 .debug_info    0x00004c9b       0xb1 ./ra_gen/main.o
 .debug_info    0x00004d4c      0xa31 ./ra_gen/pin_data.o
 .debug_info    0x0000577d     0x4035 ./ra/fsp/src/r_ioport/r_ioport.o
 .debug_info    0x000097b2     0x78c7 ./ra/fsp/src/r_agt/r_agt.o
 .debug_info    0x00011079      0x3f2 ./ra/fsp/src/bsp/mcu/ra6e2/bsp_linker.o
 .debug_info    0x0001146b     0x5753 ./ra/fsp/src/bsp/mcu/all/bsp_clocks.o
 .debug_info    0x00016bbe      0x954 ./ra/fsp/src/bsp/mcu/all/bsp_common.o
 .debug_info    0x00017512      0x204 ./ra/fsp/src/bsp/mcu/all/bsp_delay.o
 .debug_info    0x00017716     0x1348 ./ra/fsp/src/bsp/mcu/all/bsp_group_irq.o
 .debug_info    0x00018a5e       0xb2 ./ra/fsp/src/bsp/mcu/all/bsp_io.o
 .debug_info    0x00018b10     0x1d20 ./ra/fsp/src/bsp/mcu/all/bsp_irq.o
 .debug_info    0x0001a830     0x3912 ./ra/fsp/src/bsp/mcu/all/bsp_register_protection.o
 .debug_info    0x0001e142      0x187 ./ra/fsp/src/bsp/cmsis/Device/RENESAS/Source/startup.o
 .debug_info    0x0001e2c9     0x120f ./ra/fsp/src/bsp/cmsis/Device/RENESAS/Source/system.o

.debug_abbrev   0x00000000     0x27cd
 .debug_abbrev  0x00000000      0x247 ./src/agtpwm.o
 .debug_abbrev  0x00000247       0x62 ./src/hal_entry.o
 .debug_abbrev  0x000002a9      0x158 ./src/hal_warmstart.o
 .debug_abbrev  0x00000401       0xe9 ./src/user.o
 .debug_abbrev  0x000004ea      0x13a ./ra_gen/common_data.o
 .debug_abbrev  0x00000624      0x239 ./ra_gen/hal_data.o
 .debug_abbrev  0x0000085d       0x61 ./ra_gen/main.o
 .debug_abbrev  0x000008be       0xff ./ra_gen/pin_data.o
 .debug_abbrev  0x000009bd      0x462 ./ra/fsp/src/r_ioport/r_ioport.o
 .debug_abbrev  0x00000e1f      0x5dd ./ra/fsp/src/r_agt/r_agt.o
 .debug_abbrev  0x000013fc       0xe3 ./ra/fsp/src/bsp/mcu/ra6e2/bsp_linker.o
 .debug_abbrev  0x000014df      0x415 ./ra/fsp/src/bsp/mcu/all/bsp_clocks.o
 .debug_abbrev  0x000018f4      0x188 ./ra/fsp/src/bsp/mcu/all/bsp_common.o
 .debug_abbrev  0x00001a7c      0x10d ./ra/fsp/src/bsp/mcu/all/bsp_delay.o
 .debug_abbrev  0x00001b89      0x256 ./ra/fsp/src/bsp/mcu/all/bsp_group_irq.o
 .debug_abbrev  0x00001ddf       0x5e ./ra/fsp/src/bsp/mcu/all/bsp_io.o
 .debug_abbrev  0x00001e3d      0x299 ./ra/fsp/src/bsp/mcu/all/bsp_irq.o
 .debug_abbrev  0x000020d6      0x27d ./ra/fsp/src/bsp/mcu/all/bsp_register_protection.o
 .debug_abbrev  0x00002353      0x102 ./ra/fsp/src/bsp/cmsis/Device/RENESAS/Source/startup.o
 .debug_abbrev  0x00002455      0x378 ./ra/fsp/src/bsp/cmsis/Device/RENESAS/Source/system.o

.debug_loclists
                0x00000000     0x1f9f
 .debug_loclists
                0x00000000       0xed ./src/agtpwm.o
 .debug_loclists
                0x000000ed       0x29 ./src/hal_warmstart.o
 .debug_loclists
                0x00000116       0x31 ./src/user.o
 .debug_loclists
                0x00000147      0x7a2 ./ra/fsp/src/r_ioport/r_ioport.o
 .debug_loclists
                0x000008e9     0x1084 ./ra/fsp/src/r_agt/r_agt.o
 .debug_loclists
                0x0000196d      0x24c ./ra/fsp/src/bsp/mcu/all/bsp_clocks.o
 .debug_loclists
                0x00001bb9       0x20 ./ra/fsp/src/bsp/mcu/all/bsp_common.o
 .debug_loclists
                0x00001bd9      0x199 ./ra/fsp/src/bsp/mcu/all/bsp_delay.o
 .debug_loclists
                0x00001d72       0x73 ./ra/fsp/src/bsp/mcu/all/bsp_group_irq.o
 .debug_loclists
                0x00001de5       0x76 ./ra/fsp/src/bsp/mcu/all/bsp_irq.o
 .debug_loclists
                0x00001e5b       0xa7 ./ra/fsp/src/bsp/mcu/all/bsp_register_protection.o
 .debug_loclists
                0x00001f02       0x9d ./ra/fsp/src/bsp/cmsis/Device/RENESAS/Source/system.o

.debug_aranges  0x00000000      0x3e0
 .debug_aranges
                0x00000000       0x28 ./src/agtpwm.o
 .debug_aranges
                0x00000028       0x20 ./src/hal_entry.o
 .debug_aranges
                0x00000048       0x20 ./src/hal_warmstart.o
 .debug_aranges
                0x00000068       0x20 ./src/user.o
 .debug_aranges
                0x00000088       0x20 ./ra_gen/common_data.o
 .debug_aranges
                0x000000a8       0x20 ./ra_gen/hal_data.o
 .debug_aranges
                0x000000c8       0x20 ./ra_gen/main.o
 .debug_aranges
                0x000000e8       0x18 ./ra_gen/pin_data.o
 .debug_aranges
                0x00000100       0x90 ./ra/fsp/src/r_ioport/r_ioport.o
 .debug_aranges
                0x00000190       0x90 ./ra/fsp/src/r_agt/r_agt.o
 .debug_aranges
                0x00000220       0x18 ./ra/fsp/src/bsp/mcu/ra6e2/bsp_linker.o
 .debug_aranges
                0x00000238       0x70 ./ra/fsp/src/bsp/mcu/all/bsp_clocks.o
 .debug_aranges
                0x000002a8       0x30 ./ra/fsp/src/bsp/mcu/all/bsp_common.o
 .debug_aranges
                0x000002d8       0x28 ./ra/fsp/src/bsp/mcu/all/bsp_delay.o
 .debug_aranges
                0x00000300       0x28 ./ra/fsp/src/bsp/mcu/all/bsp_group_irq.o
 .debug_aranges
                0x00000328       0x18 ./ra/fsp/src/bsp/mcu/all/bsp_io.o
 .debug_aranges
                0x00000340       0x20 ./ra/fsp/src/bsp/mcu/all/bsp_irq.o
 .debug_aranges
                0x00000360       0x28 ./ra/fsp/src/bsp/mcu/all/bsp_register_protection.o
 .debug_aranges
                0x00000388       0x28 ./ra/fsp/src/bsp/cmsis/Device/RENESAS/Source/startup.o
 .debug_aranges
                0x000003b0       0x30 ./ra/fsp/src/bsp/cmsis/Device/RENESAS/Source/system.o

.debug_rnglists
                0x00000000      0x552
 .debug_rnglists
                0x00000000       0x19 ./src/agtpwm.o
 .debug_rnglists
                0x00000019       0x13 ./src/hal_entry.o
 .debug_rnglists
                0x0000002c       0x13 ./src/hal_warmstart.o
 .debug_rnglists
                0x0000003f       0x13 ./src/user.o
 .debug_rnglists
                0x00000052       0x13 ./ra_gen/common_data.o
 .debug_rnglists
                0x00000065       0x13 ./ra_gen/hal_data.o
 .debug_rnglists
                0x00000078       0x13 ./ra_gen/main.o
 .debug_rnglists
                0x0000008b       0xbb ./ra/fsp/src/r_ioport/r_ioport.o
 .debug_rnglists
                0x00000146      0x207 ./ra/fsp/src/r_agt/r_agt.o
 .debug_rnglists
                0x0000034d       0xc4 ./ra/fsp/src/bsp/mcu/all/bsp_clocks.o
 .debug_rnglists
                0x00000411       0x1f ./ra/fsp/src/bsp/mcu/all/bsp_common.o
 .debug_rnglists
                0x00000430       0x35 ./ra/fsp/src/bsp/mcu/all/bsp_delay.o
 .debug_rnglists
                0x00000465       0x37 ./ra/fsp/src/bsp/mcu/all/bsp_group_irq.o
 .debug_rnglists
                0x0000049c       0x31 ./ra/fsp/src/bsp/mcu/all/bsp_irq.o
 .debug_rnglists
                0x000004cd       0x31 ./ra/fsp/src/bsp/mcu/all/bsp_register_protection.o
 .debug_rnglists
                0x000004fe       0x19 ./ra/fsp/src/bsp/cmsis/Device/RENESAS/Source/startup.o
 .debug_rnglists
                0x00000517       0x3b ./ra/fsp/src/bsp/cmsis/Device/RENESAS/Source/system.o

.debug_line     0x00000000     0x5035
 .debug_line    0x00000000      0x311 ./src/agtpwm.o
 .debug_line    0x00000311       0x4f ./src/hal_entry.o
 .debug_line    0x00000360      0x2c0 ./src/hal_warmstart.o
 .debug_line    0x00000620      0x1b3 ./src/user.o
 .debug_line    0x000007d3      0x26b ./ra_gen/common_data.o
 .debug_line    0x00000a3e      0x295 ./ra_gen/hal_data.o
 .debug_line    0x00000cd3       0x5e ./ra_gen/main.o
 .debug_line    0x00000d31      0x1e9 ./ra_gen/pin_data.o
 .debug_line    0x00000f1a      0xa74 ./ra/fsp/src/r_ioport/r_ioport.o
 .debug_line    0x0000198e     0x12c8 ./ra/fsp/src/r_agt/r_agt.o
 .debug_line    0x00002c56      0x13b ./ra/fsp/src/bsp/mcu/ra6e2/bsp_linker.o
 .debug_line    0x00002d91      0x8bf ./ra/fsp/src/bsp/mcu/all/bsp_clocks.o
 .debug_line    0x00003650      0x27a ./ra/fsp/src/bsp/mcu/all/bsp_common.o
 .debug_line    0x000038ca      0x2bd ./ra/fsp/src/bsp/mcu/all/bsp_delay.o
 .debug_line    0x00003b87      0x2e1 ./ra/fsp/src/bsp/mcu/all/bsp_group_irq.o
 .debug_line    0x00003e68      0x167 ./ra/fsp/src/bsp/mcu/all/bsp_io.o
 .debug_line    0x00003fcf      0x49a ./ra/fsp/src/bsp/mcu/all/bsp_irq.o
 .debug_line    0x00004469      0x399 ./ra/fsp/src/bsp/mcu/all/bsp_register_protection.o
 .debug_line    0x00004802      0x1d3 ./ra/fsp/src/bsp/cmsis/Device/RENESAS/Source/startup.o
 .debug_line    0x000049d5      0x660 ./ra/fsp/src/bsp/cmsis/Device/RENESAS/Source/system.o

.debug_str      0x00000000     0xa566
 .debug_str     0x00000000     0xa566 ./src/agtpwm.o
                               0x2390 (size before relaxing)
 .debug_str     0x0000a566      0x1dd ./src/hal_entry.o
 .debug_str     0x0000a566     0x31cc ./src/hal_warmstart.o
 .debug_str     0x0000a566      0x283 ./src/user.o
 .debug_str     0x0000a566     0x3391 ./ra_gen/common_data.o
 .debug_str     0x0000a566     0x2956 ./ra_gen/hal_data.o
 .debug_str     0x0000a566      0x1d8 ./ra_gen/main.o
 .debug_str     0x0000a566     0x1da8 ./ra_gen/pin_data.o
 .debug_str     0x0000a566     0x4501 ./ra/fsp/src/r_ioport/r_ioport.o
 .debug_str     0x0000a566     0x4eb8 ./ra/fsp/src/r_agt/r_agt.o
 .debug_str     0x0000a566      0x60d ./ra/fsp/src/bsp/mcu/ra6e2/bsp_linker.o
 .debug_str     0x0000a566     0x26f6 ./ra/fsp/src/bsp/mcu/all/bsp_clocks.o
 .debug_str     0x0000a566     0x1c86 ./ra/fsp/src/bsp/mcu/all/bsp_common.o
 .debug_str     0x0000a566      0x322 ./ra/fsp/src/bsp/mcu/all/bsp_delay.o
 .debug_str     0x0000a566     0x21ed ./ra/fsp/src/bsp/mcu/all/bsp_group_irq.o
 .debug_str     0x0000a566      0x201 ./ra/fsp/src/bsp/mcu/all/bsp_io.o
 .debug_str     0x0000a566     0x1e08 ./ra/fsp/src/bsp/mcu/all/bsp_irq.o
 .debug_str     0x0000a566     0x1b7a ./ra/fsp/src/bsp/mcu/all/bsp_register_protection.o
 .debug_str     0x0000a566      0x270 ./ra/fsp/src/bsp/cmsis/Device/RENESAS/Source/startup.o
 .debug_str     0x0000a566      0xad2 ./ra/fsp/src/bsp/cmsis/Device/RENESAS/Source/system.o

.debug_frame    0x00000000      0x760
 .debug_frame   0x00000000       0x50 ./src/agtpwm.o
 .debug_frame   0x00000050       0x20 ./src/hal_entry.o
 .debug_frame   0x00000070       0x20 ./src/hal_warmstart.o
 .debug_frame   0x00000090       0x28 ./src/user.o
 .debug_frame   0x000000b8       0x20 ./ra_gen/common_data.o
 .debug_frame   0x000000d8       0x20 ./ra_gen/hal_data.o
 .debug_frame   0x000000f8       0x28 ./ra_gen/main.o
 .debug_frame   0x00000120      0x178 ./ra/fsp/src/r_ioport/r_ioport.o
 .debug_frame   0x00000298      0x1a8 ./ra/fsp/src/r_agt/r_agt.o
 .debug_frame   0x00000440       0xfc ./ra/fsp/src/bsp/mcu/all/bsp_clocks.o
 .debug_frame   0x0000053c       0x40 ./ra/fsp/src/bsp/mcu/all/bsp_common.o
 .debug_frame   0x0000057c       0x4c ./ra/fsp/src/bsp/mcu/all/bsp_delay.o
 .debug_frame   0x000005c8       0x3c ./ra/fsp/src/bsp/mcu/all/bsp_group_irq.o
 .debug_frame   0x00000604       0x30 ./ra/fsp/src/bsp/mcu/all/bsp_irq.o
 .debug_frame   0x00000634       0x48 ./ra/fsp/src/bsp/mcu/all/bsp_register_protection.o
 .debug_frame   0x0000067c       0x38 ./ra/fsp/src/bsp/cmsis/Device/RENESAS/Source/startup.o
 .debug_frame   0x000006b4       0x64 ./ra/fsp/src/bsp/cmsis/Device/RENESAS/Source/system.o
 .debug_frame   0x00000718       0x20 C:/Program Files (x86)/Arm GNU Toolchain arm-none-eabi/13.3 rel1/bin/../lib/gcc/arm-none-eabi/13.3.1/thumb/v8-m.main+fp/hard\libg_nano.a(libc_a-memset.o)
 .debug_frame   0x00000738       0x28 C:/Program Files (x86)/Arm GNU Toolchain arm-none-eabi/13.3 rel1/bin/../lib/gcc/arm-none-eabi/13.3.1/thumb/v8-m.main+fp/hard\libg_nano.a(libc_a-memcpy-stub.o)
