Archive member included to satisfy reference by file (symbol)

C:/Program Files (x86)/Arm GNU Toolchain arm-none-eabi/13.3 rel1/bin/../lib/gcc/arm-none-eabi/13.3.1/thumb/v8-m.main+fp/hard\libgcc.a(_arm_muldf3.o)
                              ./src/adc.o (__aeabi_dmul)
C:/Program Files (x86)/Arm GNU Toolchain arm-none-eabi/13.3 rel1/bin/../lib/gcc/arm-none-eabi/13.3.1/thumb/v8-m.main+fp/hard\libgcc.a(_arm_addsubdf3.o)
                              ./src/adc.o (__aeabi_i2d)
C:/Program Files (x86)/Arm GNU Toolchain arm-none-eabi/13.3 rel1/bin/../lib/gcc/arm-none-eabi/13.3.1/thumb/v8-m.main+fp/hard\libg_nano.a(libc_a-exit.o)
                              C:/Program Files (x86)/Arm GNU Toolchain arm-none-eabi/13.3 rel1/bin/../lib/gcc/arm-none-eabi/13.3.1/thumb/v8-m.main+fp/hard/crt0.o (exit)
C:/Program Files (x86)/Arm GNU Toolchain arm-none-eabi/13.3 rel1/bin/../lib/gcc/arm-none-eabi/13.3.1/thumb/v8-m.main+fp/hard\libg_nano.a(libc_a-findfp.o)
                              C:/Program Files (x86)/Arm GNU Toolchain arm-none-eabi/13.3 rel1/bin/../lib/gcc/arm-none-eabi/13.3.1/thumb/v8-m.main+fp/hard\libg_nano.a(libc_a-exit.o) (__stdio_exit_handler)
C:/Program Files (x86)/Arm GNU Toolchain arm-none-eabi/13.3 rel1/bin/../lib/gcc/arm-none-eabi/13.3.1/thumb/v8-m.main+fp/hard\libg_nano.a(libc_a-fwalk.o)
                              C:/Program Files (x86)/Arm GNU Toolchain arm-none-eabi/13.3 rel1/bin/../lib/gcc/arm-none-eabi/13.3.1/thumb/v8-m.main+fp/hard\libg_nano.a(libc_a-findfp.o) (_fwalk_sglue)
C:/Program Files (x86)/Arm GNU Toolchain arm-none-eabi/13.3 rel1/bin/../lib/gcc/arm-none-eabi/13.3.1/thumb/v8-m.main+fp/hard\libg_nano.a(libc_a-stdio.o)
                              C:/Program Files (x86)/Arm GNU Toolchain arm-none-eabi/13.3 rel1/bin/../lib/gcc/arm-none-eabi/13.3.1/thumb/v8-m.main+fp/hard\libg_nano.a(libc_a-findfp.o) (__sread)
C:/Program Files (x86)/Arm GNU Toolchain arm-none-eabi/13.3 rel1/bin/../lib/gcc/arm-none-eabi/13.3.1/thumb/v8-m.main+fp/hard\libg_nano.a(libc_a-memset.o)
                              C:/Program Files (x86)/Arm GNU Toolchain arm-none-eabi/13.3 rel1/bin/../lib/gcc/arm-none-eabi/13.3.1/thumb/v8-m.main+fp/hard/crt0.o (memset)
C:/Program Files (x86)/Arm GNU Toolchain arm-none-eabi/13.3 rel1/bin/../lib/gcc/arm-none-eabi/13.3.1/thumb/v8-m.main+fp/hard\libg_nano.a(libc_a-closer.o)
                              C:/Program Files (x86)/Arm GNU Toolchain arm-none-eabi/13.3 rel1/bin/../lib/gcc/arm-none-eabi/13.3.1/thumb/v8-m.main+fp/hard\libg_nano.a(libc_a-stdio.o) (_close_r)
C:/Program Files (x86)/Arm GNU Toolchain arm-none-eabi/13.3 rel1/bin/../lib/gcc/arm-none-eabi/13.3.1/thumb/v8-m.main+fp/hard\libg_nano.a(libc_a-reent.o)
                              C:/Program Files (x86)/Arm GNU Toolchain arm-none-eabi/13.3 rel1/bin/../lib/gcc/arm-none-eabi/13.3.1/thumb/v8-m.main+fp/hard\libg_nano.a(libc_a-closer.o) (errno)
C:/Program Files (x86)/Arm GNU Toolchain arm-none-eabi/13.3 rel1/bin/../lib/gcc/arm-none-eabi/13.3.1/thumb/v8-m.main+fp/hard\libg_nano.a(libc_a-impure.o)
                              C:/Program Files (x86)/Arm GNU Toolchain arm-none-eabi/13.3 rel1/bin/../lib/gcc/arm-none-eabi/13.3.1/thumb/v8-m.main+fp/hard\libg_nano.a(libc_a-reent.o) (_impure_ptr)
C:/Program Files (x86)/Arm GNU Toolchain arm-none-eabi/13.3 rel1/bin/../lib/gcc/arm-none-eabi/13.3.1/thumb/v8-m.main+fp/hard\libg_nano.a(libc_a-lseekr.o)
                              C:/Program Files (x86)/Arm GNU Toolchain arm-none-eabi/13.3 rel1/bin/../lib/gcc/arm-none-eabi/13.3.1/thumb/v8-m.main+fp/hard\libg_nano.a(libc_a-stdio.o) (_lseek_r)
C:/Program Files (x86)/Arm GNU Toolchain arm-none-eabi/13.3 rel1/bin/../lib/gcc/arm-none-eabi/13.3.1/thumb/v8-m.main+fp/hard\libg_nano.a(libc_a-readr.o)
                              C:/Program Files (x86)/Arm GNU Toolchain arm-none-eabi/13.3 rel1/bin/../lib/gcc/arm-none-eabi/13.3.1/thumb/v8-m.main+fp/hard\libg_nano.a(libc_a-stdio.o) (_read_r)
C:/Program Files (x86)/Arm GNU Toolchain arm-none-eabi/13.3 rel1/bin/../lib/gcc/arm-none-eabi/13.3.1/thumb/v8-m.main+fp/hard\libg_nano.a(libc_a-writer.o)
                              C:/Program Files (x86)/Arm GNU Toolchain arm-none-eabi/13.3 rel1/bin/../lib/gcc/arm-none-eabi/13.3.1/thumb/v8-m.main+fp/hard\libg_nano.a(libc_a-stdio.o) (_write_r)
C:/Program Files (x86)/Arm GNU Toolchain arm-none-eabi/13.3 rel1/bin/../lib/gcc/arm-none-eabi/13.3.1/thumb/v8-m.main+fp/hard\libg_nano.a(libc_a-errno.o)
                              ./ra/fsp/src/bsp/mcu/all/bsp_sbrk.o (__errno)
C:/Program Files (x86)/Arm GNU Toolchain arm-none-eabi/13.3 rel1/bin/../lib/gcc/arm-none-eabi/13.3.1/thumb/v8-m.main+fp/hard\libg_nano.a(libc_a-init.o)
                              C:/Program Files (x86)/Arm GNU Toolchain arm-none-eabi/13.3 rel1/bin/../lib/gcc/arm-none-eabi/13.3.1/thumb/v8-m.main+fp/hard/crt0.o (__libc_init_array)
C:/Program Files (x86)/Arm GNU Toolchain arm-none-eabi/13.3 rel1/bin/../lib/gcc/arm-none-eabi/13.3.1/thumb/v8-m.main+fp/hard\libg_nano.a(libc_a-lock.o)
[...]
Memory Configuration

Name             Origin             Length             Attributes
RAM              0x20000000         0x0000a000         xrw
FLASH            0x00000000         0x00040000         xr
DATA_FLASH       0x08000000         0x00001000         xr
QSPI_FLASH       0x60000000         0x04000000         xr
OPTION_SETTING_OFS0 0x0100a100         0x00000004         r
OPTION_SETTING_OSIS 0x0100a120         0x00000010         r
OPTION_SETTING_OFS1_SEC 0x0100a200         0x00000004         r
OPTION_SETTING_BPS_SEC 0x0100a240         0x00000004         r
OPTION_SETTING_PBPS_SEC 0x0100a260         0x00000004         r
*default*        0x00000000         0xffffffff

Linker script and memory map

LOAD C:/Program Files (x86)/Arm GNU Toolchain arm-none-eabi/13.3 rel1/bin/../lib/gcc/arm-none-eabi/13.3.1/thumb/v8-m.main+fp/hard/crti.o
LOAD C:/Program Files (x86)/Arm GNU Toolchain arm-none-eabi/13.3 rel1/bin/../lib/gcc/arm-none-eabi/13.3.1/thumb/v8-m.main+fp/hard/crtbegin.o
LOAD C:/Program Files (x86)/Arm GNU Toolchain arm-none-eabi/13.3 rel1/bin/../lib/gcc/arm-none-eabi/13.3.1/thumb/v8-m.main+fp/hard/crt0.o
START GROUP
LOAD ./src/adc.o
LOAD ./src/hal_entry.o
LOAD ./src/hal_warmstart.o
LOAD ./src/user.o
LOAD ./ra_gen/common_data.o
LOAD ./ra_gen/hal_data.o
LOAD ./ra_gen/main.o
LOAD ./ra_gen/pin_data.o
LOAD ./ra_gen/vector_data.o
LOAD ./ra/fsp/src/r_ioport/r_ioport.o
LOAD ./ra/fsp/src/r_adc/r_adc.o
LOAD ./ra/fsp/src/bsp/mcu/ra6e2/bsp_linker.o
LOAD ./ra/fsp/src/bsp/mcu/all/bsp_clocks.o
LOAD ./ra/fsp/src/bsp/mcu/all/bsp_common.o
LOAD ./ra/fsp/src/bsp/mcu/all/bsp_delay.o
LOAD ./ra/fsp/src/bsp/mcu/all/bsp_group_irq.o
LOAD ./ra/fsp/src/bsp/mcu/all/bsp_guard.o
LOAD ./ra/fsp/src/bsp/mcu/all/bsp_io.o
LOAD ./ra/fsp/src/bsp/mcu/all/bsp_ipc.o
LOAD ./ra/fsp/src/bsp/mcu/all/bsp_irq.o
LOAD ./ra/fsp/src/bsp/mcu/all/bsp_macl.o
LOAD ./ra/fsp/src/bsp/mcu/all/bsp_register_protection.o
LOAD ./ra/fsp/src/bsp/mcu/all/bsp_sbrk.o
LOAD ./ra/fsp/src/bsp/mcu/all/bsp_sdram.o
LOAD ./ra/fsp/src/bsp/mcu/all/bsp_security.o
LOAD ./ra/fsp/src/bsp/cmsis/Device/RENESAS/Source/startup.o
LOAD ./ra/fsp/src/bsp/cmsis/Device/RENESAS/Source/system.o
END GROUP
START GROUP
LOAD C:/Program Files (x86)/Arm GNU Toolchain arm-none-eabi/13.3 rel1/bin/../lib/gcc/arm-none-eabi/13.3.1/thumb/v8-m.main+fp/hard\libgcc.a
LOAD C:/Program Files (x86)/Arm GNU Toolchain arm-none-eabi/13.3 rel1/bin/../lib/gcc/arm-none-eabi/13.3.1/thumb/v8-m.main+fp/hard\libg_nano.a
LOAD C:/Program Files (x86)/Arm GNU Toolchain arm-none-eabi/13.3 rel1/bin/../lib/gcc/arm-none-eabi/13.3.1/thumb/v8-m.main+fp/hard\libc_nano.a
END GROUP
START GROUP
LOAD C:/Program Files (x86)/Arm GNU Toolchain arm-none-eabi/13.3 rel1/bin/../lib/gcc/arm-none-eabi/13.3.1/thumb/v8-m.main+fp/hard\libgcc.a
LOAD C:/Program Files (x86)/Arm GNU Toolchain arm-none-eabi/13.3 rel1/bin/../lib/gcc/arm-none-eabi/13.3.1/thumb/v8-m.main+fp/hard\libc_nano.a
END GROUP
LOAD C:/Program Files (x86)/Arm GNU Toolchain arm-none-eabi/13.3 rel1/bin/../lib/gcc/arm-none-eabi/13.3.1/thumb/v8-m.main+fp/hard/crtend.o
LOAD C:/Program Files (x86)/Arm GNU Toolchain arm-none-eabi/13.3 rel1/bin/../lib/gcc/arm-none-eabi/13.3.1/thumb/v8-m.main+fp/hard/crtn.o
                0x20000000                        RAM_START = 0x20000000
                0x0000a000                        RAM_LENGTH = 0xa000
                0x00000000                        FLASH_START = 0x0
                0x00040000                        FLASH_LENGTH = 0x40000
                0x08000000                        DATA_FLASH_START = 0x8000000
                0x00001000                        DATA_FLASH_LENGTH = 0x1000
                0x60000000                        QSPI_FLASH_START = 0x60000000
                0x04000000                        QSPI_FLASH_LENGTH = 0x4000000
                0x0100a100                        OPTION_SETTING_OFS0_START = 0x100a100
                0x00000004                        OPTION_SETTING_OFS0_LENGTH = 0x4
                0x0100a120                        OPTION_SETTING_OSIS_START = 0x100a120
                0x00000010                        OPTION_SETTING_OSIS_LENGTH = 0x10
                0x0100a200                        OPTION_SETTING_OFS1_SEC_START = 0x100a200
                0x00000004                        OPTION_SETTING_OFS1_SEC_LENGTH = 0x4
                0x0100a240                        OPTION_SETTING_BPS_SEC_START = 0x100a240
                0x00000004                        OPTION_SETTING_BPS_SEC_LENGTH = 0x4
                0x0100a260                        OPTION_SETTING_PBPS_SEC_START = 0x100a260
                0x00000004                        OPTION_SETTING_PBPS_SEC_LENGTH = 0x4
START GROUP
LOAD C:/Program Files (x86)/Arm GNU Toolchain arm-none-eabi/13.3 rel1/bin/../lib/gcc/arm-none-eabi/13.3.1/thumb/v8-m.main+fp/hard\libgcc.a
LOAD C:/Program Files (x86)/Arm GNU Toolchain arm-none-eabi/13.3 rel1/bin/../lib/gcc/arm-none-eabi/13.3.1/thumb/v8-m.main+fp/hard\libc.a
LOAD C:/Program Files (x86)/Arm GNU Toolchain arm-none-eabi/13.3 rel1/bin/../lib/gcc/arm-none-eabi/13.3.1/thumb/v8-m.main+fp/hard\libm.a
END GROUP

.qspi_flash.startof
                0x60000000        0x0
                0x60000000                        __ddsc_QSPI_FLASH_START = .

.ram.startof    0x20000000        0x0
                0x20000000                        __ddsc_RAM_START = .

__ram_dtc_vector$$
                0x20000000        0x0
                0x20000000                        __ram_dtc_vector$$Base = .
 *(.fsp_dtc_vector_table)
                0x20000000                        __ram_dtc_vector$$Limit = .

__ram_from_qspi_flash$$
                0x20000000        0x0 load address 0x60000000
                0x20000000                        __ram_from_qspi_flash$$Base = .
                0x60000000                        __ram_from_qspi_flash$$Load = LOADADDR (__ram_from_qspi_flash$$)
 *(.ram_from_qspi_flash)
 *(.ram_code_from_qspi_flash)
                0x20000000                        __ram_from_qspi_flash$$Limit = .

__qspi_flash_readonly$$
                0x60000000        0x0
                0x60000000                        __qspi_flash_readonly$$Base = .
 *(.qspi_flash)
 *(.qspi_flash_code)
                0x60000000                        __qspi_flash_readonly$$Limit = .

__qspi_flash_noinit$$
                0x60000000        0x0
                0x60000000                        __qspi_flash_noinit$$Base = .
 *(.qspi_flash_noinit)
                0x60000000                        __qspi_flash_noinit$$Limit = .

.qspi_flash.endof
                0x60000000        0x0
                0x60000000                        __ddsc_QSPI_FLASH_END = .

.data_flash.startof
                0x08000000        0x0
                0x08000000                        __ddsc_DATA_FLASH_START = .

__ram_from_data_flash$$
                0x20000000        0x0 load address 0x08000000
                0x20000000                        __ram_from_data_flash$$Base = .
                0x08000000                        __ram_from_data_flash$$Load = LOADADDR (__ram_from_data_flash$$)
 *(.ram_from_data_flash)
 *(.ram_code_from_data_flash)
                0x20000000                        __ram_from_data_flash$$Limit = .

__data_flash_readonly$$
                0x08000000        0x0
                0x08000000                        __data_flash_readonly$$Base = .
 *(.data_flash)
 *(.data_flash_code)
                0x08000000                        __data_flash_readonly$$Limit = .

__data_flash_noinit$$
                0x08000000        0x0
                0x08000000                        __data_flash_noinit$$Base = .
 *(.data_flash_noinit)
                0x08000000                        __data_flash_noinit$$Limit = .

.data_flash.endof
                0x08000000        0x0
                0x08000000                        __ddsc_DATA_FLASH_END = .

.flash.startof  0x00000000        0x0
                0x00000000                        __ddsc_FLASH_START = .

__flash_vectors$$
                0x00000000       0x44
                0x00000000                        __flash_vectors$$Base = .
                0x00000000                        _VECTORS = .
 *(.fixed_vectors)
 .fixed_vectors
                0x00000000       0x40 ./ra/fsp/src/bsp/cmsis/Device/RENESAS/Source/startup.o
                0x00000000                __Vectors
 *(.application_vectors)
 .application_vectors
                0x00000040        0x4 ./ra_gen/vector_data.o
                0x00000040                g_vector_table
                0x00000044                        __flash_vectors$$Limit = .

__flash_noinit$$
                0x00000044        0x0
                0x00000044                        __flash_noinit$$Base = .
 *(.flash_noinit)
                0x00000044                        __flash_noinit$$Limit = .

__ram_from_flash$$
                0x20000000        0x0 load address 0x00000044
                0x20000000                        __ram_from_flash$$Base = .
                0x00000044                        __ram_from_flash$$Load = LOADADDR (__ram_from_flash$$)
 *(.ram_from_flash)
 *(.ram_code_from_flash)
 *(.data*)
 *(vtable)
                0x20000000                        __ram_from_flash$$Limit = .

__ram_noinit_nocache$$
                0x20000000        0x0 load address 0x00000060
                0x20000000                        __ram_noinit_nocache$$Base = .
 *(.ram_noinit_nocache)
                0x20000000                        __ram_noinit_nocache$$Limit = .

__ram_zero_nocache$$
                0x20000000        0x0 load address 0x00000044
                0x20000000                        __ram_zero_nocache$$Base = .
 *(.ram_nocache)
                0x20000000                        . = ALIGN (0x20)
                0x20000000                        __ram_zero_nocache$$Limit = .

__ram_noinit$$  0x20000000      0x418 load address 0x00000044
                0x20000000                        __ram_noinit$$Base = .
 *(.bss.g_heap)
 *(.bss.g_main_stack)
 .bss.g_main_stack
                0x20000000      0x400 ./ra/fsp/src/bsp/cmsis/Device/RENESAS/Source/startup.o
                0x20000000                g_main_stack
 *(.ram_noinit)
 .ram_noinit    0x20000400       0x18 ./ra/fsp/src/bsp/mcu/all/bsp_clocks.o
 *(.noinit)
                0x20000418                        __ram_noinit$$Limit = .

__ram_zero$$    0x20000418       0xa4 load address 0x00000044
                0x20000418                        __ram_zero$$Base = .
 *(.ram)
 *(.bss*)
 .bss.completed.1
                0x20000418        0x1 C:/Program Files (x86)/Arm GNU Toolchain arm-none-eabi/13.3 rel1/bin/../lib/gcc/arm-none-eabi/13.3.1/thumb/v8-m.main+fp/hard/crtbegin.o
 *fill*         0x20000419        0x3 
 .bss.object.0  0x2000041c       0x18 C:/Program Files (x86)/Arm GNU Toolchain arm-none-eabi/13.3 rel1/bin/../lib/gcc/arm-none-eabi/13.3.1/thumb/v8-m.main+fp/hard/crtbegin.o
 .bss.adc_flag  0x20000434        0x1 ./src/adc.o
                0x20000434                adc_flag
 *fill*         0x20000435        0x3 
 .bss.g_ioport_ctrl
                0x20000438        0x8 ./ra_gen/common_data.o
                0x20000438                g_ioport_ctrl
 .bss.g_adc0_ctrl
                0x20000440       0x24 ./ra_gen/hal_data.o
                0x20000440                g_adc0_ctrl
 .bss.g_bsp_group_irq_sources
                0x20000464       0x40 ./ra/fsp/src/bsp/mcu/all/bsp_group_irq.o
                0x20000464                g_bsp_group_irq_sources
 .bss.g_protect_pfswe_counter
                0x200004a4        0x4 ./ra/fsp/src/bsp/mcu/all/bsp_io.o
                0x200004a4                g_protect_pfswe_counter
 .bss.gp_renesas_isr_context
                0x200004a8        0x4 ./ra/fsp/src/bsp/mcu/all/bsp_irq.o
                0x200004a8                gp_renesas_isr_context
 .bss.g_protect_counters
                0x200004ac        0xa ./ra/fsp/src/bsp/mcu/all/bsp_register_protection.o
                0x200004ac                g_protect_counters
 *fill*         0x200004b6        0x2 
 .bss.SystemCoreClock
                0x200004b8        0x4 ./ra/fsp/src/bsp/cmsis/Device/RENESAS/Source/system.o
                0x200004b8                SystemCoreClock
                0x200004bc                        __ram_zero$$Limit = .

__ram_thread_stack$$
                0x200004c0        0x0 load address 0x00000048
                0x200004c0                        __ram_thread_stack$$Base = .
 *(.stack?*)
                0x200004c0                        __ram_thread_stack$$Limit = .

.ram.endof      0x20002000        0x0
                0x20002000                        __ddsc_RAM_END = .

.ram.flat_nsc   0x20002000        0x0
                0x20002000                        __ddsc_RAM_NSC = .

__flash_readonly$$
                0x00000044      0xdf8
                0x00000044                        __flash_readonly$$Base = .
 *(.flash)
 *(.flash_code)
 *(.text*)
 .text.deregister_tm_clones
                0x00000044       0x1c C:/Program Files (x86)/Arm GNU Toolchain arm-none-eabi/13.3 rel1/bin/../lib/gcc/arm-none-eabi/13.3.1/thumb/v8-m.main+fp/hard/crtbegin.o
 .text.register_tm_clones
                0x00000060       0x28 C:/Program Files (x86)/Arm GNU Toolchain arm-none-eabi/13.3 rel1/bin/../lib/gcc/arm-none-eabi/13.3.1/thumb/v8-m.main+fp/hard/crtbegin.o
 .text.__do_global_dtors_aux
                0x00000088       0x28 C:/Program Files (x86)/Arm GNU Toolchain arm-none-eabi/13.3 rel1/bin/../lib/gcc/arm-none-eabi/13.3.1/thumb/v8-m.main+fp/hard/crtbegin.o
 .text.frame_dummy
                0x000000b0       0x24 C:/Program Files (x86)/Arm GNU Toolchain arm-none-eabi/13.3 rel1/bin/../lib/gcc/arm-none-eabi/13.3.1/thumb/v8-m.main+fp/hard/crtbegin.o
 .text.adc_init
                0x000000d4       0x30 ./src/adc.o
                0x000000d4                adc_init
 .text.adc_callback
                0x00000104        0xc ./src/adc.o
                0x00000104                adc_callback
 .text.hal_entry
                0x00000110        0x4 ./src/hal_entry.o
                0x00000110                hal_entry
 .text.R_BSP_WarmStart
                0x00000114       0x18 ./src/hal_warmstart.o
                0x00000114                R_BSP_WarmStart
 .text.bsp_run  0x0000012c       0x18 ./src/user.o
                0x0000012c                bsp_run
 .text.startup.main
                0x00000144        0xc ./ra_gen/main.o
                0x00000144                main
 .text.bsp_vbatt_init
                0x00000150       0x8c ./ra/fsp/src/r_ioport/r_ioport.o
 .text.r_ioport_pins_config
                0x000001dc       0xac ./ra/fsp/src/r_ioport/r_ioport.o
 .text.R_IOPORT_Open
                0x00000288       0x14 ./ra/fsp/src/r_ioport/r_ioport.o
                0x00000288                R_IOPORT_Open
 .text.r_adc_call_callback
                0x0000029c       0x54 ./ra/fsp/src/r_adc/r_adc.o
 .text.r_adc_scan_end_common_isr
                0x000002f0       0x5c ./ra/fsp/src/r_adc/r_adc.o
 .text.R_ADC_ScanCfg
                0x0000034c      0x200 ./ra/fsp/src/r_adc/r_adc.o
                0x0000034c                R_ADC_ScanCfg
 .text.r_adc_irq_enable.part.0
                0x0000054c       0x5c ./ra/fsp/src/r_adc/r_adc.o
 .text.R_ADC_Open
                0x000005a8      0x134 ./ra/fsp/src/r_adc/r_adc.o
                0x000005a8                R_ADC_Open
 .text.R_ADC_Close
                0x000006dc       0xf4 ./ra/fsp/src/r_adc/r_adc.o
                0x000006dc                R_ADC_Close
 .text.adc_scan_end_isr
                0x000007d0        0x8 ./ra/fsp/src/r_adc/r_adc.o
                0x000007d0                adc_scan_end_isr
 .text.SystemCoreClockUpdate
                0x000007d8       0x28 ./ra/fsp/src/bsp/mcu/all/bsp_clocks.o
                0x000007d8                SystemCoreClockUpdate
 .text.R_BSP_SubClockStabilizeWaitAfterReset
                0x00000800        0x4 ./ra/fsp/src/bsp/mcu/all/bsp_clocks.o
                0x00000800                R_BSP_SubClockStabilizeWaitAfterReset
 .text.bsp_clock_init
                0x00000804      0x13c ./ra/fsp/src/bsp/mcu/all/bsp_clocks.o
                0x00000804                bsp_clock_init
 .text.R_BSP_Init_RTC
                0x00000940       0x7c ./ra/fsp/src/bsp/mcu/all/bsp_clocks.o
                0x00000940                R_BSP_Init_RTC
 .text.bsp_init_internal
                0x000009bc        0x4 ./ra/fsp/src/bsp/mcu/all/bsp_common.o
                0x000009bc                bsp_init_internal
                0x000009bc                bsp_init
 .text.bsp_prv_software_delay_loop
                0x000009c0        0xc ./ra/fsp/src/bsp/mcu/all/bsp_delay.o
                0x000009c0                bsp_prv_software_delay_loop
 .text.R_BSP_SoftwareDelay
                0x000009cc       0x8c ./ra/fsp/src/bsp/mcu/all/bsp_delay.o
                0x000009cc                R_BSP_SoftwareDelay
 .text.NMI_Handler
                0x00000a58       0x3c ./ra/fsp/src/bsp/mcu/all/bsp_group_irq.o
                0x00000a58                NMI_Handler
 .text.bsp_irq_cfg
                0x00000a94       0x68 ./ra/fsp/src/bsp/mcu/all/bsp_irq.o
                0x00000a94                bsp_irq_cfg
 .text.R_BSP_RegisterProtectEnable
                0x00000afc       0x60 ./ra/fsp/src/bsp/mcu/all/bsp_register_protection.o
                0x00000afc                R_BSP_RegisterProtectEnable
 .text.R_BSP_RegisterProtectDisable
                0x00000b5c       0x54 ./ra/fsp/src/bsp/mcu/all/bsp_register_protection.o
                0x00000b5c                R_BSP_RegisterProtectDisable
 .text.Default_Handler
                0x00000bb0        0x4 ./ra/fsp/src/bsp/cmsis/Device/RENESAS/Source/startup.o
                0x00000bb0                DebugMon_Handler
                0x00000bb0                HardFault_Handler
                0x00000bb0                SysTick_Handler
                0x00000bb0                PendSV_Handler
                0x00000bb0                UsageFault_Handler
                0x00000bb0                SecureFault_Handler
                0x00000bb0                Default_Handler
                0x00000bb0                MemManage_Handler
                0x00000bb0                SVC_Handler
                0x00000bb0                BusFault_Handler
 .text.Reset_Handler
                0x00000bb4        0xc ./ra/fsp/src/bsp/cmsis/Device/RENESAS/Source/startup.o
                0x00000bb4                Reset_Handler
 .text.SystemRuntimeInit
                0x00000bc0       0x64 ./ra/fsp/src/bsp/cmsis/Device/RENESAS/Source/system.o
 .text.SystemInit
                0x00000c24       0xc0 ./ra/fsp/src/bsp/cmsis/Device/RENESAS/Source/system.o
                0x00000c24                SystemInit
 .text.memset   0x00000ce4       0x10 C:/Program Files (x86)/Arm GNU Toolchain arm-none-eabi/13.3 rel1/bin/../lib/gcc/arm-none-eabi/13.3.1/thumb/v8-m.main+fp/hard\libg_nano.a(libc_a-memset.o)
                0x00000ce4                memset
 .text.memcpy   0x00000cf4       0x1a C:/Program Files (x86)/Arm GNU Toolchain arm-none-eabi/13.3 rel1/bin/../lib/gcc/arm-none-eabi/13.3.1/thumb/v8-m.main+fp/hard\libg_nano.a(libc_a-memcpy-stub.o)
                0x00000cf4                memcpy
 *(.rodata*)
 *fill*         0x00000d0e        0x2 
 .rodata.g_adc0_channel_cfg
                0x00000d10       0x14 ./ra_gen/hal_data.o
                0x00000d10                g_adc0_channel_cfg
 .rodata.g_adc0_cfg
                0x00000d24       0x18 ./ra_gen/hal_data.o
                0x00000d24                g_adc0_cfg
 .rodata.g_adc0_cfg_extend
                0x00000d3c        0xb ./ra_gen/hal_data.o
                0x00000d3c                g_adc0_cfg_extend
 *fill*         0x00000d47        0x1 
 .rodata.g_bsp_pin_cfg
                0x00000d48        0xc ./ra_gen/pin_data.o
                0x00000d48                g_bsp_pin_cfg
 .rodata.g_bsp_pin_cfg_data
                0x00000d54       0x18 ./ra_gen/pin_data.o
                0x00000d54                g_bsp_pin_cfg_data
 .rodata.g_interrupt_event_link_select
                0x00000d6c        0x2 ./ra_gen/vector_data.o
                0x00000d6c                g_interrupt_event_link_select
 *fill*         0x00000d6e        0x2 
 .rodata.g_vbatt_pins_input
                0x00000d70        0x6 ./ra/fsp/src/r_ioport/r_ioport.o
 *fill*         0x00000d76        0x2 
 .rodata.g_init_info
                0x00000d78       0x18 ./ra/fsp/src/bsp/mcu/ra6e2/bsp_linker.o
                0x00000d78                g_init_info
 .rodata.nocache_list
                0x00000d90        0x8 ./ra/fsp/src/bsp/mcu/ra6e2/bsp_linker.o
 .rodata.copy_list
                0x00000d98       0x30 ./ra/fsp/src/bsp/mcu/ra6e2/bsp_linker.o
 .rodata.zero_list
                0x00000dc8       0x18 ./ra/fsp/src/bsp/mcu/ra6e2/bsp_linker.o
 .rodata.g_prcr_masks
                0x00000de0        0xa ./ra/fsp/src/bsp/mcu/all/bsp_register_protection.o
 *(.mcuboot_sce9_key)
 *(.version)
 *fill*         0x00000dea        0x2 
 .version       0x00000dec       0x50 ./ra/fsp/src/bsp/mcu/all/bsp_common.o
                0x00000e3c                        __flash_readonly$$Limit = .

.glue_7         0x00000e3c        0x0
 .glue_7        0x00000e3c        0x0 linker stubs

.glue_7t        0x00000e3c        0x0
 .glue_7t       0x00000e3c        0x0 linker stubs

.vfp11_veneer   0x00000e3c        0x0
 .vfp11_veneer  0x00000e3c        0x0 linker stubs

.v4_bx          0x00000e3c        0x0
 .v4_bx         0x00000e3c        0x0 linker stubs

.init           0x00000e3c        0x4
 .init          0x00000e3c        0x4 C:/Program Files (x86)/Arm GNU Toolchain arm-none-eabi/13.3 rel1/bin/../lib/gcc/arm-none-eabi/13.3.1/thumb/v8-m.main+fp/hard/crti.o
                0x00000e3c                _init

.fini           0x00000e40        0x4
 .fini          0x00000e40        0x4 C:/Program Files (x86)/Arm GNU Toolchain arm-none-eabi/13.3 rel1/bin/../lib/gcc/arm-none-eabi/13.3.1/thumb/v8-m.main+fp/hard/crti.o
                0x00000e40                _fini

.iplt           0x00000e44        0x0
 .iplt          0x00000e44        0x0 C:/Program Files (x86)/Arm GNU Toolchain arm-none-eabi/13.3 rel1/bin/../lib/gcc/arm-none-eabi/13.3.1/thumb/v8-m.main+fp/hard/crtbegin.o

__flash_ctor$$
 *crtbegin.o(.ctors)
 *crtbegin?.o(.ctors)
 EXCLUDE_FILE(*crtend.o *crtend?.o) *(.ctors)
 *(SORT_BY_NAME(.ctors.*))
 *(.ctors)
 *crtbegin.o(.dtors)
 *crtbegin?.o(.dtors)
 EXCLUDE_FILE(*crtend.o *crtend?.o) *(.dtors)
 *(SORT_BY_NAME(.dtors.*))
 *(.dtors)

__flash_preinit_array$$
                0x00000e44        0x0
                0x00000e44                        __preinit_array_start = .
 *(.preinit_array)
                0x00000e44                        __preinit_array_end = .

__flash_.got$$
 *(.got.plt)
 *(.got)

__flash_init_array$$
                0x00000e44        0x4
                0x00000e44                        __init_array_start = .
 *(SORT_BY_NAME(.init_array.*))
 *(.init_array)
 .init_array    0x00000e44        0x4 C:/Program Files (x86)/Arm GNU Toolchain arm-none-eabi/13.3 rel1/bin/../lib/gcc/arm-none-eabi/13.3.1/thumb/v8-m.main+fp/hard/crtbegin.o
                0x00000e48                        __init_array_end = .

__flash_fini_array$$
                0x00000e48        0x4
                0x00000e48                        __fini_array_start = .
 *(SORT_BY_NAME(.fini_array.*))
 *(.fini_array)
 .fini_array    0x00000e48        0x4 C:/Program Files (x86)/Arm GNU Toolchain arm-none-eabi/13.3 rel1/bin/../lib/gcc/arm-none-eabi/13.3.1/thumb/v8-m.main+fp/hard/crtbegin.o
                0x00000e4c                        __fini_array_end = .

__flash_arm.extab$$
 *(.ARM.extab*)
 *(.gnu.linkonce.armextab.*)

__flash_arm.exidx$$
                0x00000e4c        0x0
                0x00000e4c                        __exidx_start = .
 *(.ARM.exidx*)
 *(.gnu.linkonce.armexidx.*)
                0x00000e4c                        __exidx_end = .

.flash.endof    0x00008000        0x0
                0x00008000                        __ddsc_FLASH_END = .

.flash.flat_nsc
                0x00008000        0x0
                0x00008000                        __ddsc_FLASH_NSC = .

.option_setting_ofs0.startof
                0x0100a100        0x0
                0x0100a100                        __ddsc_OPTION_SETTING_OFS0_START = .

__option_setting_ofs0_reg$$
                0x0100a100        0x4
                0x0100a100                        __option_setting_ofs0_reg$$Base = .
 *(.option_setting_ofs0)
 .option_setting_ofs0
                0x0100a100        0x4 ./ra/fsp/src/bsp/mcu/ra6e2/bsp_linker.o
                0x0100a104                        __option_setting_ofs0_reg$$Limit = .

.option_setting_ofs0.endof
                0x0100a104        0x0
                0x0100a104                        __ddsc_OPTION_SETTING_OFS0_END = .

.option_setting_osis.startof
                0x0100a120        0x0
                0x0100a120                        __ddsc_OPTION_SETTING_OSIS_START = .

__option_setting_osis_reg$$
                0x0100a120        0x0
                0x0100a120                        __option_setting_osis_reg$$Base = .
 *(.option_setting_osis)
                0x0100a120                        __option_setting_osis_reg$$Limit = .

.option_setting_osis.endof
                0x0100a120        0x0
                0x0100a120                        __ddsc_OPTION_SETTING_OSIS_END = .

.option_setting_ofs1_sec.startof
                0x0100a200        0x0
                0x0100a200                        __ddsc_OPTION_SETTING_OFS1_SEC_START = .

__option_setting_ofs1_sec_reg$$
                0x0100a200        0x4
                0x0100a200                        __option_setting_ofs1_sec_reg$$Base = .
 *(.option_setting_ofs1_sec)
 .option_setting_ofs1_sec
                0x0100a200        0x4 ./ra/fsp/src/bsp/mcu/ra6e2/bsp_linker.o
                0x0100a204                        __option_setting_ofs1_sec_reg$$Limit = .

.eh_frame       0x0100a204        0x0
 .eh_frame      0x0100a204        0x0 C:/Program Files (x86)/Arm GNU Toolchain arm-none-eabi/13.3 rel1/bin/../lib/gcc/arm-none-eabi/13.3.1/thumb/v8-m.main+fp/hard/crtbegin.o

.rel.dyn        0x0100a204        0x0
 .rel.iplt      0x0100a204        0x0 C:/Program Files (x86)/Arm GNU Toolchain arm-none-eabi/13.3 rel1/bin/../lib/gcc/arm-none-eabi/13.3.1/thumb/v8-m.main+fp/hard/crtbegin.o

.tm_clone_table
                0x0100a204        0x0
 .tm_clone_table
                0x0100a204        0x0 C:/Program Files (x86)/Arm GNU Toolchain arm-none-eabi/13.3 rel1/bin/../lib/gcc/arm-none-eabi/13.3.1/thumb/v8-m.main+fp/hard/crtbegin.o
 .tm_clone_table
                0x0100a204        0x0 C:/Program Files (x86)/Arm GNU Toolchain arm-none-eabi/13.3 rel1/bin/../lib/gcc/arm-none-eabi/13.3.1/thumb/v8-m.main+fp/hard/crtend.o

.igot.plt       0x00000e4c        0x0
 .igot.plt      0x00000e4c        0x0 C:/Program Files (x86)/Arm GNU Toolchain arm-none-eabi/13.3 rel1/bin/../lib/gcc/arm-none-eabi/13.3.1/thumb/v8-m.main+fp/hard/crtbegin.o

.option_setting_ofs1_sec.endof
                0x0100a204        0x0
                0x0100a204                        __ddsc_OPTION_SETTING_OFS1_SEC_END = .

.option_setting_bps_sec.startof
                0x0100a240        0x0
                0x0100a240                        __ddsc_OPTION_SETTING_BPS_SEC_START = .

__option_setting_bps_sec_reg$$
                0x0100a240        0x0
                0x0100a240                        __option_setting_bps_sec_reg$$Base = .
 *(.option_setting_bps_sec)
                0x0100a240                        __option_setting_bps_sec_reg$$Limit = .

.option_setting_bps_sec.endof
                0x0100a240        0x0
                0x0100a240                        __ddsc_OPTION_SETTING_BPS_SEC_END = .

.option_setting_pbps_sec.startof
                0x0100a260        0x0
                0x0100a260                        __ddsc_OPTION_SETTING_PBPS_SEC_START = .

__option_setting_pbps_sec_reg$$
                0x0100a260        0x0
                0x0100a260                        __option_setting_pbps_sec_reg$$Base = .
 *(.option_setting_pbps_sec)
                0x0100a260                        __option_setting_pbps_sec_reg$$Limit = .

.option_setting_pbps_sec.endof
                0x0100a260        0x0
                0x0100a260                        __ddsc_OPTION_SETTING_PBPS_SEC_END = .
OUTPUT(6_ADC.elf elf32-littlearm)
LOAD linker stubs

.ARM.attributes
                0x00000000       0x36
 .ARM.attributes
                0x00000000       0x26 C:/Program Files (x86)/Arm GNU Toolchain arm-none-eabi/13.3 rel1/bin/../lib/gcc/arm-none-eabi/13.3.1/thumb/v8-m.main+fp/hard/crti.o
 .ARM.attributes
                0x00000026       0x38 C:/Program Files (x86)/Arm GNU Toolchain arm-none-eabi/13.3 rel1/bin/../lib/gcc/arm-none-eabi/13.3.1/thumb/v8-m.main+fp/hard/crtbegin.o
 .ARM.attributes
                0x0000005e       0x3a ./src/adc.o
 .ARM.attributes
                0x00000098       0x3a ./src/hal_entry.o
 .ARM.attributes
                0x000000d2       0x3a ./src/hal_warmstart.o
 .ARM.attributes
                0x0000010c       0x3a ./src/user.o
 .ARM.attributes
                0x00000146       0x3a ./ra_gen/common_data.o
 .ARM.attributes
                0x00000180       0x3a ./ra_gen/hal_data.o
 .ARM.attributes
                0x000001ba       0x3a ./ra_gen/main.o
 .ARM.attributes
                0x000001f4       0x3a ./ra_gen/pin_data.o
 .ARM.attributes
                0x0000022e       0x3a ./ra_gen/vector_data.o
 .ARM.attributes
                0x00000268       0x3a ./ra/fsp/src/r_ioport/r_ioport.o
 .ARM.attributes
                0x000002a2       0x3a ./ra/fsp/src/r_adc/r_adc.o
 .ARM.attributes
                0x000002dc       0x3a ./ra/fsp/src/bsp/mcu/ra6e2/bsp_linker.o
 .ARM.attributes
                0x00000316       0x3a ./ra/fsp/src/bsp/mcu/all/bsp_clocks.o
 .ARM.attributes
                0x00000350       0x3a ./ra/fsp/src/bsp/mcu/all/bsp_common.o
 .ARM.attributes
                0x0000038a       0x3a ./ra/fsp/src/bsp/mcu/all/bsp_delay.o
 .ARM.attributes
                0x000003c4       0x3a ./ra/fsp/src/bsp/mcu/all/bsp_group_irq.o
 .ARM.attributes
                0x000003fe       0x3a ./ra/fsp/src/bsp/mcu/all/bsp_io.o
 .ARM.attributes
                0x00000438       0x3a ./ra/fsp/src/bsp/mcu/all/bsp_irq.o
 .ARM.attributes
                0x00000472       0x3a ./ra/fsp/src/bsp/mcu/all/bsp_register_protection.o
 .ARM.attributes
                0x000004ac       0x3a ./ra/fsp/src/bsp/cmsis/Device/RENESAS/Source/startup.o
 .ARM.attributes
                0x000004e6       0x3a ./ra/fsp/src/bsp/cmsis/Device/RENESAS/Source/system.o
 .ARM.attributes
                0x00000520       0x38 C:/Program Files (x86)/Arm GNU Toolchain arm-none-eabi/13.3 rel1/bin/../lib/gcc/arm-none-eabi/13.3.1/thumb/v8-m.main+fp/hard\libg_nano.a(libc_a-memset.o)
 .ARM.attributes
                0x00000558       0x38 C:/Program Files (x86)/Arm GNU Toolchain arm-none-eabi/13.3 rel1/bin/../lib/gcc/arm-none-eabi/13.3.1/thumb/v8-m.main+fp/hard\libg_nano.a(libc_a-memcpy-stub.o)
 .ARM.attributes
                0x00000590       0x38 C:/Program Files (x86)/Arm GNU Toolchain arm-none-eabi/13.3 rel1/bin/../lib/gcc/arm-none-eabi/13.3.1/thumb/v8-m.main+fp/hard/crtend.o

.comment        0x00000000       0x45
 .comment       0x00000000       0x45 ./src/adc.o
                                 0x46 (size before relaxing)
 .comment       0x00000045       0x46 ./src/hal_entry.o
 .comment       0x00000045       0x46 ./src/hal_warmstart.o
 .comment       0x00000045       0x46 ./src/user.o
 .comment       0x00000045       0x46 ./ra_gen/common_data.o
 .comment       0x00000045       0x46 ./ra_gen/hal_data.o
 .comment       0x00000045       0x46 ./ra_gen/main.o
 .comment       0x00000045       0x46 ./ra_gen/pin_data.o
 .comment       0x00000045       0x46 ./ra_gen/vector_data.o
 .comment       0x00000045       0x46 ./ra/fsp/src/r_ioport/r_ioport.o
 .comment       0x00000045       0x46 ./ra/fsp/src/r_adc/r_adc.o
 .comment       0x00000045       0x46 ./ra/fsp/src/bsp/mcu/ra6e2/bsp_linker.o
 .comment       0x00000045       0x46 ./ra/fsp/src/bsp/mcu/all/bsp_clocks.o
 .comment       0x00000045       0x46 ./ra/fsp/src/bsp/mcu/all/bsp_common.o
 .comment       0x00000045       0x46 ./ra/fsp/src/bsp/mcu/all/bsp_delay.o
 .comment       0x00000045       0x46 ./ra/fsp/src/bsp/mcu/all/bsp_group_irq.o
 .comment       0x00000045       0x46 ./ra/fsp/src/bsp/mcu/all/bsp_io.o
 .comment       0x00000045       0x46 ./ra/fsp/src/bsp/mcu/all/bsp_irq.o
 .comment       0x00000045       0x46 ./ra/fsp/src/bsp/mcu/all/bsp_register_protection.o
 .comment       0x00000045       0x46 ./ra/fsp/src/bsp/cmsis/Device/RENESAS/Source/startup.o
 .comment       0x00000045       0x46 ./ra/fsp/src/bsp/cmsis/Device/RENESAS/Source/system.o

.debug_info     0x00000000    0x27b30
 .debug_info    0x00000000     0x356c ./src/adc.o
 .debug_info    0x0000356c       0xa6 ./src/hal_entry.o
 .debug_info    0x00003612      0xfdd ./src/hal_warmstart.o
 .debug_info    0x000045ef      0x11b ./src/user.o
 .debug_info    0x0000470a     0x1241 ./ra_gen/common_data.o
 .debug_info    0x0000594b     0x40d7 ./ra_gen/hal_data.o
 .debug_info    0x00009a22       0xaa ./ra_gen/main.o
 .debug_info    0x00009acc      0xa31 ./ra_gen/pin_data.o
 .debug_info    0x0000a4fd      0x5c6 ./ra_gen/vector_data.o
 .debug_info    0x0000aac3     0x4035 ./ra/fsp/src/r_ioport/r_ioport.o
 .debug_info    0x0000eaf8     0xabd8 ./ra/fsp/src/r_adc/r_adc.o
 .debug_info    0x000196d0      0x3f2 ./ra/fsp/src/bsp/mcu/ra6e2/bsp_linker.o
 .debug_info    0x00019ac2     0x5753 ./ra/fsp/src/bsp/mcu/all/bsp_clocks.o
 .debug_info    0x0001f215      0x954 ./ra/fsp/src/bsp/mcu/all/bsp_common.o
 .debug_info    0x0001fb69      0x204 ./ra/fsp/src/bsp/mcu/all/bsp_delay.o
 .debug_info    0x0001fd6d     0x1348 ./ra/fsp/src/bsp/mcu/all/bsp_group_irq.o
 .debug_info    0x000210b5       0xb2 ./ra/fsp/src/bsp/mcu/all/bsp_io.o
 .debug_info    0x00021167     0x1d20 ./ra/fsp/src/bsp/mcu/all/bsp_irq.o
 .debug_info    0x00022e87     0x3912 ./ra/fsp/src/bsp/mcu/all/bsp_register_protection.o
 .debug_info    0x00026799      0x188 ./ra/fsp/src/bsp/cmsis/Device/RENESAS/Source/startup.o
 .debug_info    0x00026921     0x120f ./ra/fsp/src/bsp/cmsis/Device/RENESAS/Source/system.o

.debug_abbrev   0x00000000     0x28ed
 .debug_abbrev  0x00000000      0x2ae ./src/adc.o
 .debug_abbrev  0x000002ae       0x62 ./src/hal_entry.o
 .debug_abbrev  0x00000310      0x158 ./src/hal_warmstart.o
 .debug_abbrev  0x00000468       0xca ./src/user.o
 .debug_abbrev  0x00000532      0x13a ./ra_gen/common_data.o
 .debug_abbrev  0x0000066c      0x265 ./ra_gen/hal_data.o
 .debug_abbrev  0x000008d1       0x61 ./ra_gen/main.o
 .debug_abbrev  0x00000932       0xff ./ra_gen/pin_data.o
 .debug_abbrev  0x00000a31       0xbc ./ra_gen/vector_data.o
 .debug_abbrev  0x00000aed      0x462 ./ra/fsp/src/r_ioport/r_ioport.o
 .debug_abbrev  0x00000f4f      0x5d6 ./ra/fsp/src/r_adc/r_adc.o
 .debug_abbrev  0x00001525       0xe3 ./ra/fsp/src/bsp/mcu/ra6e2/bsp_linker.o
 .debug_abbrev  0x00001608      0x415 ./ra/fsp/src/bsp/mcu/all/bsp_clocks.o
 .debug_abbrev  0x00001a1d      0x188 ./ra/fsp/src/bsp/mcu/all/bsp_common.o
 .debug_abbrev  0x00001ba5      0x10d ./ra/fsp/src/bsp/mcu/all/bsp_delay.o
 .debug_abbrev  0x00001cb2      0x256 ./ra/fsp/src/bsp/mcu/all/bsp_group_irq.o
 .debug_abbrev  0x00001f08       0x5e ./ra/fsp/src/bsp/mcu/all/bsp_io.o
 .debug_abbrev  0x00001f66      0x299 ./ra/fsp/src/bsp/mcu/all/bsp_irq.o
 .debug_abbrev  0x000021ff      0x27d ./ra/fsp/src/bsp/mcu/all/bsp_register_protection.o
 .debug_abbrev  0x0000247c       0xf9 ./ra/fsp/src/bsp/cmsis/Device/RENESAS/Source/startup.o
 .debug_abbrev  0x00002575      0x378 ./ra/fsp/src/bsp/cmsis/Device/RENESAS/Source/system.o

.debug_loclists
                0x00000000     0x1aeb
 .debug_loclists
                0x00000000       0x6d ./src/adc.o
 .debug_loclists
                0x0000006d       0x29 ./src/hal_warmstart.o
 .debug_loclists
                0x00000096      0x7a2 ./ra/fsp/src/r_ioport/r_ioport.o
 .debug_loclists
                0x00000838      0xc81 ./ra/fsp/src/r_adc/r_adc.o
 .debug_loclists
                0x000014b9      0x24c ./ra/fsp/src/bsp/mcu/all/bsp_clocks.o
 .debug_loclists
                0x00001705       0x20 ./ra/fsp/src/bsp/mcu/all/bsp_common.o
 .debug_loclists
                0x00001725      0x199 ./ra/fsp/src/bsp/mcu/all/bsp_delay.o
 .debug_loclists
                0x000018be       0x73 ./ra/fsp/src/bsp/mcu/all/bsp_group_irq.o
 .debug_loclists
                0x00001931       0x76 ./ra/fsp/src/bsp/mcu/all/bsp_irq.o
 .debug_loclists
                0x000019a7       0xa7 ./ra/fsp/src/bsp/mcu/all/bsp_register_protection.o
 .debug_loclists
                0x00001a4e       0x9d ./ra/fsp/src/bsp/cmsis/Device/RENESAS/Source/system.o

.debug_aranges  0x00000000      0x428
 .debug_aranges
                0x00000000       0x30 ./src/adc.o
 .debug_aranges
                0x00000030       0x20 ./src/hal_entry.o
 .debug_aranges
                0x00000050       0x20 ./src/hal_warmstart.o
 .debug_aranges
                0x00000070       0x20 ./src/user.o
 .debug_aranges
                0x00000090       0x20 ./ra_gen/common_data.o
 .debug_aranges
                0x000000b0       0x20 ./ra_gen/hal_data.o
 .debug_aranges
                0x000000d0       0x20 ./ra_gen/main.o
 .debug_aranges
                0x000000f0       0x18 ./ra_gen/pin_data.o
 .debug_aranges
                0x00000108       0x18 ./ra_gen/vector_data.o
 .debug_aranges
                0x00000120       0x90 ./ra/fsp/src/r_ioport/r_ioport.o
 .debug_aranges
                0x000001b0       0xb8 ./ra/fsp/src/r_adc/r_adc.o
 .debug_aranges
                0x00000268       0x18 ./ra/fsp/src/bsp/mcu/ra6e2/bsp_linker.o
 .debug_aranges
                0x00000280       0x70 ./ra/fsp/src/bsp/mcu/all/bsp_clocks.o
 .debug_aranges
                0x000002f0       0x30 ./ra/fsp/src/bsp/mcu/all/bsp_common.o
 .debug_aranges
                0x00000320       0x28 ./ra/fsp/src/bsp/mcu/all/bsp_delay.o
 .debug_aranges
                0x00000348       0x28 ./ra/fsp/src/bsp/mcu/all/bsp_group_irq.o
 .debug_aranges
                0x00000370       0x18 ./ra/fsp/src/bsp/mcu/all/bsp_io.o
 .debug_aranges
                0x00000388       0x20 ./ra/fsp/src/bsp/mcu/all/bsp_irq.o
 .debug_aranges
                0x000003a8       0x28 ./ra/fsp/src/bsp/mcu/all/bsp_register_protection.o
 .debug_aranges
                0x000003d0       0x28 ./ra/fsp/src/bsp/cmsis/Device/RENESAS/Source/startup.o
 .debug_aranges
                0x000003f8       0x30 ./ra/fsp/src/bsp/cmsis/Device/RENESAS/Source/system.o

.debug_rnglists
                0x00000000      0x563
 .debug_rnglists
                0x00000000       0x1f ./src/adc.o
 .debug_rnglists
                0x0000001f       0x13 ./src/hal_entry.o
 .debug_rnglists
                0x00000032       0x13 ./src/hal_warmstart.o
 .debug_rnglists
                0x00000045       0x13 ./src/user.o
 .debug_rnglists
                0x00000058       0x13 ./ra_gen/common_data.o
 .debug_rnglists
                0x0000006b       0x13 ./ra_gen/hal_data.o
 .debug_rnglists
                0x0000007e       0x13 ./ra_gen/main.o
 .debug_rnglists
                0x00000091       0xbb ./ra/fsp/src/r_ioport/r_ioport.o
 .debug_rnglists
                0x0000014c      0x212 ./ra/fsp/src/r_adc/r_adc.o
 .debug_rnglists
                0x0000035e       0xc4 ./ra/fsp/src/bsp/mcu/all/bsp_clocks.o
 .debug_rnglists
                0x00000422       0x1f ./ra/fsp/src/bsp/mcu/all/bsp_common.o
 .debug_rnglists
                0x00000441       0x35 ./ra/fsp/src/bsp/mcu/all/bsp_delay.o
 .debug_rnglists
                0x00000476       0x37 ./ra/fsp/src/bsp/mcu/all/bsp_group_irq.o
 .debug_rnglists
                0x000004ad       0x31 ./ra/fsp/src/bsp/mcu/all/bsp_irq.o
 .debug_rnglists
                0x000004de       0x31 ./ra/fsp/src/bsp/mcu/all/bsp_register_protection.o
 .debug_rnglists
                0x0000050f       0x19 ./ra/fsp/src/bsp/cmsis/Device/RENESAS/Source/startup.o
 .debug_rnglists
                0x00000528       0x3b ./ra/fsp/src/bsp/cmsis/Device/RENESAS/Source/system.o

.debug_line     0x00000000     0x530f
 .debug_line    0x00000000      0x361 ./src/adc.o
 .debug_line    0x00000361       0x4f ./src/hal_entry.o
 .debug_line    0x000003b0      0x2b1 ./src/hal_warmstart.o
 .debug_line    0x00000661      0x19c ./src/user.o
 .debug_line    0x000007fd      0x25f ./ra_gen/common_data.o
 .debug_line    0x00000a5c      0x2e5 ./ra_gen/hal_data.o
 .debug_line    0x00000d41       0x5e ./ra_gen/main.o
 .debug_line    0x00000d9f      0x1e0 ./ra_gen/pin_data.o
 .debug_line    0x00000f7f      0x10e ./ra_gen/vector_data.o
 .debug_line    0x0000108d      0xa65 ./ra/fsp/src/r_ioport/r_ioport.o
 .debug_line    0x00001af2     0x1483 ./ra/fsp/src/r_adc/r_adc.o
 .debug_line    0x00002f75      0x13b ./ra/fsp/src/bsp/mcu/ra6e2/bsp_linker.o
 .debug_line    0x000030b0      0x8b9 ./ra/fsp/src/bsp/mcu/all/bsp_clocks.o
 .debug_line    0x00003969      0x274 ./ra/fsp/src/bsp/mcu/all/bsp_common.o
 .debug_line    0x00003bdd      0x2b7 ./ra/fsp/src/bsp/mcu/all/bsp_delay.o
 .debug_line    0x00003e94      0x2d8 ./ra/fsp/src/bsp/mcu/all/bsp_group_irq.o
 .debug_line    0x0000416c      0x164 ./ra/fsp/src/bsp/mcu/all/bsp_io.o
 .debug_line    0x000042d0      0x48e ./ra/fsp/src/bsp/mcu/all/bsp_irq.o
 .debug_line    0x0000475e      0x390 ./ra/fsp/src/bsp/mcu/all/bsp_register_protection.o
 .debug_line    0x00004aee      0x1d0 ./ra/fsp/src/bsp/cmsis/Device/RENESAS/Source/startup.o
 .debug_line    0x00004cbe      0x651 ./ra/fsp/src/bsp/cmsis/Device/RENESAS/Source/system.o

.debug_str      0x00000000     0xc314
 .debug_str     0x00000000     0xc314 ./src/adc.o
                               0x39c3 (size before relaxing)
 .debug_str     0x0000c314      0x1d4 ./src/hal_entry.o
 .debug_str     0x0000c314     0x31c3 ./src/hal_warmstart.o
 .debug_str     0x0000c314      0x25a ./src/user.o
 .debug_str     0x0000c314     0x338e ./ra_gen/common_data.o
 .debug_str     0x0000c314     0x56e7 ./ra_gen/hal_data.o
 .debug_str     0x0000c314      0x1cf ./ra_gen/main.o
 .debug_str     0x0000c314     0x1da5 ./ra_gen/pin_data.o
 .debug_str     0x0000c314     0x13b1 ./ra_gen/vector_data.o
 .debug_str     0x0000c314     0x44fe ./ra/fsp/src/r_ioport/r_ioport.o
 .debug_str     0x0000c314     0x7e4a ./ra/fsp/src/r_adc/r_adc.o
 .debug_str     0x0000c314      0x60a ./ra/fsp/src/bsp/mcu/ra6e2/bsp_linker.o
 .debug_str     0x0000c314     0x26f3 ./ra/fsp/src/bsp/mcu/all/bsp_clocks.o
 .debug_str     0x0000c314     0x1c83 ./ra/fsp/src/bsp/mcu/all/bsp_common.o
 .debug_str     0x0000c314      0x31f ./ra/fsp/src/bsp/mcu/all/bsp_delay.o
 .debug_str     0x0000c314     0x21ea ./ra/fsp/src/bsp/mcu/all/bsp_group_irq.o
 .debug_str     0x0000c314      0x1fe ./ra/fsp/src/bsp/mcu/all/bsp_io.o
 .debug_str     0x0000c314     0x1e05 ./ra/fsp/src/bsp/mcu/all/bsp_irq.o
 .debug_str     0x0000c314     0x1b77 ./ra/fsp/src/bsp/mcu/all/bsp_register_protection.o
 .debug_str     0x0000c314      0x26d ./ra/fsp/src/bsp/cmsis/Device/RENESAS/Source/startup.o
 .debug_str     0x0000c314      0xacf ./ra/fsp/src/bsp/cmsis/Device/RENESAS/Source/system.o

.debug_frame    0x00000000      0x7a4
 .debug_frame   0x00000000       0x60 ./src/adc.o
 .debug_frame   0x00000060       0x20 ./src/hal_entry.o
 .debug_frame   0x00000080       0x20 ./src/hal_warmstart.o
 .debug_frame   0x000000a0       0x28 ./src/user.o
 .debug_frame   0x000000c8       0x20 ./ra_gen/common_data.o
 .debug_frame   0x000000e8       0x20 ./ra_gen/hal_data.o
 .debug_frame   0x00000108       0x28 ./ra_gen/main.o
 .debug_frame   0x00000130      0x178 ./ra/fsp/src/r_ioport/r_ioport.o
 .debug_frame   0x000002a8      0x1dc ./ra/fsp/src/r_adc/r_adc.o
 .debug_frame   0x00000484       0xfc ./ra/fsp/src/bsp/mcu/all/bsp_clocks.o
 .debug_frame   0x00000580       0x40 ./ra/fsp/src/bsp/mcu/all/bsp_common.o
 .debug_frame   0x000005c0       0x4c ./ra/fsp/src/bsp/mcu/all/bsp_delay.o
 .debug_frame   0x0000060c       0x3c ./ra/fsp/src/bsp/mcu/all/bsp_group_irq.o
 .debug_frame   0x00000648       0x30 ./ra/fsp/src/bsp/mcu/all/bsp_irq.o
 .debug_frame   0x00000678       0x48 ./ra/fsp/src/bsp/mcu/all/bsp_register_protection.o
 .debug_frame   0x000006c0       0x38 ./ra/fsp/src/bsp/cmsis/Device/RENESAS/Source/startup.o
 .debug_frame   0x000006f8       0x64 ./ra/fsp/src/bsp/cmsis/Device/RENESAS/Source/system.o
 .debug_frame   0x0000075c       0x20 C:/Program Files (x86)/Arm GNU Toolchain arm-none-eabi/13.3 rel1/bin/../lib/gcc/arm-none-eabi/13.3.1/thumb/v8-m.main+fp/hard\libg_nano.a(libc_a-memset.o)
 .debug_frame   0x0000077c       0x28 C:/Program Files (x86)/Arm GNU Toolchain arm-none-eabi/13.3 rel1/bin/../lib/gcc/arm-none-eabi/13.3.1/thumb/v8-m.main+fp/hard\libg_nano.a(libc_a-memcpy-stub.o)
