Archive member included to satisfy reference by file (symbol)

C:/Program Files (x86)/Arm GNU Toolchain arm-none-eabi/13.3 rel1/bin/../lib/gcc/arm-none-eabi/13.3.1/thumb/v8-m.main+fp/hard\libgcc.a(_aeabi_ldivmod.o)
                              ./ra/fsp/src/r_sci_uart/r_sci_uart.o (__aeabi_ldivmod)
C:/Program Files (x86)/Arm GNU Toolchain arm-none-eabi/13.3 rel1/bin/../lib/gcc/arm-none-eabi/13.3.1/thumb/v8-m.main+fp/hard\libgcc.a(_udivmoddi4.o)
                              C:/Program Files (x86)/Arm GNU Toolchain arm-none-eabi/13.3 rel1/bin/../lib/gcc/arm-none-eabi/13.3.1/thumb/v8-m.main+fp/hard\libgcc.a(_aeabi_ldivmod.o) (__udivmoddi4)
C:/Program Files (x86)/Arm GNU Toolchain arm-none-eabi/13.3 rel1/bin/../lib/gcc/arm-none-eabi/13.3.1/thumb/v8-m.main+fp/hard\libgcc.a(_dvmd_tls.o)
                              C:/Program Files (x86)/Arm GNU Toolchain arm-none-eabi/13.3 rel1/bin/../lib/gcc/arm-none-eabi/13.3.1/thumb/v8-m.main+fp/hard\libgcc.a(_aeabi_ldivmod.o) (__aeabi_ldiv0)
C:/Program Files (x86)/Arm GNU Toolchain arm-none-eabi/13.3 rel1/bin/../lib/gcc/arm-none-eabi/13.3.1/thumb/v8-m.main+fp/hard\libg_nano.a(libc_a-exit.o)
                              C:/Program Files (x86)/Arm GNU Toolchain arm-none-eabi/13.3 rel1/bin/../lib/gcc/arm-none-eabi/13.3.1/thumb/v8-m.main+fp/hard/crt0.o (exit)
C:/Program Files (x86)/Arm GNU Toolchain arm-none-eabi/13.3 rel1/bin/../lib/gcc/arm-none-eabi/13.3.1/thumb/v8-m.main+fp/hard\libg_nano.a(libc_a-findfp.o)
                              C:/Program Files (x86)/Arm GNU Toolchain arm-none-eabi/13.3 rel1/bin/../lib/gcc/arm-none-eabi/13.3.1/thumb/v8-m.main+fp/hard\libg_nano.a(libc_a-exit.o) (__stdio_exit_handler)
C:/Program Files (x86)/Arm GNU Toolchain arm-none-eabi/13.3 rel1/bin/../lib/gcc/arm-none-eabi/13.3.1/thumb/v8-m.main+fp/hard\libg_nano.a(libc_a-fwalk.o)
                              C:/Program Files (x86)/Arm GNU Toolchain arm-none-eabi/13.3 rel1/bin/../lib/gcc/arm-none-eabi/13.3.1/thumb/v8-m.main+fp/hard\libg_nano.a(libc_a-findfp.o) (_fwalk_sglue)
C:/Program Files (x86)/Arm GNU Toolchain arm-none-eabi/13.3 rel1/bin/../lib/gcc/arm-none-eabi/13.3.1/thumb/v8-m.main+fp/hard\libg_nano.a(libc_a-puts.o)
                              ./src/uart.o (puts)
C:/Program Files (x86)/Arm GNU Toolchain arm-none-eabi/13.3 rel1/bin/../lib/gcc/arm-none-eabi/13.3.1/thumb/v8-m.main+fp/hard\libg_nano.a(libc_a-stdio.o)
                              C:/Program Files (x86)/Arm GNU Toolchain arm-none-eabi/13.3 rel1/bin/../lib/gcc/arm-none-eabi/13.3.1/thumb/v8-m.main+fp/hard\libg_nano.a(libc_a-findfp.o) (__sread)
C:/Program Files (x86)/Arm GNU Toolchain arm-none-eabi/13.3 rel1/bin/../lib/gcc/arm-none-eabi/13.3.1/thumb/v8-m.main+fp/hard\libg_nano.a(libc_a-wbuf.o)
                              C:/Program Files (x86)/Arm GNU Toolchain arm-none-eabi/13.3 rel1/bin/../lib/gcc/arm-none-eabi/13.3.1/thumb/v8-m.main+fp/hard\libg_nano.a(libc_a-puts.o) (__swbuf_r)
C:/Program Files (x86)/Arm GNU Toolchain arm-none-eabi/13.3 rel1/bin/../lib/gcc/arm-none-eabi/13.3.1/thumb/v8-m.main+fp/hard\libg_nano.a(libc_a-wsetup.o)
                              C:/Program Files (x86)/Arm GNU Toolchain arm-none-eabi/13.3 rel1/bin/../lib/gcc/arm-none-eabi/13.3.1/thumb/v8-m.main+fp/hard\libg_nano.a(libc_a-puts.o) (__swsetup_r)
C:/Program Files (x86)/Arm GNU Toolchain arm-none-eabi/13.3 rel1/bin/../lib/gcc/arm-none-eabi/13.3.1/thumb/v8-m.main+fp/hard\libg_nano.a(libc_a-memset.o)
                              C:/Program Files (x86)/Arm GNU Toolchain arm-none-eabi/13.3 rel1/bin/../lib/gcc/arm-none-eabi/13.3.1/thumb/v8-m.main+fp/hard/crt0.o (memset)
C:/Program Files (x86)/Arm GNU Toolchain arm-none-eabi/13.3 rel1/bin/../lib/gcc/arm-none-eabi/13.3.1/thumb/v8-m.main+fp/hard\libg_nano.a(libc_a-closer.o)
                              C:/Program Files (x86)/Arm GNU Toolchain arm-none-eabi/13.3 rel1/bin/../lib/gcc/arm-none-eabi/13.3.1/thumb/v8-m.main+fp/hard\libg_nano.a(libc_a-stdio.o) (_close_r)
C:/Program Files (x86)/Arm GNU Toolchain arm-none-eabi/13.3 rel1/bin/../lib/gcc/arm-none-eabi/13.3.1/thumb/v8-m.main+fp/hard\libg_nano.a(libc_a-reent.o)
                              C:/Program Files (x86)/Arm GNU Toolchain arm-none-eabi/13.3 rel1/bin/../lib/gcc/arm-none-eabi/13.3.1/thumb/v8-m.main+fp/hard\libg_nano.a(libc_a-closer.o) (errno)
C:/Program Files (x86)/Arm GNU Toolchain arm-none-eabi/13.3 rel1/bin/../lib/gcc/arm-none-eabi/13.3.1/thumb/v8-m.main+fp/hard\libg_nano.a(libc_a-impure.o)
                              C:/Program Files (x86)/Arm GNU Toolchain arm-none-eabi/13.3 rel1/bin/../lib/gcc/arm-none-eabi/13.3.1/thumb/v8-m.main+fp/hard\libg_nano.a(libc_a-puts.o) (_impure_ptr)
C:/Program Files (x86)/Arm GNU Toolchain arm-none-eabi/13.3 rel1/bin/../lib/gcc/arm-none-eabi/13.3.1/thumb/v8-m.main+fp/hard\libg_nano.a(libc_a-lseekr.o)
                              C:/Program Files (x86)/Arm GNU Toolchain arm-none-eabi/13.3 rel1/bin/../lib/gcc/arm-none-eabi/13.3.1/thumb/v8-m.main+fp/hard\libg_nano.a(libc_a-stdio.o) (_lseek_r)
[...]
Memory Configuration

Name             Origin             Length             Attributes
RAM              0x20000000         0x0000a000         xrw
FLASH            0x00000000         0x00040000         xr
DATA_FLASH       0x08000000         0x00001000         xr
QSPI_FLASH       0x60000000         0x04000000         xr
OPTION_SETTING_OFS0 0x0100a100         0x00000004         r
OPTION_SETTING_OSIS 0x0100a120         0x00000010         r
OPTION_SETTING_OFS1_SEC 0x0100a200         0x00000004         r
OPTION_SETTING_BPS_SEC 0x0100a240         0x00000004         r
OPTION_SETTING_PBPS_SEC 0x0100a260         0x00000004         r
*default*        0x00000000         0xffffffff

Linker script and memory map

LOAD C:/Program Files (x86)/Arm GNU Toolchain arm-none-eabi/13.3 rel1/bin/../lib/gcc/arm-none-eabi/13.3.1/thumb/v8-m.main+fp/hard/crti.o
LOAD C:/Program Files (x86)/Arm GNU Toolchain arm-none-eabi/13.3 rel1/bin/../lib/gcc/arm-none-eabi/13.3.1/thumb/v8-m.main+fp/hard/crtbegin.o
LOAD C:/Program Files (x86)/Arm GNU Toolchain arm-none-eabi/13.3 rel1/bin/../lib/gcc/arm-none-eabi/13.3.1/thumb/v8-m.main+fp/hard/crt0.o
START GROUP
LOAD ./src/hal_entry.o
LOAD ./src/hal_warmstart.o
LOAD ./src/uart.o
LOAD ./src/user.o
LOAD ./ra_gen/common_data.o
LOAD ./ra_gen/hal_data.o
LOAD ./ra_gen/main.o
LOAD ./ra_gen/pin_data.o
LOAD ./ra_gen/vector_data.o
LOAD ./ra/fsp/src/r_sci_uart/r_sci_uart.o
LOAD ./ra/fsp/src/r_ioport/r_ioport.o
LOAD ./ra/fsp/src/bsp/mcu/ra6e2/bsp_linker.o
LOAD ./ra/fsp/src/bsp/mcu/all/bsp_clocks.o
LOAD ./ra/fsp/src/bsp/mcu/all/bsp_common.o
LOAD ./ra/fsp/src/bsp/mcu/all/bsp_delay.o
LOAD ./ra/fsp/src/bsp/mcu/all/bsp_group_irq.o
LOAD ./ra/fsp/src/bsp/mcu/all/bsp_guard.o
LOAD ./ra/fsp/src/bsp/mcu/all/bsp_io.o
LOAD ./ra/fsp/src/bsp/mcu/all/bsp_ipc.o
LOAD ./ra/fsp/src/bsp/mcu/all/bsp_irq.o
LOAD ./ra/fsp/src/bsp/mcu/all/bsp_macl.o
LOAD ./ra/fsp/src/bsp/mcu/all/bsp_register_protection.o
LOAD ./ra/fsp/src/bsp/mcu/all/bsp_sbrk.o
LOAD ./ra/fsp/src/bsp/mcu/all/bsp_sdram.o
LOAD ./ra/fsp/src/bsp/mcu/all/bsp_security.o
LOAD ./ra/fsp/src/bsp/cmsis/Device/RENESAS/Source/startup.o
LOAD ./ra/fsp/src/bsp/cmsis/Device/RENESAS/Source/system.o
END GROUP
START GROUP
LOAD C:/Program Files (x86)/Arm GNU Toolchain arm-none-eabi/13.3 rel1/bin/../lib/gcc/arm-none-eabi/13.3.1/thumb/v8-m.main+fp/hard\libgcc.a
LOAD C:/Program Files (x86)/Arm GNU Toolchain arm-none-eabi/13.3 rel1/bin/../lib/gcc/arm-none-eabi/13.3.1/thumb/v8-m.main+fp/hard\libg_nano.a
LOAD C:/Program Files (x86)/Arm GNU Toolchain arm-none-eabi/13.3 rel1/bin/../lib/gcc/arm-none-eabi/13.3.1/thumb/v8-m.main+fp/hard\libc_nano.a
END GROUP
START GROUP
LOAD C:/Program Files (x86)/Arm GNU Toolchain arm-none-eabi/13.3 rel1/bin/../lib/gcc/arm-none-eabi/13.3.1/thumb/v8-m.main+fp/hard\libgcc.a
LOAD C:/Program Files (x86)/Arm GNU Toolchain arm-none-eabi/13.3 rel1/bin/../lib/gcc/arm-none-eabi/13.3.1/thumb/v8-m.main+fp/hard\libc_nano.a
END GROUP
LOAD C:/Program Files (x86)/Arm GNU Toolchain arm-none-eabi/13.3 rel1/bin/../lib/gcc/arm-none-eabi/13.3.1/thumb/v8-m.main+fp/hard/crtend.o
LOAD C:/Program Files (x86)/Arm GNU Toolchain arm-none-eabi/13.3 rel1/bin/../lib/gcc/arm-none-eabi/13.3.1/thumb/v8-m.main+fp/hard/crtn.o
                0x20000000                        RAM_START = 0x20000000
                0x0000a000                        RAM_LENGTH = 0xa000
                0x00000000                        FLASH_START = 0x0
                0x00040000                        FLASH_LENGTH = 0x40000
                0x08000000                        DATA_FLASH_START = 0x8000000
                0x00001000                        DATA_FLASH_LENGTH = 0x1000
                0x60000000                        QSPI_FLASH_START = 0x60000000
                0x04000000                        QSPI_FLASH_LENGTH = 0x4000000
                0x0100a100                        OPTION_SETTING_OFS0_START = 0x100a100
                0x00000004                        OPTION_SETTING_OFS0_LENGTH = 0x4
                0x0100a120                        OPTION_SETTING_OSIS_START = 0x100a120
                0x00000010                        OPTION_SETTING_OSIS_LENGTH = 0x10
                0x0100a200                        OPTION_SETTING_OFS1_SEC_START = 0x100a200
                0x00000004                        OPTION_SETTING_OFS1_SEC_LENGTH = 0x4
                0x0100a240                        OPTION_SETTING_BPS_SEC_START = 0x100a240
                0x00000004                        OPTION_SETTING_BPS_SEC_LENGTH = 0x4
                0x0100a260                        OPTION_SETTING_PBPS_SEC_START = 0x100a260
                0x00000004                        OPTION_SETTING_PBPS_SEC_LENGTH = 0x4
START GROUP
LOAD C:/Program Files (x86)/Arm GNU Toolchain arm-none-eabi/13.3 rel1/bin/../lib/gcc/arm-none-eabi/13.3.1/thumb/v8-m.main+fp/hard\libgcc.a
LOAD C:/Program Files (x86)/Arm GNU Toolchain arm-none-eabi/13.3 rel1/bin/../lib/gcc/arm-none-eabi/13.3.1/thumb/v8-m.main+fp/hard\libc.a
LOAD C:/Program Files (x86)/Arm GNU Toolchain arm-none-eabi/13.3 rel1/bin/../lib/gcc/arm-none-eabi/13.3.1/thumb/v8-m.main+fp/hard\libm.a
END GROUP

.qspi_flash.startof
                0x60000000        0x0
                0x60000000                        __ddsc_QSPI_FLASH_START = .

.ram.startof    0x20000000        0x0
                0x20000000                        __ddsc_RAM_START = .

__ram_dtc_vector$$
                0x20000000        0x0
                0x20000000                        __ram_dtc_vector$$Base = .
 *(.fsp_dtc_vector_table)
                0x20000000                        __ram_dtc_vector$$Limit = .

__ram_from_qspi_flash$$
                0x20000000        0x0 load address 0x60000000
                0x20000000                        __ram_from_qspi_flash$$Base = .
                0x60000000                        __ram_from_qspi_flash$$Load = LOADADDR (__ram_from_qspi_flash$$)
 *(.ram_from_qspi_flash)
 *(.ram_code_from_qspi_flash)
                0x20000000                        __ram_from_qspi_flash$$Limit = .

__qspi_flash_readonly$$
                0x60000000        0x0
                0x60000000                        __qspi_flash_readonly$$Base = .
 *(.qspi_flash)
 *(.qspi_flash_code)
                0x60000000                        __qspi_flash_readonly$$Limit = .

__qspi_flash_noinit$$
                0x60000000        0x0
                0x60000000                        __qspi_flash_noinit$$Base = .
 *(.qspi_flash_noinit)
                0x60000000                        __qspi_flash_noinit$$Limit = .

.qspi_flash.endof
                0x60000000        0x0
                0x60000000                        __ddsc_QSPI_FLASH_END = .

.data_flash.startof
                0x08000000        0x0
                0x08000000                        __ddsc_DATA_FLASH_START = .

__ram_from_data_flash$$
                0x20000000        0x0 load address 0x08000000
                0x20000000                        __ram_from_data_flash$$Base = .
                0x08000000                        __ram_from_data_flash$$Load = LOADADDR (__ram_from_data_flash$$)
 *(.ram_from_data_flash)
 *(.ram_code_from_data_flash)
                0x20000000                        __ram_from_data_flash$$Limit = .

__data_flash_readonly$$
                0x08000000        0x0
                0x08000000                        __data_flash_readonly$$Base = .
 *(.data_flash)
 *(.data_flash_code)
                0x08000000                        __data_flash_readonly$$Limit = .

__data_flash_noinit$$
                0x08000000        0x0
                0x08000000                        __data_flash_noinit$$Base = .
 *(.data_flash_noinit)
                0x08000000                        __data_flash_noinit$$Limit = .

.data_flash.endof
                0x08000000        0x0
                0x08000000                        __ddsc_DATA_FLASH_END = .

.flash.startof  0x00000000        0x0
                0x00000000                        __ddsc_FLASH_START = .

__flash_vectors$$
                0x00000000       0x50
                0x00000000                        __flash_vectors$$Base = .
                0x00000000                        _VECTORS = .
 *(.fixed_vectors)
 .fixed_vectors
                0x00000000       0x40 ./ra/fsp/src/bsp/cmsis/Device/RENESAS/Source/startup.o
                0x00000000                __Vectors
 *(.application_vectors)
 .application_vectors
                0x00000040       0x10 ./ra_gen/vector_data.o
                0x00000040                g_vector_table
                0x00000050                        __flash_vectors$$Limit = .

__flash_noinit$$
                0x00000050        0x0
                0x00000050                        __flash_noinit$$Base = .
 *(.flash_noinit)
                0x00000050                        __flash_noinit$$Limit = .

__ram_from_flash$$
                0x20000000       0x64 load address 0x00000050
                0x20000000                        __ram_from_flash$$Base = .
                0x00000050                        __ram_from_flash$$Load = LOADADDR (__ram_from_flash$$)
 *(.ram_from_flash)
 *(.ram_code_from_flash)
 *(.data*)
 .data.bytes    0x20000000        0x4 ./src/uart.o
                0x20000000                bytes
 .data.g_uart0_baud_setting
                0x20000004        0x4 ./ra_gen/hal_data.o
                0x20000004                g_uart0_baud_setting
 .data.__sglue  0x20000008        0xc C:/Program Files (x86)/Arm GNU Toolchain arm-none-eabi/13.3 rel1/bin/../lib/gcc/arm-none-eabi/13.3.1/thumb/v8-m.main+fp/hard\libg_nano.a(libc_a-findfp.o)
                0x20000008                __sglue
 .data._impure_ptr
                0x20000014        0x4 C:/Program Files (x86)/Arm GNU Toolchain arm-none-eabi/13.3 rel1/bin/../lib/gcc/arm-none-eabi/13.3.1/thumb/v8-m.main+fp/hard\libg_nano.a(libc_a-impure.o)
                0x20000014                _impure_ptr
 .data._impure_data
                0x20000018       0x4c C:/Program Files (x86)/Arm GNU Toolchain arm-none-eabi/13.3 rel1/bin/../lib/gcc/arm-none-eabi/13.3.1/thumb/v8-m.main+fp/hard\libg_nano.a(libc_a-impure.o)
                0x20000018                _impure_data
 *(vtable)
                0x20000064                        __ram_from_flash$$Limit = .

.tm_clone_table
                0x20000064        0x0 load address 0x000000b4
 .tm_clone_table
                0x20000064        0x0 C:/Program Files (x86)/Arm GNU Toolchain arm-none-eabi/13.3 rel1/bin/../lib/gcc/arm-none-eabi/13.3.1/thumb/v8-m.main+fp/hard/crtbegin.o
 .tm_clone_table
                0x20000064        0x0 C:/Program Files (x86)/Arm GNU Toolchain arm-none-eabi/13.3 rel1/bin/../lib/gcc/arm-none-eabi/13.3.1/thumb/v8-m.main+fp/hard/crtend.o

.igot.plt       0x20000064        0x0 load address 0x000000b4
 .igot.plt      0x20000064        0x0 C:/Program Files (x86)/Arm GNU Toolchain arm-none-eabi/13.3 rel1/bin/../lib/gcc/arm-none-eabi/13.3.1/thumb/v8-m.main+fp/hard/crtbegin.o

__ram_noinit_nocache$$
                0x20000080        0x0 load address 0x000000c0
                0x20000080                        __ram_noinit_nocache$$Base = .
 *(.ram_noinit_nocache)
                0x20000080                        __ram_noinit_nocache$$Limit = .

__ram_zero_nocache$$
                0x20000064       0x1c load address 0x000000b4
                0x20000064                        __ram_zero_nocache$$Base = .
 *(.ram_nocache)
                0x20000080                        . = ALIGN (0x20)
 *fill*         0x20000064       0x1c 
                0x20000080                        __ram_zero_nocache$$Limit = .

__ram_noinit$$  0x20000080     0x1418 load address 0x000000b4
                0x20000080                        __ram_noinit$$Base = .
 *(.bss.g_heap)
 .bss.g_heap    0x20000080     0x1000 ./ra/fsp/src/bsp/cmsis/Device/RENESAS/Source/startup.o
                0x20000080                g_heap
 *(.bss.g_main_stack)
 .bss.g_main_stack
                0x20001080      0x400 ./ra/fsp/src/bsp/cmsis/Device/RENESAS/Source/startup.o
                0x20001080                g_main_stack
 *(.ram_noinit)
 .ram_noinit    0x20001480       0x18 ./ra/fsp/src/bsp/mcu/all/bsp_clocks.o
 *(.noinit)
                0x20001498                        __ram_noinit$$Limit = .

__ram_zero$$    0x20001498      0x20c load address 0x000000b4
                0x20001498                        __ram_zero$$Base = .
 *(.ram)
 *(.bss*)
 .bss.completed.1
                0x20001498        0x1 C:/Program Files (x86)/Arm GNU Toolchain arm-none-eabi/13.3 rel1/bin/../lib/gcc/arm-none-eabi/13.3.1/thumb/v8-m.main+fp/hard/crtbegin.o
 *fill*         0x20001499        0x3 
 .bss.object.0  0x2000149c       0x18 C:/Program Files (x86)/Arm GNU Toolchain arm-none-eabi/13.3 rel1/bin/../lib/gcc/arm-none-eabi/13.3.1/thumb/v8-m.main+fp/hard/crtbegin.o
 .bss.Uart0_Receive_Flag
                0x200014b4        0x1 ./src/uart.o
                0x200014b4                Uart0_Receive_Flag
 .bss.Uart0_Send_Flag
                0x200014b5        0x1 ./src/uart.o
                0x200014b5                Uart0_Send_Flag
 *fill*         0x200014b6        0x2 
 .bss.g_ioport_ctrl
                0x200014b8        0x8 ./ra_gen/common_data.o
                0x200014b8                g_ioport_ctrl
 .bss.g_uart0_ctrl
                0x200014c0       0x30 ./ra_gen/hal_data.o
                0x200014c0                g_uart0_ctrl
 .bss.g_bsp_group_irq_sources
                0x200014f0       0x40 ./ra/fsp/src/bsp/mcu/all/bsp_group_irq.o
                0x200014f0                g_bsp_group_irq_sources
 .bss.g_protect_pfswe_counter
                0x20001530        0x4 ./ra/fsp/src/bsp/mcu/all/bsp_io.o
                0x20001530                g_protect_pfswe_counter
 .bss.gp_renesas_isr_context
                0x20001534       0x10 ./ra/fsp/src/bsp/mcu/all/bsp_irq.o
                0x20001534                gp_renesas_isr_context
 .bss.g_protect_counters
                0x20001544        0xa ./ra/fsp/src/bsp/mcu/all/bsp_register_protection.o
                0x20001544                g_protect_counters
 *fill*         0x2000154e        0x2 
 .bss.current_block_offset.0
                0x20001550        0x4 ./ra/fsp/src/bsp/mcu/all/bsp_sbrk.o
 .bss.SystemCoreClock
                0x20001554        0x4 ./ra/fsp/src/bsp/cmsis/Device/RENESAS/Source/system.o
                0x20001554                SystemCoreClock
 .bss.__sf      0x20001558      0x138 C:/Program Files (x86)/Arm GNU Toolchain arm-none-eabi/13.3 rel1/bin/../lib/gcc/arm-none-eabi/13.3.1/thumb/v8-m.main+fp/hard\libg_nano.a(libc_a-findfp.o)
                0x20001558                __sf
 .bss.__stdio_exit_handler
                0x20001690        0x4 C:/Program Files (x86)/Arm GNU Toolchain arm-none-eabi/13.3 rel1/bin/../lib/gcc/arm-none-eabi/13.3.1/thumb/v8-m.main+fp/hard\libg_nano.a(libc_a-findfp.o)
                0x20001690                __stdio_exit_handler
 .bss.errno     0x20001694        0x4 C:/Program Files (x86)/Arm GNU Toolchain arm-none-eabi/13.3 rel1/bin/../lib/gcc/arm-none-eabi/13.3.1/thumb/v8-m.main+fp/hard\libg_nano.a(libc_a-reent.o)
                0x20001694                errno
 .bss.__lock___malloc_recursive_mutex
                0x20001698        0x1 C:/Program Files (x86)/Arm GNU Toolchain arm-none-eabi/13.3 rel1/bin/../lib/gcc/arm-none-eabi/13.3.1/thumb/v8-m.main+fp/hard\libg_nano.a(libc_a-lock.o)
                0x20001698                __lock___malloc_recursive_mutex
 .bss.__lock___sfp_recursive_mutex
                0x20001699        0x1 C:/Program Files (x86)/Arm GNU Toolchain arm-none-eabi/13.3 rel1/bin/../lib/gcc/arm-none-eabi/13.3.1/thumb/v8-m.main+fp/hard\libg_nano.a(libc_a-lock.o)
                0x20001699                __lock___sfp_recursive_mutex
 *fill*         0x2000169a        0x2 
 .bss.__malloc_sbrk_start
                0x2000169c        0x4 C:/Program Files (x86)/Arm GNU Toolchain arm-none-eabi/13.3 rel1/bin/../lib/gcc/arm-none-eabi/13.3.1/thumb/v8-m.main+fp/hard\libg_nano.a(libc_a-mallocr.o)
                0x2000169c                __malloc_sbrk_start
 .bss.__malloc_free_list
                0x200016a0        0x4 C:/Program Files (x86)/Arm GNU Toolchain arm-none-eabi/13.3 rel1/bin/../lib/gcc/arm-none-eabi/13.3.1/thumb/v8-m.main+fp/hard\libg_nano.a(libc_a-mallocr.o)
                0x200016a0                __malloc_free_list
                0x200016a4                        __ram_zero$$Limit = .

__ram_thread_stack$$
                0x200016a8        0x0 load address 0x000000b8
                0x200016a8                        __ram_thread_stack$$Base = .
 *(.stack?*)
                0x200016a8                        __ram_thread_stack$$Limit = .

.ram.endof      0x20002000        0x0
                0x20002000                        __ddsc_RAM_END = .

.ram.flat_nsc   0x20002000        0x0
                0x20002000                        __ddsc_RAM_NSC = .

__flash_readonly$$
                0x000000b4     0x190c
                0x000000b4                        __flash_readonly$$Base = .
 *(.flash)
 *(.flash_code)
 *(.text*)
 .text.deregister_tm_clones
                0x000000b4       0x1c C:/Program Files (x86)/Arm GNU Toolchain arm-none-eabi/13.3 rel1/bin/../lib/gcc/arm-none-eabi/13.3.1/thumb/v8-m.main+fp/hard/crtbegin.o
 .text.register_tm_clones
                0x000000d0       0x28 C:/Program Files (x86)/Arm GNU Toolchain arm-none-eabi/13.3 rel1/bin/../lib/gcc/arm-none-eabi/13.3.1/thumb/v8-m.main+fp/hard/crtbegin.o
 .text.__do_global_dtors_aux
                0x000000f8       0x28 C:/Program Files (x86)/Arm GNU Toolchain arm-none-eabi/13.3 rel1/bin/../lib/gcc/arm-none-eabi/13.3.1/thumb/v8-m.main+fp/hard/crtbegin.o
 .text.frame_dummy
                0x00000120       0x24 C:/Program Files (x86)/Arm GNU Toolchain arm-none-eabi/13.3 rel1/bin/../lib/gcc/arm-none-eabi/13.3.1/thumb/v8-m.main+fp/hard/crtbegin.o
 .text.hal_entry
                0x00000144        0x4 ./src/hal_entry.o
                0x00000144                hal_entry
 .text.R_BSP_WarmStart
                0x00000148       0x18 ./src/hal_warmstart.o
                0x00000148                R_BSP_WarmStart
 .text.uart0_init
                0x00000160       0x24 ./src/uart.o
                0x00000160                uart0_init
 .text.uart0_callback
                0x00000184       0x3c ./src/uart.o
                0x00000184                uart0_callback
 .text._close   0x000001c0        0x8 ./src/uart.o
                0x000001c0                _close
 .text._lseek   0x000001c8        0x8 ./src/uart.o
                0x000001c8                _lseek
 .text._read    0x000001d0        0x4 ./src/uart.o
                0x000001d0                _read
 .text._fstat   0x000001d4        0x8 ./src/uart.o
                0x000001d4                _fstat
 .text._isatty  0x000001dc        0x4 ./src/uart.o
                0x000001dc                _isatty
 .text._write   0x000001e0       0x24 ./src/uart.o
                0x000001e0                _write
 .text.bsp_run  0x00000204       0x14 ./src/user.o
                0x00000204                bsp_run
 .text.startup.main
                0x00000218        0xc ./ra_gen/main.o
                0x00000218                main
 .text.R_SCI_UART_Write
                0x00000224       0x50 ./ra/fsp/src/r_sci_uart/r_sci_uart.o
                0x00000224                R_SCI_UART_Write
 .text.r_sci_uart_call_callback
                0x00000274       0x44 ./ra/fsp/src/r_sci_uart/r_sci_uart.o
 .text.R_SCI_UART_Open
                0x000002b8      0x398 ./ra/fsp/src/r_sci_uart/r_sci_uart.o
                0x000002b8                R_SCI_UART_Open
 .text.sci_uart_txi_isr
                0x00000650       0x8c ./ra/fsp/src/r_sci_uart/r_sci_uart.o
                0x00000650                sci_uart_txi_isr
 .text.sci_uart_rxi_isr
                0x000006dc       0x90 ./ra/fsp/src/r_sci_uart/r_sci_uart.o
                0x000006dc                sci_uart_rxi_isr
 .text.sci_uart_tei_isr
                0x0000076c       0x48 ./ra/fsp/src/r_sci_uart/r_sci_uart.o
                0x0000076c                sci_uart_tei_isr
 .text.sci_uart_eri_isr
                0x000007b4       0x78 ./ra/fsp/src/r_sci_uart/r_sci_uart.o
                0x000007b4                sci_uart_eri_isr
 .text.bsp_vbatt_init
                0x0000082c       0x8c ./ra/fsp/src/r_ioport/r_ioport.o
 .text.r_ioport_pins_config
                0x000008b8       0xac ./ra/fsp/src/r_ioport/r_ioport.o
 .text.R_IOPORT_Open
                0x00000964       0x14 ./ra/fsp/src/r_ioport/r_ioport.o
                0x00000964                R_IOPORT_Open
 .text.SystemCoreClockUpdate
                0x00000978       0x28 ./ra/fsp/src/bsp/mcu/all/bsp_clocks.o
                0x00000978                SystemCoreClockUpdate
 .text.R_BSP_SubClockStabilizeWaitAfterReset
                0x000009a0        0x4 ./ra/fsp/src/bsp/mcu/all/bsp_clocks.o
                0x000009a0                R_BSP_SubClockStabilizeWaitAfterReset
 .text.bsp_clock_init
                0x000009a4      0x13c ./ra/fsp/src/bsp/mcu/all/bsp_clocks.o
                0x000009a4                bsp_clock_init
 .text.R_BSP_Init_RTC
                0x00000ae0       0x7c ./ra/fsp/src/bsp/mcu/all/bsp_clocks.o
                0x00000ae0                R_BSP_Init_RTC
 .text.bsp_init_internal
                0x00000b5c        0x4 ./ra/fsp/src/bsp/mcu/all/bsp_common.o
                0x00000b5c                bsp_init_internal
                0x00000b5c                bsp_init
 .text.bsp_prv_software_delay_loop
                0x00000b60        0xc ./ra/fsp/src/bsp/mcu/all/bsp_delay.o
                0x00000b60                bsp_prv_software_delay_loop
 .text.R_BSP_SoftwareDelay
                0x00000b6c       0x8c ./ra/fsp/src/bsp/mcu/all/bsp_delay.o
                0x00000b6c                R_BSP_SoftwareDelay
 .text.NMI_Handler
                0x00000bf8       0x3c ./ra/fsp/src/bsp/mcu/all/bsp_group_irq.o
                0x00000bf8                NMI_Handler
 .text.bsp_irq_cfg
                0x00000c34       0xb8 ./ra/fsp/src/bsp/mcu/all/bsp_irq.o
                0x00000c34                bsp_irq_cfg
 .text.R_BSP_RegisterProtectEnable
                0x00000cec       0x60 ./ra/fsp/src/bsp/mcu/all/bsp_register_protection.o
                0x00000cec                R_BSP_RegisterProtectEnable
 .text.R_BSP_RegisterProtectDisable
                0x00000d4c       0x54 ./ra/fsp/src/bsp/mcu/all/bsp_register_protection.o
                0x00000d4c                R_BSP_RegisterProtectDisable
 .text._sbrk    0x00000da0       0x38 ./ra/fsp/src/bsp/mcu/all/bsp_sbrk.o
                0x00000da0                _sbrk
 .text.Default_Handler
                0x00000dd8        0x4 ./ra/fsp/src/bsp/cmsis/Device/RENESAS/Source/startup.o
                0x00000dd8                DebugMon_Handler
                0x00000dd8                HardFault_Handler
                0x00000dd8                SysTick_Handler
                0x00000dd8                PendSV_Handler
                0x00000dd8                UsageFault_Handler
                0x00000dd8                SecureFault_Handler
                0x00000dd8                Default_Handler
                0x00000dd8                MemManage_Handler
                0x00000dd8                SVC_Handler
                0x00000dd8                BusFault_Handler
 .text.Reset_Handler
                0x00000ddc        0xc ./ra/fsp/src/bsp/cmsis/Device/RENESAS/Source/startup.o
                0x00000ddc                Reset_Handler
 .text.SystemRuntimeInit
                0x00000de8       0x64 ./ra/fsp/src/bsp/cmsis/Device/RENESAS/Source/system.o
 .text.SystemInit
                0x00000e4c       0xc0 ./ra/fsp/src/bsp/cmsis/Device/RENESAS/Source/system.o
                0x00000e4c                SystemInit
 .text.std      0x00000f0c       0x6c C:/Program Files (x86)/Arm GNU Toolchain arm-none-eabi/13.3 rel1/bin/../lib/gcc/arm-none-eabi/13.3.1/thumb/v8-m.main+fp/hard\libg_nano.a(libc_a-findfp.o)
 .text.stdio_exit_handler
                0x00000f78       0x18 C:/Program Files (x86)/Arm GNU Toolchain arm-none-eabi/13.3 rel1/bin/../lib/gcc/arm-none-eabi/13.3.1/thumb/v8-m.main+fp/hard\libg_nano.a(libc_a-findfp.o)
 .text.cleanup_stdio
                0x00000f90       0x40 C:/Program Files (x86)/Arm GNU Toolchain arm-none-eabi/13.3 rel1/bin/../lib/gcc/arm-none-eabi/13.3.1/thumb/v8-m.main+fp/hard\libg_nano.a(libc_a-findfp.o)
 .text.global_stdio_init.part.0
                0x00000fd0       0x3c C:/Program Files (x86)/Arm GNU Toolchain arm-none-eabi/13.3 rel1/bin/../lib/gcc/arm-none-eabi/13.3.1/thumb/v8-m.main+fp/hard\libg_nano.a(libc_a-findfp.o)
 .text.__sfp_lock_acquire
                0x0000100c        0xc C:/Program Files (x86)/Arm GNU Toolchain arm-none-eabi/13.3 rel1/bin/../lib/gcc/arm-none-eabi/13.3.1/thumb/v8-m.main+fp/hard\libg_nano.a(libc_a-findfp.o)
                0x0000100c                __sfp_lock_acquire
 .text.__sfp_lock_release
                0x00001018        0xc C:/Program Files (x86)/Arm GNU Toolchain arm-none-eabi/13.3 rel1/bin/../lib/gcc/arm-none-eabi/13.3.1/thumb/v8-m.main+fp/hard\libg_nano.a(libc_a-findfp.o)
                0x00001018                __sfp_lock_release
 .text.__sinit  0x00001024       0x30 C:/Program Files (x86)/Arm GNU Toolchain arm-none-eabi/13.3 rel1/bin/../lib/gcc/arm-none-eabi/13.3.1/thumb/v8-m.main+fp/hard\libg_nano.a(libc_a-findfp.o)
                0x00001024                __sinit
 .text._fwalk_sglue
                0x00001054       0x3c C:/Program Files (x86)/Arm GNU Toolchain arm-none-eabi/13.3 rel1/bin/../lib/gcc/arm-none-eabi/13.3.1/thumb/v8-m.main+fp/hard\libg_nano.a(libc_a-fwalk.o)
                0x00001054                _fwalk_sglue
 .text._puts_r  0x00001090       0xaa C:/Program Files (x86)/Arm GNU Toolchain arm-none-eabi/13.3 rel1/bin/../lib/gcc/arm-none-eabi/13.3.1/thumb/v8-m.main+fp/hard\libg_nano.a(libc_a-puts.o)
                0x00001090                _puts_r
 *fill*         0x0000113a        0x2 
 .text.puts     0x0000113c       0x10 C:/Program Files (x86)/Arm GNU Toolchain arm-none-eabi/13.3 rel1/bin/../lib/gcc/arm-none-eabi/13.3.1/thumb/v8-m.main+fp/hard\libg_nano.a(libc_a-puts.o)
                0x0000113c                puts
 .text.__sread  0x0000114c       0x22 C:/Program Files (x86)/Arm GNU Toolchain arm-none-eabi/13.3 rel1/bin/../lib/gcc/arm-none-eabi/13.3.1/thumb/v8-m.main+fp/hard\libg_nano.a(libc_a-stdio.o)
                0x0000114c                __sread
 .text.__swrite
                0x0000116e       0x38 C:/Program Files (x86)/Arm GNU Toolchain arm-none-eabi/13.3 rel1/bin/../lib/gcc/arm-none-eabi/13.3.1/thumb/v8-m.main+fp/hard\libg_nano.a(libc_a-stdio.o)
                0x0000116e                __swrite
 .text.__sseek  0x000011a6       0x24 C:/Program Files (x86)/Arm GNU Toolchain arm-none-eabi/13.3 rel1/bin/../lib/gcc/arm-none-eabi/13.3.1/thumb/v8-m.main+fp/hard\libg_nano.a(libc_a-stdio.o)
                0x000011a6                __sseek
 .text.__sclose
                0x000011ca        0x8 C:/Program Files (x86)/Arm GNU Toolchain arm-none-eabi/13.3 rel1/bin/../lib/gcc/arm-none-eabi/13.3.1/thumb/v8-m.main+fp/hard\libg_nano.a(libc_a-stdio.o)
                0x000011ca                __sclose
 .text.__swbuf_r
                0x000011d2       0x7c C:/Program Files (x86)/Arm GNU Toolchain arm-none-eabi/13.3 rel1/bin/../lib/gcc/arm-none-eabi/13.3.1/thumb/v8-m.main+fp/hard\libg_nano.a(libc_a-wbuf.o)
                0x000011d2                __swbuf_r
 *fill*         0x0000124e        0x2 
 .text.__swsetup_r
                0x00001250       0xac C:/Program Files (x86)/Arm GNU Toolchain arm-none-eabi/13.3 rel1/bin/../lib/gcc/arm-none-eabi/13.3.1/thumb/v8-m.main+fp/hard\libg_nano.a(libc_a-wsetup.o)
                0x00001250                __swsetup_r
 .text.memset   0x000012fc       0x10 C:/Program Files (x86)/Arm GNU Toolchain arm-none-eabi/13.3 rel1/bin/../lib/gcc/arm-none-eabi/13.3.1/thumb/v8-m.main+fp/hard\libg_nano.a(libc_a-memset.o)
                0x000012fc                memset
 .text._close_r
                0x0000130c       0x20 C:/Program Files (x86)/Arm GNU Toolchain arm-none-eabi/13.3 rel1/bin/../lib/gcc/arm-none-eabi/13.3.1/thumb/v8-m.main+fp/hard\libg_nano.a(libc_a-closer.o)
                0x0000130c                _close_r
 .text._lseek_r
                0x0000132c       0x24 C:/Program Files (x86)/Arm GNU Toolchain arm-none-eabi/13.3 rel1/bin/../lib/gcc/arm-none-eabi/13.3.1/thumb/v8-m.main+fp/hard\libg_nano.a(libc_a-lseekr.o)
                0x0000132c                _lseek_r
 .text._read_r  0x00001350       0x24 C:/Program Files (x86)/Arm GNU Toolchain arm-none-eabi/13.3 rel1/bin/../lib/gcc/arm-none-eabi/13.3.1/thumb/v8-m.main+fp/hard\libg_nano.a(libc_a-readr.o)
                0x00001350                _read_r
 .text._write_r
                0x00001374       0x24 C:/Program Files (x86)/Arm GNU Toolchain arm-none-eabi/13.3 rel1/bin/../lib/gcc/arm-none-eabi/13.3.1/thumb/v8-m.main+fp/hard\libg_nano.a(libc_a-writer.o)
                0x00001374                _write_r
 .text.__errno  0x00001398        0xc C:/Program Files (x86)/Arm GNU Toolchain arm-none-eabi/13.3 rel1/bin/../lib/gcc/arm-none-eabi/13.3.1/thumb/v8-m.main+fp/hard\libg_nano.a(libc_a-errno.o)
                0x00001398                __errno
 .text.__retarget_lock_init_recursive
                0x000013a4        0x2 C:/Program Files (x86)/Arm GNU Toolchain arm-none-eabi/13.3 rel1/bin/../lib/gcc/arm-none-eabi/13.3.1/thumb/v8-m.main+fp/hard\libg_nano.a(libc_a-lock.o)
                0x000013a4                __retarget_lock_init_recursive
 .text.__retarget_lock_acquire_recursive
                0x000013a6        0x2 C:/Program Files (x86)/Arm GNU Toolchain arm-none-eabi/13.3 rel1/bin/../lib/gcc/arm-none-eabi/13.3.1/thumb/v8-m.main+fp/hard\libg_nano.a(libc_a-lock.o)
                0x000013a6                __retarget_lock_acquire_recursive
 .text.__retarget_lock_release_recursive
                0x000013a8        0x2 C:/Program Files (x86)/Arm GNU Toolchain arm-none-eabi/13.3 rel1/bin/../lib/gcc/arm-none-eabi/13.3.1/thumb/v8-m.main+fp/hard\libg_nano.a(libc_a-lock.o)
                0x000013a8                __retarget_lock_release_recursive
 .text.memcpy   0x000013aa       0x1a C:/Program Files (x86)/Arm GNU Toolchain arm-none-eabi/13.3 rel1/bin/../lib/gcc/arm-none-eabi/13.3.1/thumb/v8-m.main+fp/hard\libg_nano.a(libc_a-memcpy-stub.o)
                0x000013aa                memcpy
 .text._free_r  0x000013c4       0x94 C:/Program Files (x86)/Arm GNU Toolchain arm-none-eabi/13.3 rel1/bin/../lib/gcc/arm-none-eabi/13.3.1/thumb/v8-m.main+fp/hard\libg_nano.a(libc_a-freer.o)
                0x000013c4                _free_r
 .text.sbrk_aligned
                0x00001458       0x44 C:/Program Files (x86)/Arm GNU Toolchain arm-none-eabi/13.3 rel1/bin/../lib/gcc/arm-none-eabi/13.3.1/thumb/v8-m.main+fp/hard\libg_nano.a(libc_a-mallocr.o)
 .text._malloc_r
                0x0000149c      0x100 C:/Program Files (x86)/Arm GNU Toolchain arm-none-eabi/13.3 rel1/bin/../lib/gcc/arm-none-eabi/13.3.1/thumb/v8-m.main+fp/hard\libg_nano.a(libc_a-mallocr.o)
                0x0000149c                _malloc_r
 .text.__malloc_lock
                0x0000159c        0xc C:/Program Files (x86)/Arm GNU Toolchain arm-none-eabi/13.3 rel1/bin/../lib/gcc/arm-none-eabi/13.3.1/thumb/v8-m.main+fp/hard\libg_nano.a(libc_a-mlock.o)
                0x0000159c                __malloc_lock
 .text.__malloc_unlock
                0x000015a8        0xc C:/Program Files (x86)/Arm GNU Toolchain arm-none-eabi/13.3 rel1/bin/../lib/gcc/arm-none-eabi/13.3.1/thumb/v8-m.main+fp/hard\libg_nano.a(libc_a-mlock.o)
                0x000015a8                __malloc_unlock
 .text.__sflush_r
                0x000015b4      0x108 C:/Program Files (x86)/Arm GNU Toolchain arm-none-eabi/13.3 rel1/bin/../lib/gcc/arm-none-eabi/13.3.1/thumb/v8-m.main+fp/hard\libg_nano.a(libc_a-fflush.o)
                0x000015b4                __sflush_r
 .text._fflush_r
                0x000016bc       0x50 C:/Program Files (x86)/Arm GNU Toolchain arm-none-eabi/13.3 rel1/bin/../lib/gcc/arm-none-eabi/13.3.1/thumb/v8-m.main+fp/hard\libg_nano.a(libc_a-fflush.o)
                0x000016bc                _fflush_r
 .text.__swhatbuf_r
                0x0000170c       0x4a C:/Program Files (x86)/Arm GNU Toolchain arm-none-eabi/13.3 rel1/bin/../lib/gcc/arm-none-eabi/13.3.1/thumb/v8-m.main+fp/hard\libg_nano.a(libc_a-makebuf.o)
                0x0000170c                __swhatbuf_r
 .text.__smakebuf_r
                0x00001756       0x78 C:/Program Files (x86)/Arm GNU Toolchain arm-none-eabi/13.3 rel1/bin/../lib/gcc/arm-none-eabi/13.3.1/thumb/v8-m.main+fp/hard\libg_nano.a(libc_a-makebuf.o)
                0x00001756                __smakebuf_r
 *fill*         0x000017ce        0x2 
 .text._fstat_r
                0x000017d0       0x24 C:/Program Files (x86)/Arm GNU Toolchain arm-none-eabi/13.3 rel1/bin/../lib/gcc/arm-none-eabi/13.3.1/thumb/v8-m.main+fp/hard\libg_nano.a(libc_a-fstatr.o)
                0x000017d0                _fstat_r
 .text._isatty_r
                0x000017f4       0x20 C:/Program Files (x86)/Arm GNU Toolchain arm-none-eabi/13.3 rel1/bin/../lib/gcc/arm-none-eabi/13.3.1/thumb/v8-m.main+fp/hard\libg_nano.a(libc_a-isattyr.o)
                0x000017f4                _isatty_r
 .text._sbrk_r  0x00001814       0x20 C:/Program Files (x86)/Arm GNU Toolchain arm-none-eabi/13.3 rel1/bin/../lib/gcc/arm-none-eabi/13.3.1/thumb/v8-m.main+fp/hard\libg_nano.a(libc_a-sbrkr.o)
                0x00001814                _sbrk_r
 *(.rodata*)
 .rodata.uart0_init.str1.4
                0x00001834       0x56 ./src/uart.o
                                 0x18 (size before relaxing)
 .rodata.bsp_run.str1.4
                0x0000188a       0x3e ./src/user.o
 *fill*         0x0000188a        0x2 
 .rodata.g_uart0_cfg
                0x0000188c       0x20 ./ra_gen/hal_data.o
                0x0000188c                g_uart0_cfg
 .rodata.g_uart0_cfg_extend
                0x000018ac       0x14 ./ra_gen/hal_data.o
                0x000018ac                g_uart0_cfg_extend
 .rodata.g_bsp_pin_cfg
                0x000018c0        0xc ./ra_gen/pin_data.o
                0x000018c0                g_bsp_pin_cfg
 .rodata.g_bsp_pin_cfg_data
                0x000018cc       0x20 ./ra_gen/pin_data.o
                0x000018cc                g_bsp_pin_cfg_data
 .rodata.g_interrupt_event_link_select
                0x000018ec        0x8 ./ra_gen/vector_data.o
                0x000018ec                g_interrupt_event_link_select
 .rodata.g_vbatt_pins_input
                0x000018f4        0x6 ./ra/fsp/src/r_ioport/r_ioport.o
 *fill*         0x000018fa        0x2 
 .rodata.g_init_info
                0x000018fc       0x18 ./ra/fsp/src/bsp/mcu/ra6e2/bsp_linker.o
                0x000018fc                g_init_info
 .rodata.nocache_list
                0x00001914        0x8 ./ra/fsp/src/bsp/mcu/ra6e2/bsp_linker.o
 .rodata.copy_list
                0x0000191c       0x30 ./ra/fsp/src/bsp/mcu/ra6e2/bsp_linker.o
 .rodata.zero_list
                0x0000194c       0x18 ./ra/fsp/src/bsp/mcu/ra6e2/bsp_linker.o
 .rodata.g_prcr_masks
                0x00001964        0xa ./ra/fsp/src/bsp/mcu/all/bsp_register_protection.o
 *(.mcuboot_sce9_key)
 *(.version)
 *fill*         0x0000196e        0x2 
 .version       0x00001970       0x50 ./ra/fsp/src/bsp/mcu/all/bsp_common.o
                0x000019c0                        __flash_readonly$$Limit = .

.glue_7         0x000019c0        0x0
 .glue_7        0x000019c0        0x0 linker stubs

.glue_7t        0x000019c0        0x0
 .glue_7t       0x000019c0        0x0 linker stubs

.vfp11_veneer   0x000019c0        0x0
 .vfp11_veneer  0x000019c0        0x0 linker stubs

.v4_bx          0x000019c0        0x0
 .v4_bx         0x000019c0        0x0 linker stubs

.init           0x000019c0        0x4
 .init          0x000019c0        0x4 C:/Program Files (x86)/Arm GNU Toolchain arm-none-eabi/13.3 rel1/bin/../lib/gcc/arm-none-eabi/13.3.1/thumb/v8-m.main+fp/hard/crti.o
                0x000019c0                _init

.fini           0x000019c4        0x4
 .fini          0x000019c4        0x4 C:/Program Files (x86)/Arm GNU Toolchain arm-none-eabi/13.3 rel1/bin/../lib/gcc/arm-none-eabi/13.3.1/thumb/v8-m.main+fp/hard/crti.o
                0x000019c4                _fini

.iplt           0x000019c8        0x0
 .iplt          0x000019c8        0x0 C:/Program Files (x86)/Arm GNU Toolchain arm-none-eabi/13.3 rel1/bin/../lib/gcc/arm-none-eabi/13.3.1/thumb/v8-m.main+fp/hard/crtbegin.o

__flash_ctor$$
 *crtbegin.o(.ctors)
 *crtbegin?.o(.ctors)
 EXCLUDE_FILE(*crtend.o *crtend?.o) *(.ctors)
 *(SORT_BY_NAME(.ctors.*))
 *(.ctors)
 *crtbegin.o(.dtors)
 *crtbegin?.o(.dtors)
 EXCLUDE_FILE(*crtend.o *crtend?.o) *(.dtors)
 *(SORT_BY_NAME(.dtors.*))
 *(.dtors)

__flash_preinit_array$$
                0x000019c8        0x0
                0x000019c8                        __preinit_array_start = .
 *(.preinit_array)
                0x000019c8                        __preinit_array_end = .

__flash_.got$$
 *(.got.plt)
 *(.got)

__flash_init_array$$
                0x000019c8        0x4
                0x000019c8                        __init_array_start = .
 *(SORT_BY_NAME(.init_array.*))
 *(.init_array)
 .init_array    0x000019c8        0x4 C:/Program Files (x86)/Arm GNU Toolchain arm-none-eabi/13.3 rel1/bin/../lib/gcc/arm-none-eabi/13.3.1/thumb/v8-m.main+fp/hard/crtbegin.o
                0x000019cc                        __init_array_end = .

__flash_fini_array$$
                0x000019cc        0x4
                0x000019cc                        __fini_array_start = .
 *(SORT_BY_NAME(.fini_array.*))
 *(.fini_array)
 .fini_array    0x000019cc        0x4 C:/Program Files (x86)/Arm GNU Toolchain arm-none-eabi/13.3 rel1/bin/../lib/gcc/arm-none-eabi/13.3.1/thumb/v8-m.main+fp/hard/crtbegin.o
                0x000019d0                        __fini_array_end = .

__flash_arm.extab$$
 *(.ARM.extab*)
 *(.gnu.linkonce.armextab.*)

__flash_arm.exidx$$
                0x000019d0        0x0
                0x000019d0                        __exidx_start = .
 *(.ARM.exidx*)
 *(.gnu.linkonce.armexidx.*)
                0x000019d0                        __exidx_end = .

.flash.endof    0x00008000        0x0
                0x00008000                        __ddsc_FLASH_END = .

.flash.flat_nsc
                0x00008000        0x0
                0x00008000                        __ddsc_FLASH_NSC = .

.option_setting_ofs0.startof
                0x0100a100        0x0
                0x0100a100                        __ddsc_OPTION_SETTING_OFS0_START = .

__option_setting_ofs0_reg$$
                0x0100a100        0x4
                0x0100a100                        __option_setting_ofs0_reg$$Base = .
 *(.option_setting_ofs0)
 .option_setting_ofs0
                0x0100a100        0x4 ./ra/fsp/src/bsp/mcu/ra6e2/bsp_linker.o
                0x0100a104                        __option_setting_ofs0_reg$$Limit = .

.option_setting_ofs0.endof
                0x0100a104        0x0
                0x0100a104                        __ddsc_OPTION_SETTING_OFS0_END = .

.option_setting_osis.startof
                0x0100a120        0x0
                0x0100a120                        __ddsc_OPTION_SETTING_OSIS_START = .

__option_setting_osis_reg$$
                0x0100a120        0x0
                0x0100a120                        __option_setting_osis_reg$$Base = .
 *(.option_setting_osis)
                0x0100a120                        __option_setting_osis_reg$$Limit = .

.option_setting_osis.endof
                0x0100a120        0x0
                0x0100a120                        __ddsc_OPTION_SETTING_OSIS_END = .

.option_setting_ofs1_sec.startof
                0x0100a200        0x0
                0x0100a200                        __ddsc_OPTION_SETTING_OFS1_SEC_START = .

__option_setting_ofs1_sec_reg$$
                0x0100a200        0x4
                0x0100a200                        __option_setting_ofs1_sec_reg$$Base = .
 *(.option_setting_ofs1_sec)
 .option_setting_ofs1_sec
                0x0100a200        0x4 ./ra/fsp/src/bsp/mcu/ra6e2/bsp_linker.o
                0x0100a204                        __option_setting_ofs1_sec_reg$$Limit = .

.eh_frame       0x0100a204        0x0
 .eh_frame      0x0100a204        0x0 C:/Program Files (x86)/Arm GNU Toolchain arm-none-eabi/13.3 rel1/bin/../lib/gcc/arm-none-eabi/13.3.1/thumb/v8-m.main+fp/hard/crtbegin.o

.rel.dyn        0x0100a204        0x0
 .rel.iplt      0x0100a204        0x0 C:/Program Files (x86)/Arm GNU Toolchain arm-none-eabi/13.3 rel1/bin/../lib/gcc/arm-none-eabi/13.3.1/thumb/v8-m.main+fp/hard/crtbegin.o

.option_setting_ofs1_sec.endof
                0x0100a204        0x0
                0x0100a204                        __ddsc_OPTION_SETTING_OFS1_SEC_END = .

.option_setting_bps_sec.startof
                0x0100a240        0x0
                0x0100a240                        __ddsc_OPTION_SETTING_BPS_SEC_START = .

__option_setting_bps_sec_reg$$
                0x0100a240        0x0
                0x0100a240                        __option_setting_bps_sec_reg$$Base = .
 *(.option_setting_bps_sec)
                0x0100a240                        __option_setting_bps_sec_reg$$Limit = .

.option_setting_bps_sec.endof
                0x0100a240        0x0
                0x0100a240                        __ddsc_OPTION_SETTING_BPS_SEC_END = .

.option_setting_pbps_sec.startof
                0x0100a260        0x0
                0x0100a260                        __ddsc_OPTION_SETTING_PBPS_SEC_START = .

__option_setting_pbps_sec_reg$$
                0x0100a260        0x0
                0x0100a260                        __option_setting_pbps_sec_reg$$Base = .
 *(.option_setting_pbps_sec)
                0x0100a260                        __option_setting_pbps_sec_reg$$Limit = .

.option_setting_pbps_sec.endof
                0x0100a260        0x0
                0x0100a260                        __ddsc_OPTION_SETTING_PBPS_SEC_END = .
OUTPUT(3_SCI.elf elf32-littlearm)
LOAD linker stubs

.ARM.attributes
                0x00000000       0x36
 .ARM.attributes
                0x00000000       0x26 C:/Program Files (x86)/Arm GNU Toolchain arm-none-eabi/13.3 rel1/bin/../lib/gcc/arm-none-eabi/13.3.1/thumb/v8-m.main+fp/hard/crti.o
 .ARM.attributes
                0x00000026       0x38 C:/Program Files (x86)/Arm GNU Toolchain arm-none-eabi/13.3 rel1/bin/../lib/gcc/arm-none-eabi/13.3.1/thumb/v8-m.main+fp/hard/crtbegin.o
 .ARM.attributes
                0x0000005e       0x3a ./src/hal_entry.o
 .ARM.attributes
                0x00000098       0x3a ./src/hal_warmstart.o
 .ARM.attributes
                0x000000d2       0x3a ./src/uart.o
 .ARM.attributes
                0x0000010c       0x3a ./src/user.o
 .ARM.attributes
                0x00000146       0x3a ./ra_gen/common_data.o
 .ARM.attributes
                0x00000180       0x3a ./ra_gen/hal_data.o
 .ARM.attributes
                0x000001ba       0x3a ./ra_gen/main.o
 .ARM.attributes
                0x000001f4       0x3a ./ra_gen/pin_data.o
 .ARM.attributes
                0x0000022e       0x3a ./ra_gen/vector_data.o
 .ARM.attributes
                0x00000268       0x3a ./ra/fsp/src/r_sci_uart/r_sci_uart.o
 .ARM.attributes
                0x000002a2       0x3a ./ra/fsp/src/r_ioport/r_ioport.o
 .ARM.attributes
                0x000002dc       0x3a ./ra/fsp/src/bsp/mcu/ra6e2/bsp_linker.o
 .ARM.attributes
                0x00000316       0x3a ./ra/fsp/src/bsp/mcu/all/bsp_clocks.o
 .ARM.attributes
                0x00000350       0x3a ./ra/fsp/src/bsp/mcu/all/bsp_common.o
 .ARM.attributes
                0x0000038a       0x3a ./ra/fsp/src/bsp/mcu/all/bsp_delay.o
 .ARM.attributes
                0x000003c4       0x3a ./ra/fsp/src/bsp/mcu/all/bsp_group_irq.o
 .ARM.attributes
                0x000003fe       0x3a ./ra/fsp/src/bsp/mcu/all/bsp_io.o
 .ARM.attributes
                0x00000438       0x3a ./ra/fsp/src/bsp/mcu/all/bsp_irq.o
 .ARM.attributes
                0x00000472       0x3a ./ra/fsp/src/bsp/mcu/all/bsp_register_protection.o
 .ARM.attributes
                0x000004ac       0x3a ./ra/fsp/src/bsp/mcu/all/bsp_sbrk.o
 .ARM.attributes
                0x000004e6       0x3a ./ra/fsp/src/bsp/cmsis/Device/RENESAS/Source/startup.o
 .ARM.attributes
                0x00000520       0x3a ./ra/fsp/src/bsp/cmsis/Device/RENESAS/Source/system.o
 .ARM.attributes
                0x0000055a       0x38 C:/Program Files (x86)/Arm GNU Toolchain arm-none-eabi/13.3 rel1/bin/../lib/gcc/arm-none-eabi/13.3.1/thumb/v8-m.main+fp/hard\libg_nano.a(libc_a-findfp.o)
 .ARM.attributes
                0x00000592       0x38 C:/Program Files (x86)/Arm GNU Toolchain arm-none-eabi/13.3 rel1/bin/../lib/gcc/arm-none-eabi/13.3.1/thumb/v8-m.main+fp/hard\libg_nano.a(libc_a-fwalk.o)
 .ARM.attributes
                0x000005ca       0x38 C:/Program Files (x86)/Arm GNU Toolchain arm-none-eabi/13.3 rel1/bin/../lib/gcc/arm-none-eabi/13.3.1/thumb/v8-m.main+fp/hard\libg_nano.a(libc_a-puts.o)
 .ARM.attributes
                0x00000602       0x38 C:/Program Files (x86)/Arm GNU Toolchain arm-none-eabi/13.3 rel1/bin/../lib/gcc/arm-none-eabi/13.3.1/thumb/v8-m.main+fp/hard\libg_nano.a(libc_a-stdio.o)
 .ARM.attributes
                0x0000063a       0x38 C:/Program Files (x86)/Arm GNU Toolchain arm-none-eabi/13.3 rel1/bin/../lib/gcc/arm-none-eabi/13.3.1/thumb/v8-m.main+fp/hard\libg_nano.a(libc_a-wbuf.o)
 .ARM.attributes
                0x00000672       0x38 C:/Program Files (x86)/Arm GNU Toolchain arm-none-eabi/13.3 rel1/bin/../lib/gcc/arm-none-eabi/13.3.1/thumb/v8-m.main+fp/hard\libg_nano.a(libc_a-wsetup.o)
 .ARM.attributes
                0x000006aa       0x38 C:/Program Files (x86)/Arm GNU Toolchain arm-none-eabi/13.3 rel1/bin/../lib/gcc/arm-none-eabi/13.3.1/thumb/v8-m.main+fp/hard\libg_nano.a(libc_a-memset.o)
 .ARM.attributes
                0x000006e2       0x38 C:/Program Files (x86)/Arm GNU Toolchain arm-none-eabi/13.3 rel1/bin/../lib/gcc/arm-none-eabi/13.3.1/thumb/v8-m.main+fp/hard\libg_nano.a(libc_a-closer.o)
 .ARM.attributes
                0x0000071a       0x38 C:/Program Files (x86)/Arm GNU Toolchain arm-none-eabi/13.3 rel1/bin/../lib/gcc/arm-none-eabi/13.3.1/thumb/v8-m.main+fp/hard\libg_nano.a(libc_a-reent.o)
 .ARM.attributes
                0x00000752       0x38 C:/Program Files (x86)/Arm GNU Toolchain arm-none-eabi/13.3 rel1/bin/../lib/gcc/arm-none-eabi/13.3.1/thumb/v8-m.main+fp/hard\libg_nano.a(libc_a-impure.o)
 .ARM.attributes
                0x0000078a       0x38 C:/Program Files (x86)/Arm GNU Toolchain arm-none-eabi/13.3 rel1/bin/../lib/gcc/arm-none-eabi/13.3.1/thumb/v8-m.main+fp/hard\libg_nano.a(libc_a-lseekr.o)
 .ARM.attributes
                0x000007c2       0x38 C:/Program Files (x86)/Arm GNU Toolchain arm-none-eabi/13.3 rel1/bin/../lib/gcc/arm-none-eabi/13.3.1/thumb/v8-m.main+fp/hard\libg_nano.a(libc_a-readr.o)
 .ARM.attributes
                0x000007fa       0x38 C:/Program Files (x86)/Arm GNU Toolchain arm-none-eabi/13.3 rel1/bin/../lib/gcc/arm-none-eabi/13.3.1/thumb/v8-m.main+fp/hard\libg_nano.a(libc_a-writer.o)
 .ARM.attributes
                0x00000832       0x38 C:/Program Files (x86)/Arm GNU Toolchain arm-none-eabi/13.3 rel1/bin/../lib/gcc/arm-none-eabi/13.3.1/thumb/v8-m.main+fp/hard\libg_nano.a(libc_a-errno.o)
 .ARM.attributes
                0x0000086a       0x38 C:/Program Files (x86)/Arm GNU Toolchain arm-none-eabi/13.3 rel1/bin/../lib/gcc/arm-none-eabi/13.3.1/thumb/v8-m.main+fp/hard\libg_nano.a(libc_a-lock.o)
 .ARM.attributes
                0x000008a2       0x38 C:/Program Files (x86)/Arm GNU Toolchain arm-none-eabi/13.3 rel1/bin/../lib/gcc/arm-none-eabi/13.3.1/thumb/v8-m.main+fp/hard\libg_nano.a(libc_a-memcpy-stub.o)
 .ARM.attributes
                0x000008da       0x38 C:/Program Files (x86)/Arm GNU Toolchain arm-none-eabi/13.3 rel1/bin/../lib/gcc/arm-none-eabi/13.3.1/thumb/v8-m.main+fp/hard\libg_nano.a(libc_a-freer.o)
 .ARM.attributes
                0x00000912       0x38 C:/Program Files (x86)/Arm GNU Toolchain arm-none-eabi/13.3 rel1/bin/../lib/gcc/arm-none-eabi/13.3.1/thumb/v8-m.main+fp/hard\libg_nano.a(libc_a-mallocr.o)
 .ARM.attributes
                0x0000094a       0x38 C:/Program Files (x86)/Arm GNU Toolchain arm-none-eabi/13.3 rel1/bin/../lib/gcc/arm-none-eabi/13.3.1/thumb/v8-m.main+fp/hard\libg_nano.a(libc_a-mlock.o)
 .ARM.attributes
                0x00000982       0x38 C:/Program Files (x86)/Arm GNU Toolchain arm-none-eabi/13.3 rel1/bin/../lib/gcc/arm-none-eabi/13.3.1/thumb/v8-m.main+fp/hard\libg_nano.a(libc_a-fflush.o)
 .ARM.attributes
                0x000009ba       0x38 C:/Program Files (x86)/Arm GNU Toolchain arm-none-eabi/13.3 rel1/bin/../lib/gcc/arm-none-eabi/13.3.1/thumb/v8-m.main+fp/hard\libg_nano.a(libc_a-makebuf.o)
 .ARM.attributes
                0x000009f2       0x38 C:/Program Files (x86)/Arm GNU Toolchain arm-none-eabi/13.3 rel1/bin/../lib/gcc/arm-none-eabi/13.3.1/thumb/v8-m.main+fp/hard\libg_nano.a(libc_a-fstatr.o)
 .ARM.attributes
                0x00000a2a       0x38 C:/Program Files (x86)/Arm GNU Toolchain arm-none-eabi/13.3 rel1/bin/../lib/gcc/arm-none-eabi/13.3.1/thumb/v8-m.main+fp/hard\libg_nano.a(libc_a-isattyr.o)
 .ARM.attributes
                0x00000a62       0x38 C:/Program Files (x86)/Arm GNU Toolchain arm-none-eabi/13.3 rel1/bin/../lib/gcc/arm-none-eabi/13.3.1/thumb/v8-m.main+fp/hard\libg_nano.a(libc_a-sbrkr.o)
 .ARM.attributes
                0x00000a9a       0x38 C:/Program Files (x86)/Arm GNU Toolchain arm-none-eabi/13.3 rel1/bin/../lib/gcc/arm-none-eabi/13.3.1/thumb/v8-m.main+fp/hard/crtend.o

.comment        0x00000000       0x45
 .comment       0x00000000       0x45 ./src/hal_entry.o
                                 0x46 (size before relaxing)
 .comment       0x00000045       0x46 ./src/hal_warmstart.o
 .comment       0x00000045       0x46 ./src/uart.o
 .comment       0x00000045       0x46 ./src/user.o
 .comment       0x00000045       0x46 ./ra_gen/common_data.o
 .comment       0x00000045       0x46 ./ra_gen/hal_data.o
 .comment       0x00000045       0x46 ./ra_gen/main.o
 .comment       0x00000045       0x46 ./ra_gen/pin_data.o
 .comment       0x00000045       0x46 ./ra_gen/vector_data.o
 .comment       0x00000045       0x46 ./ra/fsp/src/r_sci_uart/r_sci_uart.o
 .comment       0x00000045       0x46 ./ra/fsp/src/r_ioport/r_ioport.o
 .comment       0x00000045       0x46 ./ra/fsp/src/bsp/mcu/ra6e2/bsp_linker.o
 .comment       0x00000045       0x46 ./ra/fsp/src/bsp/mcu/all/bsp_clocks.o
 .comment       0x00000045       0x46 ./ra/fsp/src/bsp/mcu/all/bsp_common.o
 .comment       0x00000045       0x46 ./ra/fsp/src/bsp/mcu/all/bsp_delay.o
 .comment       0x00000045       0x46 ./ra/fsp/src/bsp/mcu/all/bsp_group_irq.o
 .comment       0x00000045       0x46 ./ra/fsp/src/bsp/mcu/all/bsp_io.o
 .comment       0x00000045       0x46 ./ra/fsp/src/bsp/mcu/all/bsp_irq.o
 .comment       0x00000045       0x46 ./ra/fsp/src/bsp/mcu/all/bsp_register_protection.o
 .comment       0x00000045       0x46 ./ra/fsp/src/bsp/mcu/all/bsp_sbrk.o
 .comment       0x00000045       0x46 ./ra/fsp/src/bsp/cmsis/Device/RENESAS/Source/startup.o
 .comment       0x00000045       0x46 ./ra/fsp/src/bsp/cmsis/Device/RENESAS/Source/system.o

.debug_info     0x00000000    0x26759
 .debug_info    0x00000000       0xa6 ./src/hal_entry.o
 .debug_info    0x000000a6      0xfdd ./src/hal_warmstart.o
 .debug_info    0x00001083     0x3508 ./src/uart.o
 .debug_info    0x0000458b       0xc8 ./src/user.o
 .debug_info    0x00004653     0x1241 ./ra_gen/common_data.o
 .debug_info    0x00005894     0x36ac ./ra_gen/hal_data.o
 .debug_info    0x00008f40       0xaa ./ra_gen/main.o
 .debug_info    0x00008fea      0xa31 ./ra_gen/pin_data.o
 .debug_info    0x00009a1b      0x5d6 ./ra_gen/vector_data.o
 .debug_info    0x00009ff1     0xa165 ./ra/fsp/src/r_sci_uart/r_sci_uart.o
 .debug_info    0x00014156     0x4035 ./ra/fsp/src/r_ioport/r_ioport.o
 .debug_info    0x0001818b      0x3f2 ./ra/fsp/src/bsp/mcu/ra6e2/bsp_linker.o
 .debug_info    0x0001857d     0x5753 ./ra/fsp/src/bsp/mcu/all/bsp_clocks.o
 .debug_info    0x0001dcd0      0x954 ./ra/fsp/src/bsp/mcu/all/bsp_common.o
 .debug_info    0x0001e624      0x204 ./ra/fsp/src/bsp/mcu/all/bsp_delay.o
 .debug_info    0x0001e828     0x1348 ./ra/fsp/src/bsp/mcu/all/bsp_group_irq.o
 .debug_info    0x0001fb70       0xb2 ./ra/fsp/src/bsp/mcu/all/bsp_io.o
 .debug_info    0x0001fc22     0x1d33 ./ra/fsp/src/bsp/mcu/all/bsp_irq.o
 .debug_info    0x00021955     0x3912 ./ra/fsp/src/bsp/mcu/all/bsp_register_protection.o
 .debug_info    0x00025267      0x15b ./ra/fsp/src/bsp/mcu/all/bsp_sbrk.o
 .debug_info    0x000253c2      0x188 ./ra/fsp/src/bsp/cmsis/Device/RENESAS/Source/startup.o
 .debug_info    0x0002554a     0x120f ./ra/fsp/src/bsp/cmsis/Device/RENESAS/Source/system.o

.debug_abbrev   0x00000000     0x2a77
 .debug_abbrev  0x00000000       0x62 ./src/hal_entry.o
 .debug_abbrev  0x00000062      0x158 ./src/hal_warmstart.o
 .debug_abbrev  0x000001ba      0x320 ./src/uart.o
 .debug_abbrev  0x000004da       0x84 ./src/user.o
 .debug_abbrev  0x0000055e      0x13a ./ra_gen/common_data.o
 .debug_abbrev  0x00000698      0x29f ./ra_gen/hal_data.o
 .debug_abbrev  0x00000937       0x61 ./ra_gen/main.o
 .debug_abbrev  0x00000998       0xff ./ra_gen/pin_data.o
 .debug_abbrev  0x00000a97       0xbe ./ra_gen/vector_data.o
 .debug_abbrev  0x00000b55      0x622 ./ra/fsp/src/r_sci_uart/r_sci_uart.o
 .debug_abbrev  0x00001177      0x462 ./ra/fsp/src/r_ioport/r_ioport.o
 .debug_abbrev  0x000015d9       0xe3 ./ra/fsp/src/bsp/mcu/ra6e2/bsp_linker.o
 .debug_abbrev  0x000016bc      0x415 ./ra/fsp/src/bsp/mcu/all/bsp_clocks.o
 .debug_abbrev  0x00001ad1      0x188 ./ra/fsp/src/bsp/mcu/all/bsp_common.o
 .debug_abbrev  0x00001c59      0x10d ./ra/fsp/src/bsp/mcu/all/bsp_delay.o
 .debug_abbrev  0x00001d66      0x256 ./ra/fsp/src/bsp/mcu/all/bsp_group_irq.o
 .debug_abbrev  0x00001fbc       0x5e ./ra/fsp/src/bsp/mcu/all/bsp_io.o
 .debug_abbrev  0x0000201a      0x293 ./ra/fsp/src/bsp/mcu/all/bsp_irq.o
 .debug_abbrev  0x000022ad      0x27d ./ra/fsp/src/bsp/mcu/all/bsp_register_protection.o
 .debug_abbrev  0x0000252a       0xdc ./ra/fsp/src/bsp/mcu/all/bsp_sbrk.o
 .debug_abbrev  0x00002606       0xf9 ./ra/fsp/src/bsp/cmsis/Device/RENESAS/Source/startup.o
 .debug_abbrev  0x000026ff      0x378 ./ra/fsp/src/bsp/cmsis/Device/RENESAS/Source/system.o

.debug_aranges  0x00000000      0x460
 .debug_aranges
                0x00000000       0x20 ./src/hal_entry.o
 .debug_aranges
                0x00000020       0x20 ./src/hal_warmstart.o
 .debug_aranges
                0x00000040       0x60 ./src/uart.o
 .debug_aranges
                0x000000a0       0x20 ./src/user.o
 .debug_aranges
                0x000000c0       0x20 ./ra_gen/common_data.o
 .debug_aranges
                0x000000e0       0x20 ./ra_gen/hal_data.o
 .debug_aranges
                0x00000100       0x20 ./ra_gen/main.o
 .debug_aranges
                0x00000120       0x18 ./ra_gen/pin_data.o
 .debug_aranges
                0x00000138       0x18 ./ra_gen/vector_data.o
 .debug_aranges
                0x00000150       0xa0 ./ra/fsp/src/r_sci_uart/r_sci_uart.o
 .debug_aranges
                0x000001f0       0x90 ./ra/fsp/src/r_ioport/r_ioport.o
 .debug_aranges
                0x00000280       0x18 ./ra/fsp/src/bsp/mcu/ra6e2/bsp_linker.o
 .debug_aranges
                0x00000298       0x70 ./ra/fsp/src/bsp/mcu/all/bsp_clocks.o
 .debug_aranges
                0x00000308       0x30 ./ra/fsp/src/bsp/mcu/all/bsp_common.o
 .debug_aranges
                0x00000338       0x28 ./ra/fsp/src/bsp/mcu/all/bsp_delay.o
 .debug_aranges
                0x00000360       0x28 ./ra/fsp/src/bsp/mcu/all/bsp_group_irq.o
 .debug_aranges
                0x00000388       0x18 ./ra/fsp/src/bsp/mcu/all/bsp_io.o
 .debug_aranges
                0x000003a0       0x20 ./ra/fsp/src/bsp/mcu/all/bsp_irq.o
 .debug_aranges
                0x000003c0       0x28 ./ra/fsp/src/bsp/mcu/all/bsp_register_protection.o
 .debug_aranges
                0x000003e8       0x20 ./ra/fsp/src/bsp/mcu/all/bsp_sbrk.o
 .debug_aranges
                0x00000408       0x28 ./ra/fsp/src/bsp/cmsis/Device/RENESAS/Source/startup.o
 .debug_aranges
                0x00000430       0x30 ./ra/fsp/src/bsp/cmsis/Device/RENESAS/Source/system.o

.debug_rnglists
                0x00000000      0x62c
 .debug_rnglists
                0x00000000       0x13 ./src/hal_entry.o
 .debug_rnglists
                0x00000013       0x13 ./src/hal_warmstart.o
 .debug_rnglists
                0x00000026       0x43 ./src/uart.o
 .debug_rnglists
                0x00000069       0x13 ./src/user.o
 .debug_rnglists
                0x0000007c       0x13 ./ra_gen/common_data.o
 .debug_rnglists
                0x0000008f       0x13 ./ra_gen/hal_data.o
 .debug_rnglists
                0x000000a2       0x13 ./ra_gen/main.o
 .debug_rnglists
                0x000000b5      0x278 ./ra/fsp/src/r_sci_uart/r_sci_uart.o
 .debug_rnglists
                0x0000032d       0xbb ./ra/fsp/src/r_ioport/r_ioport.o
 .debug_rnglists
                0x000003e8       0xc4 ./ra/fsp/src/bsp/mcu/all/bsp_clocks.o
 .debug_rnglists
                0x000004ac       0x1f ./ra/fsp/src/bsp/mcu/all/bsp_common.o
 .debug_rnglists
                0x000004cb       0x35 ./ra/fsp/src/bsp/mcu/all/bsp_delay.o
 .debug_rnglists
                0x00000500       0x37 ./ra/fsp/src/bsp/mcu/all/bsp_group_irq.o
 .debug_rnglists
                0x00000537       0x5d ./ra/fsp/src/bsp/mcu/all/bsp_irq.o
 .debug_rnglists
                0x00000594       0x31 ./ra/fsp/src/bsp/mcu/all/bsp_register_protection.o
 .debug_rnglists
                0x000005c5       0x13 ./ra/fsp/src/bsp/mcu/all/bsp_sbrk.o
 .debug_rnglists
                0x000005d8       0x19 ./ra/fsp/src/bsp/cmsis/Device/RENESAS/Source/startup.o
 .debug_rnglists
                0x000005f1       0x3b ./ra/fsp/src/bsp/cmsis/Device/RENESAS/Source/system.o

.debug_line     0x00000000     0x59f3
 .debug_line    0x00000000       0x4f ./src/hal_entry.o
 .debug_line    0x0000004f      0x2b1 ./src/hal_warmstart.o
 .debug_line    0x00000300      0x4e2 ./src/uart.o
 .debug_line    0x000007e2       0x6d ./src/user.o
 .debug_line    0x0000084f      0x25f ./ra_gen/common_data.o
 .debug_line    0x00000aae      0x2ae ./ra_gen/hal_data.o
 .debug_line    0x00000d5c       0x5e ./ra_gen/main.o
 .debug_line    0x00000dba      0x1e0 ./ra_gen/pin_data.o
 .debug_line    0x00000f9a      0x10e ./ra_gen/vector_data.o
 .debug_line    0x000010a8     0x18a0 ./ra/fsp/src/r_sci_uart/r_sci_uart.o
 .debug_line    0x00002948      0xa65 ./ra/fsp/src/r_ioport/r_ioport.o
 .debug_line    0x000033ad      0x13b ./ra/fsp/src/bsp/mcu/ra6e2/bsp_linker.o
 .debug_line    0x000034e8      0x8b9 ./ra/fsp/src/bsp/mcu/all/bsp_clocks.o
 .debug_line    0x00003da1      0x274 ./ra/fsp/src/bsp/mcu/all/bsp_common.o
 .debug_line    0x00004015      0x2b7 ./ra/fsp/src/bsp/mcu/all/bsp_delay.o
 .debug_line    0x000042cc      0x2d8 ./ra/fsp/src/bsp/mcu/all/bsp_group_irq.o
 .debug_line    0x000045a4      0x164 ./ra/fsp/src/bsp/mcu/all/bsp_io.o
 .debug_line    0x00004708      0x588 ./ra/fsp/src/bsp/mcu/all/bsp_irq.o
 .debug_line    0x00004c90      0x390 ./ra/fsp/src/bsp/mcu/all/bsp_register_protection.o
 .debug_line    0x00005020      0x1b2 ./ra/fsp/src/bsp/mcu/all/bsp_sbrk.o
 .debug_line    0x000051d2      0x1d0 ./ra/fsp/src/bsp/cmsis/Device/RENESAS/Source/startup.o
 .debug_line    0x000053a2      0x651 ./ra/fsp/src/bsp/cmsis/Device/RENESAS/Source/system.o

.debug_str      0x00000000     0xb0c7
 .debug_str     0x00000000     0xb0c7 ./src/hal_entry.o
                                0x1d4 (size before relaxing)
 .debug_str     0x0000b0c7     0x31c3 ./src/hal_warmstart.o
 .debug_str     0x0000b0c7     0x4247 ./src/uart.o
 .debug_str     0x0000b0c7      0x1e4 ./src/user.o
 .debug_str     0x0000b0c7     0x338e ./ra_gen/common_data.o
 .debug_str     0x0000b0c7     0x480e ./ra_gen/hal_data.o
 .debug_str     0x0000b0c7      0x1cf ./ra_gen/main.o
 .debug_str     0x0000b0c7     0x1da5 ./ra_gen/pin_data.o
 .debug_str     0x0000b0c7     0x13e4 ./ra_gen/vector_data.o
 .debug_str     0x0000b0c7     0x6e30 ./ra/fsp/src/r_sci_uart/r_sci_uart.o
 .debug_str     0x0000b0c7     0x44fe ./ra/fsp/src/r_ioport/r_ioport.o
 .debug_str     0x0000b0c7      0x60a ./ra/fsp/src/bsp/mcu/ra6e2/bsp_linker.o
 .debug_str     0x0000b0c7     0x26f3 ./ra/fsp/src/bsp/mcu/all/bsp_clocks.o
 .debug_str     0x0000b0c7     0x1c83 ./ra/fsp/src/bsp/mcu/all/bsp_common.o
 .debug_str     0x0000b0c7      0x31f ./ra/fsp/src/bsp/mcu/all/bsp_delay.o
 .debug_str     0x0000b0c7     0x21ea ./ra/fsp/src/bsp/mcu/all/bsp_group_irq.o
 .debug_str     0x0000b0c7      0x1fe ./ra/fsp/src/bsp/mcu/all/bsp_io.o
 .debug_str     0x0000b0c7     0x1e05 ./ra/fsp/src/bsp/mcu/all/bsp_irq.o
 .debug_str     0x0000b0c7     0x1b77 ./ra/fsp/src/bsp/mcu/all/bsp_register_protection.o
 .debug_str     0x0000b0c7      0x24d ./ra/fsp/src/bsp/mcu/all/bsp_sbrk.o
 .debug_str     0x0000b0c7      0x26d ./ra/fsp/src/bsp/cmsis/Device/RENESAS/Source/startup.o
 .debug_str     0x0000b0c7      0xacf ./ra/fsp/src/bsp/cmsis/Device/RENESAS/Source/system.o

.debug_frame    0x00000000      0xe7c
 .debug_frame   0x00000000       0x20 ./src/hal_entry.o
 .debug_frame   0x00000020       0x20 ./src/hal_warmstart.o
 .debug_frame   0x00000040       0xc0 ./src/uart.o
 .debug_frame   0x00000100       0x28 ./src/user.o
 .debug_frame   0x00000128       0x20 ./ra_gen/common_data.o
 .debug_frame   0x00000148       0x20 ./ra_gen/hal_data.o
 .debug_frame   0x00000168       0x28 ./ra_gen/main.o
 .debug_frame   0x00000190      0x1d8 ./ra/fsp/src/r_sci_uart/r_sci_uart.o
 .debug_frame   0x00000368      0x178 ./ra/fsp/src/r_ioport/r_ioport.o
 .debug_frame   0x000004e0       0xfc ./ra/fsp/src/bsp/mcu/all/bsp_clocks.o
 .debug_frame   0x000005dc       0x40 ./ra/fsp/src/bsp/mcu/all/bsp_common.o
 .debug_frame   0x0000061c       0x4c ./ra/fsp/src/bsp/mcu/all/bsp_delay.o
 .debug_frame   0x00000668       0x3c ./ra/fsp/src/bsp/mcu/all/bsp_group_irq.o
 .debug_frame   0x000006a4       0x34 ./ra/fsp/src/bsp/mcu/all/bsp_irq.o
 .debug_frame   0x000006d8       0x48 ./ra/fsp/src/bsp/mcu/all/bsp_register_protection.o
 .debug_frame   0x00000720       0x28 ./ra/fsp/src/bsp/mcu/all/bsp_sbrk.o
 .debug_frame   0x00000748       0x38 ./ra/fsp/src/bsp/cmsis/Device/RENESAS/Source/startup.o
 .debug_frame   0x00000780       0x64 ./ra/fsp/src/bsp/cmsis/Device/RENESAS/Source/system.o
 .debug_frame   0x000007e4      0x144 C:/Program Files (x86)/Arm GNU Toolchain arm-none-eabi/13.3 rel1/bin/../lib/gcc/arm-none-eabi/13.3.1/thumb/v8-m.main+fp/hard\libg_nano.a(libc_a-findfp.o)
 .debug_frame   0x00000928       0x34 C:/Program Files (x86)/Arm GNU Toolchain arm-none-eabi/13.3 rel1/bin/../lib/gcc/arm-none-eabi/13.3.1/thumb/v8-m.main+fp/hard\libg_nano.a(libc_a-fwalk.o)
 .debug_frame   0x0000095c       0x3c C:/Program Files (x86)/Arm GNU Toolchain arm-none-eabi/13.3 rel1/bin/../lib/gcc/arm-none-eabi/13.3.1/thumb/v8-m.main+fp/hard\libg_nano.a(libc_a-puts.o)
 .debug_frame   0x00000998       0x88 C:/Program Files (x86)/Arm GNU Toolchain arm-none-eabi/13.3 rel1/bin/../lib/gcc/arm-none-eabi/13.3.1/thumb/v8-m.main+fp/hard\libg_nano.a(libc_a-stdio.o)
 .debug_frame   0x00000a20       0x40 C:/Program Files (x86)/Arm GNU Toolchain arm-none-eabi/13.3 rel1/bin/../lib/gcc/arm-none-eabi/13.3.1/thumb/v8-m.main+fp/hard\libg_nano.a(libc_a-wbuf.o)
 .debug_frame   0x00000a60       0x2c C:/Program Files (x86)/Arm GNU Toolchain arm-none-eabi/13.3 rel1/bin/../lib/gcc/arm-none-eabi/13.3.1/thumb/v8-m.main+fp/hard\libg_nano.a(libc_a-wsetup.o)
 .debug_frame   0x00000a8c       0x20 C:/Program Files (x86)/Arm GNU Toolchain arm-none-eabi/13.3 rel1/bin/../lib/gcc/arm-none-eabi/13.3.1/thumb/v8-m.main+fp/hard\libg_nano.a(libc_a-memset.o)
 .debug_frame   0x00000aac       0x2c C:/Program Files (x86)/Arm GNU Toolchain arm-none-eabi/13.3 rel1/bin/../lib/gcc/arm-none-eabi/13.3.1/thumb/v8-m.main+fp/hard\libg_nano.a(libc_a-closer.o)
 .debug_frame   0x00000ad8       0x38 C:/Program Files (x86)/Arm GNU Toolchain arm-none-eabi/13.3 rel1/bin/../lib/gcc/arm-none-eabi/13.3.1/thumb/v8-m.main+fp/hard\libg_nano.a(libc_a-reent.o)
 .debug_frame   0x00000b10       0x2c C:/Program Files (x86)/Arm GNU Toolchain arm-none-eabi/13.3 rel1/bin/../lib/gcc/arm-none-eabi/13.3.1/thumb/v8-m.main+fp/hard\libg_nano.a(libc_a-lseekr.o)
 .debug_frame   0x00000b3c       0x2c C:/Program Files (x86)/Arm GNU Toolchain arm-none-eabi/13.3 rel1/bin/../lib/gcc/arm-none-eabi/13.3.1/thumb/v8-m.main+fp/hard\libg_nano.a(libc_a-readr.o)
 .debug_frame   0x00000b68       0x2c C:/Program Files (x86)/Arm GNU Toolchain arm-none-eabi/13.3 rel1/bin/../lib/gcc/arm-none-eabi/13.3.1/thumb/v8-m.main+fp/hard\libg_nano.a(libc_a-writer.o)
 .debug_frame   0x00000b94       0x20 C:/Program Files (x86)/Arm GNU Toolchain arm-none-eabi/13.3 rel1/bin/../lib/gcc/arm-none-eabi/13.3.1/thumb/v8-m.main+fp/hard\libg_nano.a(libc_a-errno.o)
 .debug_frame   0x00000bb4       0xb0 C:/Program Files (x86)/Arm GNU Toolchain arm-none-eabi/13.3 rel1/bin/../lib/gcc/arm-none-eabi/13.3.1/thumb/v8-m.main+fp/hard\libg_nano.a(libc_a-lock.o)
 .debug_frame   0x00000c64       0x28 C:/Program Files (x86)/Arm GNU Toolchain arm-none-eabi/13.3 rel1/bin/../lib/gcc/arm-none-eabi/13.3.1/thumb/v8-m.main+fp/hard\libg_nano.a(libc_a-memcpy-stub.o)
 .debug_frame   0x00000c8c       0x38 C:/Program Files (x86)/Arm GNU Toolchain arm-none-eabi/13.3 rel1/bin/../lib/gcc/arm-none-eabi/13.3.1/thumb/v8-m.main+fp/hard\libg_nano.a(libc_a-freer.o)
 .debug_frame   0x00000cc4       0x50 C:/Program Files (x86)/Arm GNU Toolchain arm-none-eabi/13.3 rel1/bin/../lib/gcc/arm-none-eabi/13.3.1/thumb/v8-m.main+fp/hard\libg_nano.a(libc_a-mallocr.o)
 .debug_frame   0x00000d14       0x30 C:/Program Files (x86)/Arm GNU Toolchain arm-none-eabi/13.3 rel1/bin/../lib/gcc/arm-none-eabi/13.3.1/thumb/v8-m.main+fp/hard\libg_nano.a(libc_a-mlock.o)
 .debug_frame   0x00000d44       0x5c C:/Program Files (x86)/Arm GNU Toolchain arm-none-eabi/13.3 rel1/bin/../lib/gcc/arm-none-eabi/13.3.1/thumb/v8-m.main+fp/hard\libg_nano.a(libc_a-fflush.o)
 .debug_frame   0x00000da0       0x58 C:/Program Files (x86)/Arm GNU Toolchain arm-none-eabi/13.3 rel1/bin/../lib/gcc/arm-none-eabi/13.3.1/thumb/v8-m.main+fp/hard\libg_nano.a(libc_a-makebuf.o)
 .debug_frame   0x00000df8       0x2c C:/Program Files (x86)/Arm GNU Toolchain arm-none-eabi/13.3 rel1/bin/../lib/gcc/arm-none-eabi/13.3.1/thumb/v8-m.main+fp/hard\libg_nano.a(libc_a-fstatr.o)
 .debug_frame   0x00000e24       0x2c C:/Program Files (x86)/Arm GNU Toolchain arm-none-eabi/13.3 rel1/bin/../lib/gcc/arm-none-eabi/13.3.1/thumb/v8-m.main+fp/hard\libg_nano.a(libc_a-isattyr.o)
 .debug_frame   0x00000e50       0x2c C:/Program Files (x86)/Arm GNU Toolchain arm-none-eabi/13.3 rel1/bin/../lib/gcc/arm-none-eabi/13.3.1/thumb/v8-m.main+fp/hard\libg_nano.a(libc_a-sbrkr.o)

.debug_loclists
                0x00000000     0x1e72
 .debug_loclists
                0x00000000       0x29 ./src/hal_warmstart.o
 .debug_loclists
                0x00000029      0x159 ./src/uart.o
 .debug_loclists
                0x00000182      0xe28 ./ra/fsp/src/r_sci_uart/r_sci_uart.o
 .debug_loclists
                0x00000faa      0x7a2 ./ra/fsp/src/r_ioport/r_ioport.o
 .debug_loclists
                0x0000174c      0x24c ./ra/fsp/src/bsp/mcu/all/bsp_clocks.o
 .debug_loclists
                0x00001998       0x20 ./ra/fsp/src/bsp/mcu/all/bsp_common.o
 .debug_loclists
                0x000019b8      0x199 ./ra/fsp/src/bsp/mcu/all/bsp_delay.o
 .debug_loclists
                0x00001b51       0x73 ./ra/fsp/src/bsp/mcu/all/bsp_group_irq.o
 .debug_loclists
                0x00001bc4      0x119 ./ra/fsp/src/bsp/mcu/all/bsp_irq.o
 .debug_loclists
                0x00001cdd       0xa7 ./ra/fsp/src/bsp/mcu/all/bsp_register_protection.o
 .debug_loclists
                0x00001d84       0x51 ./ra/fsp/src/bsp/mcu/all/bsp_sbrk.o
 .debug_loclists
                0x00001dd5       0x9d ./ra/fsp/src/bsp/cmsis/Device/RENESAS/Source/system.o
